-- Configuring done (0.1s)
-- Generating done (0.8s)
-- Build files have been written to: /storage/home/timofeirusanov/accessor_universal_test/build-h200
[100%] Built target memory_accessor_test
[100%] Built target storage_formats_test
[100%] Built target decoder_strategy_core_test
[100%] Built target accuracy_statistics_test
[100%] Built target precision_packing_bench_fp16
[100%] Built target precision_packing_bench_bf16
[100%] Built target precision_packing_bench_fp32
[100%] Built target precision_packing_bench_fp8_e4m3
[100%] Built target precision_packing_bench_fp8_e5m2
[100%] Built target precision_packing_bench_fp4_e2m1
[100%] Built target precision_packing_bench_fp64
Internal ctest changing into directory: /storage/home/timofeirusanov/accessor_universal_test/build-h200
Test project /storage/home/timofeirusanov/accessor_universal_test/build-h200
    Start 1: memory_accessor_test
1/4 Test #1: memory_accessor_test .............   Passed    0.00 sec
    Start 2: storage_formats_test
2/4 Test #2: storage_formats_test .............   Passed    0.01 sec
    Start 3: decoder_strategy_core_test
3/4 Test #3: decoder_strategy_core_test .......   Passed    0.00 sec
    Start 4: accuracy_statistics_test
4/4 Test #4: accuracy_statistics_test .........   Passed    0.00 sec

100% tests passed, 0 tests failed out of 4

Total Test time (real) =   0.02 sec
Precision packing benchmark
GPU: NVIDIA H200 NVL (sm_90)
Storage: fp16_e5m10
uniform_0_1 DOT fp16_e5m10 N=2^12 complete
uniform_0_1 GEMV fp16_e5m10 M=32 N=2^8 complete
normal_0_1 DOT fp16_e5m10 N=2^12 complete
normal_0_1 GEMV fp16_e5m10 M=32 N=2^8 complete
Wrote /storage/home/timofeirusanov/accessor_universal_test/results/018_precision_packing_bottlenecks/run_20260810T181143Z/validation/validation_fp16.csv
Precision packing benchmark
GPU: NVIDIA H200 NVL (sm_90)
Storage: bf16_e8m7
uniform_0_1 DOT bf16_e8m7 N=2^12 complete
uniform_0_1 GEMV bf16_e8m7 M=32 N=2^8 complete
normal_0_1 DOT bf16_e8m7 N=2^12 complete
normal_0_1 GEMV bf16_e8m7 M=32 N=2^8 complete
Wrote /storage/home/timofeirusanov/accessor_universal_test/results/018_precision_packing_bottlenecks/run_20260810T181143Z/validation/validation_bf16.csv
Precision packing benchmark
GPU: NVIDIA H200 NVL (sm_90)
Storage: fp32_e8m23
uniform_0_1 DOT fp32_e8m23 N=2^12 complete
uniform_0_1 GEMV fp32_e8m23 M=32 N=2^8 complete
normal_0_1 DOT fp32_e8m23 N=2^12 complete
normal_0_1 GEMV fp32_e8m23 M=32 N=2^8 complete
Wrote /storage/home/timofeirusanov/accessor_universal_test/results/018_precision_packing_bottlenecks/run_20260810T181143Z/validation/validation_fp32.csv
Precision packing benchmark
GPU: NVIDIA H200 NVL (sm_90)
Storage: fp8_e4m3
uniform_0_1 DOT fp8_e4m3 N=2^12 complete
uniform_0_1 GEMV fp8_e4m3 M=32 N=2^8 complete
normal_0_1 DOT fp8_e4m3 N=2^12 complete
normal_0_1 GEMV fp8_e4m3 M=32 N=2^8 complete
Wrote /storage/home/timofeirusanov/accessor_universal_test/results/018_precision_packing_bottlenecks/run_20260810T181143Z/validation/validation_fp8_e4m3.csv
Precision packing benchmark
GPU: NVIDIA H200 NVL (sm_90)
Storage: fp8_e5m2
uniform_0_1 DOT fp8_e5m2 N=2^12 complete
uniform_0_1 GEMV fp8_e5m2 M=32 N=2^8 complete
normal_0_1 DOT fp8_e5m2 N=2^12 complete
normal_0_1 GEMV fp8_e5m2 M=32 N=2^8 complete
Wrote /storage/home/timofeirusanov/accessor_universal_test/results/018_precision_packing_bottlenecks/run_20260810T181143Z/validation/validation_fp8_e5m2.csv
Precision packing benchmark
GPU: NVIDIA H200 NVL (sm_90)
Storage: fp4_e2m1
uniform_0_1 DOT fp4_e2m1 N=2^12 complete
uniform_0_1 GEMV fp4_e2m1 M=32 N=2^8 complete
normal_0_1 DOT fp4_e2m1 N=2^12 complete
normal_0_1 GEMV fp4_e2m1 M=32 N=2^8 complete
Wrote /storage/home/timofeirusanov/accessor_universal_test/results/018_precision_packing_bottlenecks/run_20260810T181143Z/validation/validation_fp4_e2m1.csv
Precision packing benchmark
GPU: NVIDIA H200 NVL (sm_90)
Storage: fp64_e11m52
uniform_0_1 DOT fp64_e11m52 N=2^12 complete
uniform_0_1 GEMV fp64_e11m52 M=32 N=2^8 complete
normal_0_1 DOT fp64_e11m52 N=2^12 complete
normal_0_1 GEMV fp64_e11m52 M=32 N=2^8 complete
Wrote /storage/home/timofeirusanov/accessor_universal_test/results/018_precision_packing_bottlenecks/run_20260810T181143Z/validation/validation_fp64.csv
Precision packing benchmark
GPU: NVIDIA H200 NVL (sm_90)
Storage: fp16_e5m10
uniform_0_1 DOT fp16_e5m10 N=2^12 complete
uniform_0_1 DOT fp16_e5m10 N=2^16 complete
uniform_0_1 DOT fp16_e5m10 N=2^20 complete
uniform_0_1 DOT fp16_e5m10 N=2^24 complete
uniform_0_1 DOT fp16_e5m10 N=2^27 complete
uniform_0_1 GEMV fp16_e5m10 M=1024 N=2^8 complete
uniform_0_1 GEMV fp16_e5m10 M=1024 N=2^10 complete
uniform_0_1 GEMV fp16_e5m10 M=1024 N=2^12 complete
uniform_0_1 GEMV fp16_e5m10 M=1024 N=2^14 complete
uniform_0_1 GEMV fp16_e5m10 M=1024 N=2^16 complete
normal_0_1 DOT fp16_e5m10 N=2^12 complete
normal_0_1 DOT fp16_e5m10 N=2^16 complete
normal_0_1 DOT fp16_e5m10 N=2^20 complete
normal_0_1 DOT fp16_e5m10 N=2^24 complete
normal_0_1 DOT fp16_e5m10 N=2^27 complete
normal_0_1 GEMV fp16_e5m10 M=1024 N=2^8 complete
normal_0_1 GEMV fp16_e5m10 M=1024 N=2^10 complete
normal_0_1 GEMV fp16_e5m10 M=1024 N=2^12 complete
normal_0_1 GEMV fp16_e5m10 M=1024 N=2^14 complete
normal_0_1 GEMV fp16_e5m10 M=1024 N=2^16 complete
Wrote /storage/home/timofeirusanov/accessor_universal_test/results/018_precision_packing_bottlenecks/run_20260810T181143Z/timing_fp16.csv
Precision packing benchmark
GPU: NVIDIA H200 NVL (sm_90)
Storage: bf16_e8m7
uniform_0_1 DOT bf16_e8m7 N=2^12 complete
uniform_0_1 DOT bf16_e8m7 N=2^16 complete
uniform_0_1 DOT bf16_e8m7 N=2^20 complete
uniform_0_1 DOT bf16_e8m7 N=2^24 complete
uniform_0_1 DOT bf16_e8m7 N=2^27 complete
uniform_0_1 GEMV bf16_e8m7 M=1024 N=2^8 complete
uniform_0_1 GEMV bf16_e8m7 M=1024 N=2^10 complete
uniform_0_1 GEMV bf16_e8m7 M=1024 N=2^12 complete
uniform_0_1 GEMV bf16_e8m7 M=1024 N=2^14 complete
uniform_0_1 GEMV bf16_e8m7 M=1024 N=2^16 complete
normal_0_1 DOT bf16_e8m7 N=2^12 complete
normal_0_1 DOT bf16_e8m7 N=2^16 complete
normal_0_1 DOT bf16_e8m7 N=2^20 complete
normal_0_1 DOT bf16_e8m7 N=2^24 complete
normal_0_1 DOT bf16_e8m7 N=2^27 complete
normal_0_1 GEMV bf16_e8m7 M=1024 N=2^8 complete
normal_0_1 GEMV bf16_e8m7 M=1024 N=2^10 complete
normal_0_1 GEMV bf16_e8m7 M=1024 N=2^12 complete
normal_0_1 GEMV bf16_e8m7 M=1024 N=2^14 complete
normal_0_1 GEMV bf16_e8m7 M=1024 N=2^16 complete
Wrote /storage/home/timofeirusanov/accessor_universal_test/results/018_precision_packing_bottlenecks/run_20260810T181143Z/timing_bf16.csv
Precision packing benchmark
GPU: NVIDIA H200 NVL (sm_90)
Storage: fp32_e8m23
uniform_0_1 DOT fp32_e8m23 N=2^12 complete
uniform_0_1 DOT fp32_e8m23 N=2^16 complete
uniform_0_1 DOT fp32_e8m23 N=2^20 complete
uniform_0_1 DOT fp32_e8m23 N=2^24 complete
uniform_0_1 DOT fp32_e8m23 N=2^27 complete
uniform_0_1 GEMV fp32_e8m23 M=1024 N=2^8 complete
uniform_0_1 GEMV fp32_e8m23 M=1024 N=2^10 complete
uniform_0_1 GEMV fp32_e8m23 M=1024 N=2^12 complete
uniform_0_1 GEMV fp32_e8m23 M=1024 N=2^14 complete
uniform_0_1 GEMV fp32_e8m23 M=1024 N=2^16 complete
normal_0_1 DOT fp32_e8m23 N=2^12 complete
normal_0_1 DOT fp32_e8m23 N=2^16 complete
normal_0_1 DOT fp32_e8m23 N=2^20 complete
normal_0_1 DOT fp32_e8m23 N=2^24 complete
normal_0_1 DOT fp32_e8m23 N=2^27 complete
normal_0_1 GEMV fp32_e8m23 M=1024 N=2^8 complete
normal_0_1 GEMV fp32_e8m23 M=1024 N=2^10 complete
normal_0_1 GEMV fp32_e8m23 M=1024 N=2^12 complete
normal_0_1 GEMV fp32_e8m23 M=1024 N=2^14 complete
normal_0_1 GEMV fp32_e8m23 M=1024 N=2^16 complete
Wrote /storage/home/timofeirusanov/accessor_universal_test/results/018_precision_packing_bottlenecks/run_20260810T181143Z/timing_fp32.csv
Precision packing benchmark
GPU: NVIDIA H200 NVL (sm_90)
Storage: fp8_e4m3
uniform_0_1 DOT fp8_e4m3 N=2^12 complete
uniform_0_1 DOT fp8_e4m3 N=2^16 complete
uniform_0_1 DOT fp8_e4m3 N=2^20 complete
uniform_0_1 DOT fp8_e4m3 N=2^24 complete
uniform_0_1 DOT fp8_e4m3 N=2^27 complete
uniform_0_1 GEMV fp8_e4m3 M=1024 N=2^8 complete
uniform_0_1 GEMV fp8_e4m3 M=1024 N=2^10 complete
uniform_0_1 GEMV fp8_e4m3 M=1024 N=2^12 complete
uniform_0_1 GEMV fp8_e4m3 M=1024 N=2^14 complete
uniform_0_1 GEMV fp8_e4m3 M=1024 N=2^16 complete
normal_0_1 DOT fp8_e4m3 N=2^12 complete
normal_0_1 DOT fp8_e4m3 N=2^16 complete
normal_0_1 DOT fp8_e4m3 N=2^20 complete
normal_0_1 DOT fp8_e4m3 N=2^24 complete
normal_0_1 DOT fp8_e4m3 N=2^27 complete
normal_0_1 GEMV fp8_e4m3 M=1024 N=2^8 complete
normal_0_1 GEMV fp8_e4m3 M=1024 N=2^10 complete
normal_0_1 GEMV fp8_e4m3 M=1024 N=2^12 complete
normal_0_1 GEMV fp8_e4m3 M=1024 N=2^14 complete
normal_0_1 GEMV fp8_e4m3 M=1024 N=2^16 complete
Wrote /storage/home/timofeirusanov/accessor_universal_test/results/018_precision_packing_bottlenecks/run_20260810T181143Z/timing_fp8_e4m3.csv
Precision packing benchmark
GPU: NVIDIA H200 NVL (sm_90)
Storage: fp8_e5m2
uniform_0_1 DOT fp8_e5m2 N=2^12 complete
uniform_0_1 DOT fp8_e5m2 N=2^16 complete
uniform_0_1 DOT fp8_e5m2 N=2^20 complete
uniform_0_1 DOT fp8_e5m2 N=2^24 complete
uniform_0_1 DOT fp8_e5m2 N=2^27 complete
uniform_0_1 GEMV fp8_e5m2 M=1024 N=2^8 complete
uniform_0_1 GEMV fp8_e5m2 M=1024 N=2^10 complete
uniform_0_1 GEMV fp8_e5m2 M=1024 N=2^12 complete
uniform_0_1 GEMV fp8_e5m2 M=1024 N=2^14 complete
uniform_0_1 GEMV fp8_e5m2 M=1024 N=2^16 complete
normal_0_1 DOT fp8_e5m2 N=2^12 complete
normal_0_1 DOT fp8_e5m2 N=2^16 complete
normal_0_1 DOT fp8_e5m2 N=2^20 complete
normal_0_1 DOT fp8_e5m2 N=2^24 complete
normal_0_1 DOT fp8_e5m2 N=2^27 complete
normal_0_1 GEMV fp8_e5m2 M=1024 N=2^8 complete
normal_0_1 GEMV fp8_e5m2 M=1024 N=2^10 complete
normal_0_1 GEMV fp8_e5m2 M=1024 N=2^12 complete
normal_0_1 GEMV fp8_e5m2 M=1024 N=2^14 complete
normal_0_1 GEMV fp8_e5m2 M=1024 N=2^16 complete
Wrote /storage/home/timofeirusanov/accessor_universal_test/results/018_precision_packing_bottlenecks/run_20260810T181143Z/timing_fp8_e5m2.csv
Precision packing benchmark
GPU: NVIDIA H200 NVL (sm_90)
Storage: fp4_e2m1
uniform_0_1 DOT fp4_e2m1 N=2^12 complete
uniform_0_1 DOT fp4_e2m1 N=2^16 complete
uniform_0_1 DOT fp4_e2m1 N=2^20 complete
uniform_0_1 DOT fp4_e2m1 N=2^24 complete
uniform_0_1 DOT fp4_e2m1 N=2^27 complete
uniform_0_1 GEMV fp4_e2m1 M=1024 N=2^8 complete
uniform_0_1 GEMV fp4_e2m1 M=1024 N=2^10 complete
uniform_0_1 GEMV fp4_e2m1 M=1024 N=2^12 complete
uniform_0_1 GEMV fp4_e2m1 M=1024 N=2^14 complete
uniform_0_1 GEMV fp4_e2m1 M=1024 N=2^16 complete
normal_0_1 DOT fp4_e2m1 N=2^12 complete
normal_0_1 DOT fp4_e2m1 N=2^16 complete
normal_0_1 DOT fp4_e2m1 N=2^20 complete
normal_0_1 DOT fp4_e2m1 N=2^24 complete
normal_0_1 DOT fp4_e2m1 N=2^27 complete
normal_0_1 GEMV fp4_e2m1 M=1024 N=2^8 complete
normal_0_1 GEMV fp4_e2m1 M=1024 N=2^10 complete
normal_0_1 GEMV fp4_e2m1 M=1024 N=2^12 complete
normal_0_1 GEMV fp4_e2m1 M=1024 N=2^14 complete
normal_0_1 GEMV fp4_e2m1 M=1024 N=2^16 complete
Wrote /storage/home/timofeirusanov/accessor_universal_test/results/018_precision_packing_bottlenecks/run_20260810T181143Z/timing_fp4_e2m1.csv
Precision packing benchmark
GPU: NVIDIA H200 NVL (sm_90)
Storage: fp64_e11m52
uniform_0_1 DOT fp64_e11m52 N=2^12 complete
uniform_0_1 DOT fp64_e11m52 N=2^16 complete
uniform_0_1 DOT fp64_e11m52 N=2^20 complete
uniform_0_1 DOT fp64_e11m52 N=2^24 complete
uniform_0_1 DOT fp64_e11m52 N=2^27 complete
uniform_0_1 GEMV fp64_e11m52 M=1024 N=2^8 complete
uniform_0_1 GEMV fp64_e11m52 M=1024 N=2^10 complete
uniform_0_1 GEMV fp64_e11m52 M=1024 N=2^12 complete
uniform_0_1 GEMV fp64_e11m52 M=1024 N=2^14 complete
uniform_0_1 GEMV fp64_e11m52 M=1024 N=2^16 complete
normal_0_1 DOT fp64_e11m52 N=2^12 complete
normal_0_1 DOT fp64_e11m52 N=2^16 complete
normal_0_1 DOT fp64_e11m52 N=2^20 complete
normal_0_1 DOT fp64_e11m52 N=2^24 complete
normal_0_1 DOT fp64_e11m52 N=2^27 complete
normal_0_1 GEMV fp64_e11m52 M=1024 N=2^8 complete
normal_0_1 GEMV fp64_e11m52 M=1024 N=2^10 complete
normal_0_1 GEMV fp64_e11m52 M=1024 N=2^12 complete
normal_0_1 GEMV fp64_e11m52 M=1024 N=2^14 complete
normal_0_1 GEMV fp64_e11m52 M=1024 N=2^16 complete
Wrote /storage/home/timofeirusanov/accessor_universal_test/results/018_precision_packing_bottlenecks/run_20260810T181143Z/timing_fp64.csv
Precision packing benchmark
GPU: NVIDIA H200 NVL (sm_90)
Storage: fp16_e5m10
uniform_0_1 components fp16_e5m10 complete
normal_0_1 components fp16_e5m10 complete
Wrote /storage/home/timofeirusanov/accessor_universal_test/results/018_precision_packing_bottlenecks/run_20260810T181143Z/components_fp16.csv
Precision packing benchmark
GPU: NVIDIA H200 NVL (sm_90)
Storage: bf16_e8m7
uniform_0_1 components bf16_e8m7 complete
normal_0_1 components bf16_e8m7 complete
Wrote /storage/home/timofeirusanov/accessor_universal_test/results/018_precision_packing_bottlenecks/run_20260810T181143Z/components_bf16.csv
Precision packing benchmark
GPU: NVIDIA H200 NVL (sm_90)
Storage: fp32_e8m23
uniform_0_1 components fp32_e8m23 complete
normal_0_1 components fp32_e8m23 complete
Wrote /storage/home/timofeirusanov/accessor_universal_test/results/018_precision_packing_bottlenecks/run_20260810T181143Z/components_fp32.csv
Precision packing benchmark
GPU: NVIDIA H200 NVL (sm_90)
Storage: fp8_e4m3
uniform_0_1 components fp8_e4m3 complete
normal_0_1 components fp8_e4m3 complete
Wrote /storage/home/timofeirusanov/accessor_universal_test/results/018_precision_packing_bottlenecks/run_20260810T181143Z/components_fp8_e4m3.csv
Precision packing benchmark
GPU: NVIDIA H200 NVL (sm_90)
Storage: fp8_e5m2
uniform_0_1 components fp8_e5m2 complete
normal_0_1 components fp8_e5m2 complete
Wrote /storage/home/timofeirusanov/accessor_universal_test/results/018_precision_packing_bottlenecks/run_20260810T181143Z/components_fp8_e5m2.csv
Precision packing benchmark
GPU: NVIDIA H200 NVL (sm_90)
Storage: fp4_e2m1
uniform_0_1 components fp4_e2m1 complete
normal_0_1 components fp4_e2m1 complete
Wrote /storage/home/timofeirusanov/accessor_universal_test/results/018_precision_packing_bottlenecks/run_20260810T181143Z/components_fp4_e2m1.csv
Precision packing benchmark
GPU: NVIDIA H200 NVL (sm_90)
Storage: fp64_e11m52
uniform_0_1 components fp64_e11m52 complete
normal_0_1 components fp64_e11m52 complete
Wrote /storage/home/timofeirusanov/accessor_universal_test/results/018_precision_packing_bottlenecks/run_20260810T181143Z/components_fp64.csv
Validated 35400 timing and 8670 component samples across 2360 timing and 578 component groups
==PROF== Connected to process 3288686 (/storage/home/timofeirusanov/accessor_universal_test/build-h200/bin/precision_packing_bench_fp16)
==PROF== Profiling "dot_map" - 0: 0%....50%....100% - 21 passes
==PROF== Profiling "dot_finalize" - 1: 0%....50%....100% - 21 passes
==PROF== Profiling "dot_map" - 2: 0%....50%....100% - 21 passes
==PROF== Profiling "dot_finalize" - 3: 0%....50%....100% - 21 passes
==PROF== Profiling "dot_map" - 4: 0%....50%....100% - 21 passes
==PROF== Profiling "dot_finalize" - 5: 0%....50%....100% - 21 passes
==PROF== Profiling "dot_map" - 6: 0%....50%....100% - 21 passes
==PROF== Profiling "dot_finalize" - 7: 0%....50%....100% - 21 passes
==PROF== Profiling "dot_map" - 8: 0%....50%....100% - 21 passes
==PROF== Profiling "dot_finalize" - 9: 0%....50%....100% - 21 passes
==PROF== Profiling "dot_map" - 10: 0%....50%....100% - 21 passes
==PROF== Profiling "dot_finalize" - 11: 0%....50%....100% - 21 passes
==PROF== Profiling "dot_map" - 12: 0%....50%....100% - 21 passes
==PROF== Profiling "dot_finalize" - 13: 0%....50%....100% - 21 passes
==PROF== Profiling "packed_arithmetic_dot_map" - 14: 0%....50%....100% - 21 passes
==PROF== Profiling "dot_finalize" - 15: 0%....50%....100% - 21 passes
==PROF== Profiling "packed_arithmetic_dot_map" - 16: 0%....50%....100% - 21 passes
==PROF== Profiling "dot_finalize" - 17: 0%....50%....100% - 21 passes
==PROF== Profiling "packed_arithmetic_dot_map" - 18: 0%....50%....100% - 21 passes
==PROF== Profiling "dot_finalize" - 19: 0%....50%....100% - 21 passes
Precision packing benchmark
GPU: NVIDIA H200 NVL (sm_90)
Storage: fp16_e5m10
Wrote /storage/home/timofeirusanov/accessor_universal_test/results/018_precision_packing_bottlenecks/run_20260810T181143Z/profile/fp16/fp16/dot/fp16_fp16_dot_20260810T181143Z_metadata.csv
==PROF== Disconnected from process 3288686
==PROF== Report: /storage/home/timofeirusanov/accessor_universal_test/results/018_precision_packing_bottlenecks/run_20260810T181143Z/profile/fp16/fp16/dot/fp16_fp16_dot_20260810T181143Z.ncu-rep
==PROF== Connected to process 3289187 (/storage/home/timofeirusanov/accessor_universal_test/build-h200/bin/precision_packing_bench_fp16)
==PROF== Profiling "gemv" - 0: 0%....50%....100% - 21 passes
==PROF== Profiling "gemv" - 1: 0%....50%....100% - 21 passes
==PROF== Profiling "gemv" - 2: 0%....50%....100% - 21 passes
==PROF== Profiling "gemv" - 3: 0%....50%....100% - 21 passes
==PROF== Profiling "gemv" - 4: 0%....50%....100% - 21 passes
==PROF== Profiling "gemv" - 5: 0%....50%....100% - 21 passes
==PROF== Profiling "gemv" - 6: 0%....50%....100% - 21 passes
==PROF== Profiling "packed_arithmetic_gemv" - 7: 0%....50%....100% - 21 passes
==PROF== Profiling "packed_arithmetic_gemv" - 8: 0%....50%....100% - 21 passes
==PROF== Profiling "packed_arithmetic_gemv" - 9: 0%....50%....100% - 21 passes
Precision packing benchmark
GPU: NVIDIA H200 NVL (sm_90)
Storage: fp16_e5m10
Wrote /storage/home/timofeirusanov/accessor_universal_test/results/018_precision_packing_bottlenecks/run_20260810T181143Z/profile/fp16/fp16/gemv/fp16_fp16_gemv_20260810T181143Z_metadata.csv
==PROF== Disconnected from process 3289187
==PROF== Report: /storage/home/timofeirusanov/accessor_universal_test/results/018_precision_packing_bottlenecks/run_20260810T181143Z/profile/fp16/fp16/gemv/fp16_fp16_gemv_20260810T181143Z.ncu-rep
==PROF== Connected to process 3289481 (/storage/home/timofeirusanov/accessor_universal_test/build-h200/bin/precision_packing_bench_fp16)
==PROF== Profiling "dot_map" - 0: 0%....50%....100% - 21 passes
==PROF== Profiling "dot_finalize" - 1: 0%....50%....100% - 21 passes
==PROF== Profiling "dot_map" - 2: 0%....50%....100% - 21 passes
==PROF== Profiling "dot_finalize" - 3: 0%....50%....100% - 21 passes
==PROF== Profiling "dot_map" - 4: 0%....50%....100% - 21 passes
==PROF== Profiling "dot_finalize" - 5: 0%....50%....100% - 21 passes
==PROF== Profiling "dot_map" - 6: 0%....50%....100% - 21 passes
==PROF== Profiling "dot_finalize" - 7: 0%....50%....100% - 21 passes
==PROF== Profiling "dot_map" - 8: 0%....50%....100% - 21 passes
==PROF== Profiling "dot_finalize" - 9: 0%....50%....100% - 21 passes
==PROF== Profiling "dot_map" - 10: 0%....50%....100% - 21 passes
==PROF== Profiling "dot_finalize" - 11: 0%....50%....100% - 21 passes
==PROF== Profiling "dot_map" - 12: 0%....50%....100% - 21 passes
==PROF== Profiling "dot_finalize" - 13: 0%....50%....100% - 21 passes
Precision packing benchmark
GPU: NVIDIA H200 NVL (sm_90)
Storage: fp16_e5m10
Wrote /storage/home/timofeirusanov/accessor_universal_test/results/018_precision_packing_bottlenecks/run_20260810T181143Z/profile/fp16/fp64/dot/fp16_fp64_dot_20260810T181143Z_metadata.csv
==PROF== Disconnected from process 3289481
==PROF== Report: /storage/home/timofeirusanov/accessor_universal_test/results/018_precision_packing_bottlenecks/run_20260810T181143Z/profile/fp16/fp64/dot/fp16_fp64_dot_20260810T181143Z.ncu-rep
==PROF== Connected to process 3289856 (/storage/home/timofeirusanov/accessor_universal_test/build-h200/bin/precision_packing_bench_fp16)
==PROF== Profiling "gemv" - 0: 0%....50%....100% - 21 passes
==PROF== Profiling "gemv" - 1: 0%....50%....100% - 21 passes
==PROF== Profiling "gemv" - 2: 0%....50%....100% - 21 passes
==PROF== Profiling "gemv" - 3: 0%....50%....100% - 21 passes
==PROF== Profiling "gemv" - 4: 0%....50%....100% - 21 passes
==PROF== Profiling "gemv" - 5: 0%....50%....100% - 21 passes
==PROF== Profiling "gemv" - 6: 0%....50%....100% - 21 passes
Precision packing benchmark
GPU: NVIDIA H200 NVL (sm_90)
Storage: fp16_e5m10
Wrote /storage/home/timofeirusanov/accessor_universal_test/results/018_precision_packing_bottlenecks/run_20260810T181143Z/profile/fp16/fp64/gemv/fp16_fp64_gemv_20260810T181143Z_metadata.csv
==PROF== Disconnected from process 3289856
==PROF== Report: /storage/home/timofeirusanov/accessor_universal_test/results/018_precision_packing_bottlenecks/run_20260810T181143Z/profile/fp16/fp64/gemv/fp16_fp64_gemv_20260810T181143Z.ncu-rep
==PROF== Connected to process 3290085 (/storage/home/timofeirusanov/accessor_universal_test/build-h200/bin/precision_packing_bench_bf16)
==PROF== Profiling "dot_map" - 0: 0%....50%....100% - 21 passes
==PROF== Profiling "dot_finalize" - 1: 0%....50%....100% - 21 passes
==PROF== Profiling "dot_map" - 2: 0%....50%....100% - 21 passes
==PROF== Profiling "dot_finalize" - 3: 0%....50%....100% - 21 passes
==PROF== Profiling "dot_map" - 4: 0%....50%....100% - 21 passes
==PROF== Profiling "dot_finalize" - 5: 0%....50%....100% - 21 passes
==PROF== Profiling "dot_map" - 6: 0%....50%....100% - 21 passes
==PROF== Profiling "dot_finalize" - 7: 0%....50%....100% - 21 passes
==PROF== Profiling "dot_map" - 8: 0%....50%....100% - 21 passes
==PROF== Profiling "dot_finalize" - 9: 0%....50%....100% - 21 passes
==PROF== Profiling "dot_map" - 10: 0%....50%....100% - 21 passes
==PROF== Profiling "dot_finalize" - 11: 0%....50%....100% - 21 passes
==PROF== Profiling "dot_map" - 12: 0%....50%....100% - 21 passes
==PROF== Profiling "dot_finalize" - 13: 0%....50%....100% - 21 passes
==PROF== Profiling "packed_arithmetic_dot_map" - 14: 0%....50%....100% - 21 passes
==PROF== Profiling "dot_finalize" - 15: 0%....50%....100% - 21 passes
==PROF== Profiling "packed_arithmetic_dot_map" - 16: 0%....50%....100% - 21 passes
==PROF== Profiling "dot_finalize" - 17: 0%....50%....100% - 21 passes
==PROF== Profiling "packed_arithmetic_dot_map" - 18: 0%....50%....100% - 21 passes
==PROF== Profiling "dot_finalize" - 19: 0%....50%....100% - 21 passes
Precision packing benchmark
GPU: NVIDIA H200 NVL (sm_90)
Storage: bf16_e8m7
Wrote /storage/home/timofeirusanov/accessor_universal_test/results/018_precision_packing_bottlenecks/run_20260810T181143Z/profile/bf16/bf16/dot/bf16_bf16_dot_20260810T181143Z_metadata.csv
==PROF== Disconnected from process 3290085
==PROF== Report: /storage/home/timofeirusanov/accessor_universal_test/results/018_precision_packing_bottlenecks/run_20260810T181143Z/profile/bf16/bf16/dot/bf16_bf16_dot_20260810T181143Z.ncu-rep
==PROF== Connected to process 3290592 (/storage/home/timofeirusanov/accessor_universal_test/build-h200/bin/precision_packing_bench_bf16)
==PROF== Profiling "gemv" - 0: 0%....50%....100% - 21 passes
==PROF== Profiling "gemv" - 1: 0%....50%....100% - 21 passes
==PROF== Profiling "gemv" - 2: 0%....50%....100% - 21 passes
==PROF== Profiling "gemv" - 3: 0%....50%....100% - 21 passes
==PROF== Profiling "gemv" - 4: 0%....50%....100% - 21 passes
==PROF== Profiling "gemv" - 5: 0%....50%....100% - 21 passes
==PROF== Profiling "gemv" - 6: 0%....50%....100% - 21 passes
==PROF== Profiling "packed_arithmetic_gemv" - 7: 0%....50%....100% - 21 passes
==PROF== Profiling "packed_arithmetic_gemv" - 8: 0%....50%....100% - 21 passes
==PROF== Profiling "packed_arithmetic_gemv" - 9: 0%....50%....100% - 21 passes
Precision packing benchmark
GPU: NVIDIA H200 NVL (sm_90)
Storage: bf16_e8m7
Wrote /storage/home/timofeirusanov/accessor_universal_test/results/018_precision_packing_bottlenecks/run_20260810T181143Z/profile/bf16/bf16/gemv/bf16_bf16_gemv_20260810T181143Z_metadata.csv
==PROF== Disconnected from process 3290592
==PROF== Report: /storage/home/timofeirusanov/accessor_universal_test/results/018_precision_packing_bottlenecks/run_20260810T181143Z/profile/bf16/bf16/gemv/bf16_bf16_gemv_20260810T181143Z.ncu-rep
==PROF== Connected to process 3290883 (/storage/home/timofeirusanov/accessor_universal_test/build-h200/bin/precision_packing_bench_bf16)
==PROF== Profiling "dot_map" - 0: 0%....50%....100% - 21 passes
==PROF== Profiling "dot_finalize" - 1: 0%....50%....100% - 21 passes
==PROF== Profiling "dot_map" - 2: 0%....50%....100% - 21 passes
==PROF== Profiling "dot_finalize" - 3: 0%....50%....100% - 21 passes
==PROF== Profiling "dot_map" - 4: 0%....50%....100% - 21 passes
==PROF== Profiling "dot_finalize" - 5: 0%....50%....100% - 21 passes
==PROF== Profiling "dot_map" - 6: 0%....50%....100% - 21 passes
==PROF== Profiling "dot_finalize" - 7: 0%....50%....100% - 21 passes
==PROF== Profiling "dot_map" - 8: 0%....50%....100% - 21 passes
==PROF== Profiling "dot_finalize" - 9: 0%....50%....100% - 21 passes
==PROF== Profiling "dot_map" - 10: 0%....50%....100% - 21 passes
==PROF== Profiling "dot_finalize" - 11: 0%....50%....100% - 21 passes
==PROF== Profiling "dot_map" - 12: 0%....50%....100% - 21 passes
==PROF== Profiling "dot_finalize" - 13: 0%....50%....100% - 21 passes
Precision packing benchmark
GPU: NVIDIA H200 NVL (sm_90)
Storage: bf16_e8m7
Wrote /storage/home/timofeirusanov/accessor_universal_test/results/018_precision_packing_bottlenecks/run_20260810T181143Z/profile/bf16/fp64/dot/bf16_fp64_dot_20260810T181143Z_metadata.csv
==PROF== Disconnected from process 3290883
==PROF== Report: /storage/home/timofeirusanov/accessor_universal_test/results/018_precision_packing_bottlenecks/run_20260810T181143Z/profile/bf16/fp64/dot/bf16_fp64_dot_20260810T181143Z.ncu-rep
==PROF== Connected to process 3291277 (/storage/home/timofeirusanov/accessor_universal_test/build-h200/bin/precision_packing_bench_bf16)
==PROF== Profiling "gemv" - 0: 0%....50%....100% - 21 passes
==PROF== Profiling "gemv" - 1: 0%....50%....100% - 21 passes
==PROF== Profiling "gemv" - 2: 0%....50%....100% - 21 passes
==PROF== Profiling "gemv" - 3: 0%....50%....100% - 21 passes
==PROF== Profiling "gemv" - 4: 0%....50%....100% - 21 passes
==PROF== Profiling "gemv" - 5: 0%....50%....100% - 21 passes
==PROF== Profiling "gemv" - 6: 0%....50%....100% - 21 passes
Precision packing benchmark
GPU: NVIDIA H200 NVL (sm_90)
Storage: bf16_e8m7
Wrote /storage/home/timofeirusanov/accessor_universal_test/results/018_precision_packing_bottlenecks/run_20260810T181143Z/profile/bf16/fp64/gemv/bf16_fp64_gemv_20260810T181143Z_metadata.csv
==PROF== Disconnected from process 3291277
==PROF== Report: /storage/home/timofeirusanov/accessor_universal_test/results/018_precision_packing_bottlenecks/run_20260810T181143Z/profile/bf16/fp64/gemv/bf16_fp64_gemv_20260810T181143Z.ncu-rep
==PROF== Connected to process 3291513 (/storage/home/timofeirusanov/accessor_universal_test/build-h200/bin/precision_packing_bench_fp32)
==PROF== Profiling "dot_map" - 0: 0%....50%....100% - 21 passes
==PROF== Profiling "dot_finalize" - 1: 0%....50%....100% - 21 passes
==PROF== Profiling "dot_map" - 2: 0%....50%....100% - 21 passes
==PROF== Profiling "dot_finalize" - 3: 0%....50%....100% - 21 passes
==PROF== Profiling "dot_map" - 4: 0%....50%....100% - 21 passes
==PROF== Profiling "dot_finalize" - 5: 0%....50%....100% - 21 passes
==PROF== Profiling "dot_map" - 6: 0%....50%....100% - 21 passes
==PROF== Profiling "dot_finalize" - 7: 0%....50%....100% - 21 passes
==PROF== Profiling "dot_map" - 8: 0%....50%....100% - 21 passes
==PROF== Profiling "dot_finalize" - 9: 0%....50%....100% - 21 passes
==PROF== Profiling "dot_map" - 10: 0%....50%....100% - 21 passes
==PROF== Profiling "dot_finalize" - 11: 0%....50%....100% - 21 passes
==PROF== Profiling "dot_map" - 12: 0%....50%....100% - 21 passes
==PROF== Profiling "dot_finalize" - 13: 0%....50%....100% - 21 passes
Precision packing benchmark
GPU: NVIDIA H200 NVL (sm_90)
Storage: fp32_e8m23
Wrote /storage/home/timofeirusanov/accessor_universal_test/results/018_precision_packing_bottlenecks/run_20260810T181143Z/profile/fp32/fp32/dot/fp32_fp32_dot_20260810T181143Z_metadata.csv
==PROF== Disconnected from process 3291513
==PROF== Report: /storage/home/timofeirusanov/accessor_universal_test/results/018_precision_packing_bottlenecks/run_20260810T181143Z/profile/fp32/fp32/dot/fp32_fp32_dot_20260810T181143Z.ncu-rep
==PROF== Connected to process 3291907 (/storage/home/timofeirusanov/accessor_universal_test/build-h200/bin/precision_packing_bench_fp32)
==PROF== Profiling "gemv" - 0: 0%....50%....100% - 21 passes
==PROF== Profiling "gemv" - 1: 0%....50%....100% - 21 passes
==PROF== Profiling "gemv" - 2: 0%....50%....100% - 21 passes
==PROF== Profiling "gemv" - 3: 0%....50%....100% - 21 passes
==PROF== Profiling "gemv" - 4: 0%....50%....100% - 21 passes
==PROF== Profiling "gemv" - 5: 0%....50%....100% - 21 passes
==PROF== Profiling "gemv" - 6: 0%....50%....100% - 21 passes
Precision packing benchmark
GPU: NVIDIA H200 NVL (sm_90)
Storage: fp32_e8m23
Wrote /storage/home/timofeirusanov/accessor_universal_test/results/018_precision_packing_bottlenecks/run_20260810T181143Z/profile/fp32/fp32/gemv/fp32_fp32_gemv_20260810T181143Z_metadata.csv
==PROF== Disconnected from process 3291907
==PROF== Report: /storage/home/timofeirusanov/accessor_universal_test/results/018_precision_packing_bottlenecks/run_20260810T181143Z/profile/fp32/fp32/gemv/fp32_fp32_gemv_20260810T181143Z.ncu-rep
==PROF== Connected to process 3292135 (/storage/home/timofeirusanov/accessor_universal_test/build-h200/bin/precision_packing_bench_fp32)
==PROF== Profiling "dot_map" - 0: 0%....50%....100% - 21 passes
==PROF== Profiling "dot_finalize" - 1: 0%....50%....100% - 21 passes
==PROF== Profiling "dot_map" - 2: 0%....50%....100% - 21 passes
==PROF== Profiling "dot_finalize" - 3: 0%....50%....100% - 21 passes
==PROF== Profiling "dot_map" - 4: 0%....50%....100% - 21 passes
==PROF== Profiling "dot_finalize" - 5: 0%....50%....100% - 21 passes
==PROF== Profiling "dot_map" - 6: 0%....50%....100% - 21 passes
==PROF== Profiling "dot_finalize" - 7: 0%....50%....100% - 21 passes
==PROF== Profiling "dot_map" - 8: 0%....50%....100% - 21 passes
==PROF== Profiling "dot_finalize" - 9: 0%....50%....100% - 21 passes
==PROF== Profiling "dot_map" - 10: 0%....50%....100% - 21 passes
==PROF== Profiling "dot_finalize" - 11: 0%....50%....100% - 21 passes
==PROF== Profiling "dot_map" - 12: 0%....50%....100% - 21 passes
==PROF== Profiling "dot_finalize" - 13: 0%....50%....100% - 21 passes
Precision packing benchmark
GPU: NVIDIA H200 NVL (sm_90)
Storage: fp32_e8m23
Wrote /storage/home/timofeirusanov/accessor_universal_test/results/018_precision_packing_bottlenecks/run_20260810T181143Z/profile/fp32/fp64/dot/fp32_fp64_dot_20260810T181143Z_metadata.csv
==PROF== Disconnected from process 3292135
==PROF== Report: /storage/home/timofeirusanov/accessor_universal_test/results/018_precision_packing_bottlenecks/run_20260810T181143Z/profile/fp32/fp64/dot/fp32_fp64_dot_20260810T181143Z.ncu-rep
==PROF== Connected to process 3292514 (/storage/home/timofeirusanov/accessor_universal_test/build-h200/bin/precision_packing_bench_fp32)
==PROF== Profiling "gemv" - 0: 0%....50%....100% - 21 passes
==PROF== Profiling "gemv" - 1: 0%....50%....100% - 21 passes
==PROF== Profiling "gemv" - 2: 0%....50%....100% - 21 passes
==PROF== Profiling "gemv" - 3: 0%....50%....100% - 21 passes
==PROF== Profiling "gemv" - 4: 0%....50%....100% - 21 passes
==PROF== Profiling "gemv" - 5: 0%....50%....100% - 21 passes
==PROF== Profiling "gemv" - 6: 0%....50%....100% - 21 passes
Precision packing benchmark
GPU: NVIDIA H200 NVL (sm_90)
Storage: fp32_e8m23
Wrote /storage/home/timofeirusanov/accessor_universal_test/results/018_precision_packing_bottlenecks/run_20260810T181143Z/profile/fp32/fp64/gemv/fp32_fp64_gemv_20260810T181143Z_metadata.csv
==PROF== Disconnected from process 3292514
==PROF== Report: /storage/home/timofeirusanov/accessor_universal_test/results/018_precision_packing_bottlenecks/run_20260810T181143Z/profile/fp32/fp64/gemv/fp32_fp64_gemv_20260810T181143Z.ncu-rep
==PROF== Connected to process 3292743 (/storage/home/timofeirusanov/accessor_universal_test/build-h200/bin/precision_packing_bench_fp8_e4m3)
==PROF== Profiling "dot_map" - 0: 0%....50%....100% - 21 passes
==PROF== Profiling "dot_finalize" - 1: 0%....50%....100% - 21 passes
==PROF== Profiling "dot_map" - 2: 0%....50%....100% - 21 passes
==PROF== Profiling "dot_finalize" - 3: 0%....50%....100% - 21 passes
==PROF== Profiling "dot_map" - 4: 0%....50%....100% - 21 passes
==PROF== Profiling "dot_finalize" - 5: 0%....50%....100% - 21 passes
==PROF== Profiling "dot_map" - 6: 0%....50%....100% - 21 passes
==PROF== Profiling "dot_finalize" - 7: 0%....50%....100% - 21 passes
==PROF== Profiling "dot_map" - 8: 0%....50%....100% - 21 passes
==PROF== Profiling "dot_finalize" - 9: 0%....50%....100% - 21 passes
==PROF== Profiling "dot_map" - 10: 0%....50%....100% - 21 passes
==PROF== Profiling "dot_finalize" - 11: 0%....50%....100% - 21 passes
==PROF== Profiling "dot_map" - 12: 0%....50%....100% - 21 passes
==PROF== Profiling "dot_finalize" - 13: 0%....50%....100% - 21 passes
Precision packing benchmark
GPU: NVIDIA H200 NVL (sm_90)
Storage: fp8_e4m3
Wrote /storage/home/timofeirusanov/accessor_universal_test/results/018_precision_packing_bottlenecks/run_20260810T181143Z/profile/fp8_e4m3/fp16/dot/fp8_e4m3_fp16_dot_20260810T181143Z_metadata.csv
==PROF== Disconnected from process 3292743
==PROF== Report: /storage/home/timofeirusanov/accessor_universal_test/results/018_precision_packing_bottlenecks/run_20260810T181143Z/profile/fp8_e4m3/fp16/dot/fp8_e4m3_fp16_dot_20260810T181143Z.ncu-rep
==PROF== Connected to process 3293118 (/storage/home/timofeirusanov/accessor_universal_test/build-h200/bin/precision_packing_bench_fp8_e4m3)
==PROF== Profiling "gemv" - 0: 0%....50%....100% - 21 passes
==PROF== Profiling "gemv" - 1: 0%....50%....100% - 21 passes
==PROF== Profiling "gemv" - 2: 0%....50%....100% - 21 passes
==PROF== Profiling "gemv" - 3: 0%....50%....100% - 21 passes
==PROF== Profiling "gemv" - 4: 0%....50%....100% - 21 passes
==PROF== Profiling "gemv" - 5: 0%....50%....100% - 21 passes
==PROF== Profiling "gemv" - 6: 0%....50%....100% - 21 passes
Precision packing benchmark
GPU: NVIDIA H200 NVL (sm_90)
Storage: fp8_e4m3
Wrote /storage/home/timofeirusanov/accessor_universal_test/results/018_precision_packing_bottlenecks/run_20260810T181143Z/profile/fp8_e4m3/fp16/gemv/fp8_e4m3_fp16_gemv_20260810T181143Z_metadata.csv
==PROF== Disconnected from process 3293118
==PROF== Report: /storage/home/timofeirusanov/accessor_universal_test/results/018_precision_packing_bottlenecks/run_20260810T181143Z/profile/fp8_e4m3/fp16/gemv/fp8_e4m3_fp16_gemv_20260810T181143Z.ncu-rep
==PROF== Connected to process 3293341 (/storage/home/timofeirusanov/accessor_universal_test/build-h200/bin/precision_packing_bench_fp8_e4m3)
==PROF== Profiling "dot_map" - 0: 0%....50%....100% - 21 passes
==PROF== Profiling "dot_finalize" - 1: 0%....50%....100% - 21 passes
==PROF== Profiling "dot_map" - 2: 0%....50%....100% - 21 passes
==PROF== Profiling "dot_finalize" - 3: 0%....50%....100% - 21 passes
==PROF== Profiling "dot_map" - 4: 0%....50%....100% - 21 passes
==PROF== Profiling "dot_finalize" - 5: 0%....50%....100% - 21 passes
==PROF== Profiling "dot_map" - 6: 0%....50%....100% - 21 passes
==PROF== Profiling "dot_finalize" - 7: 0%....50%....100% - 21 passes
==PROF== Profiling "dot_map" - 8: 0%....50%....100% - 21 passes
==PROF== Profiling "dot_finalize" - 9: 0%....50%....100% - 21 passes
==PROF== Profiling "dot_map" - 10: 0%....50%....100% - 21 passes
==PROF== Profiling "dot_finalize" - 11: 0%....50%....100% - 21 passes
==PROF== Profiling "dot_map" - 12: 0%....50%....100% - 21 passes
==PROF== Profiling "dot_finalize" - 13: 0%....50%....100% - 21 passes
Precision packing benchmark
GPU: NVIDIA H200 NVL (sm_90)
Storage: fp8_e4m3
Wrote /storage/home/timofeirusanov/accessor_universal_test/results/018_precision_packing_bottlenecks/run_20260810T181143Z/profile/fp8_e4m3/fp32/dot/fp8_e4m3_fp32_dot_20260810T181143Z_metadata.csv
==PROF== Disconnected from process 3293341
==PROF== Report: /storage/home/timofeirusanov/accessor_universal_test/results/018_precision_packing_bottlenecks/run_20260810T181143Z/profile/fp8_e4m3/fp32/dot/fp8_e4m3_fp32_dot_20260810T181143Z.ncu-rep
==PROF== Connected to process 3293723 (/storage/home/timofeirusanov/accessor_universal_test/build-h200/bin/precision_packing_bench_fp8_e4m3)
==PROF== Profiling "gemv" - 0: 0%....50%....100% - 21 passes
==PROF== Profiling "gemv" - 1: 0%....50%....100% - 21 passes
==PROF== Profiling "gemv" - 2: 0%....50%....100% - 21 passes
==PROF== Profiling "gemv" - 3: 0%....50%....100% - 21 passes
==PROF== Profiling "gemv" - 4: 0%....50%....100% - 21 passes
==PROF== Profiling "gemv" - 5: 0%....50%....100% - 21 passes
==PROF== Profiling "gemv" - 6: 0%....50%....100% - 21 passes
Precision packing benchmark
GPU: NVIDIA H200 NVL (sm_90)
Storage: fp8_e4m3
Wrote /storage/home/timofeirusanov/accessor_universal_test/results/018_precision_packing_bottlenecks/run_20260810T181143Z/profile/fp8_e4m3/fp32/gemv/fp8_e4m3_fp32_gemv_20260810T181143Z_metadata.csv
==PROF== Disconnected from process 3293723
==PROF== Report: /storage/home/timofeirusanov/accessor_universal_test/results/018_precision_packing_bottlenecks/run_20260810T181143Z/profile/fp8_e4m3/fp32/gemv/fp8_e4m3_fp32_gemv_20260810T181143Z.ncu-rep
==PROF== Connected to process 3293946 (/storage/home/timofeirusanov/accessor_universal_test/build-h200/bin/precision_packing_bench_fp8_e4m3)
==PROF== Profiling "dot_map" - 0: 0%....50%....100% - 21 passes
==PROF== Profiling "dot_finalize" - 1: 0%....50%....100% - 21 passes
==PROF== Profiling "dot_map" - 2: 0%....50%....100% - 21 passes
==PROF== Profiling "dot_finalize" - 3: 0%....50%....100% - 21 passes
==PROF== Profiling "dot_map" - 4: 0%....50%....100% - 21 passes
==PROF== Profiling "dot_finalize" - 5: 0%....50%....100% - 21 passes
==PROF== Profiling "dot_map" - 6: 0%....50%....100% - 21 passes
==PROF== Profiling "dot_finalize" - 7: 0%....50%....100% - 21 passes
==PROF== Profiling "dot_map" - 8: 0%....50%....100% - 21 passes
==PROF== Profiling "dot_finalize" - 9: 0%....50%....100% - 21 passes
==PROF== Profiling "dot_map" - 10: 0%....50%....100% - 21 passes
==PROF== Profiling "dot_finalize" - 11: 0%....50%....100% - 21 passes
==PROF== Profiling "dot_map" - 12: 0%....50%....100% - 21 passes
==PROF== Profiling "dot_finalize" - 13: 0%....50%....100% - 21 passes
Precision packing benchmark
GPU: NVIDIA H200 NVL (sm_90)
Storage: fp8_e4m3
Wrote /storage/home/timofeirusanov/accessor_universal_test/results/018_precision_packing_bottlenecks/run_20260810T181143Z/profile/fp8_e4m3/fp64/dot/fp8_e4m3_fp64_dot_20260810T181143Z_metadata.csv
==PROF== Disconnected from process 3293946
==PROF== Report: /storage/home/timofeirusanov/accessor_universal_test/results/018_precision_packing_bottlenecks/run_20260810T181143Z/profile/fp8_e4m3/fp64/dot/fp8_e4m3_fp64_dot_20260810T181143Z.ncu-rep
==PROF== Connected to process 3294326 (/storage/home/timofeirusanov/accessor_universal_test/build-h200/bin/precision_packing_bench_fp8_e4m3)
==PROF== Profiling "gemv" - 0: 0%....50%....100% - 21 passes
==PROF== Profiling "gemv" - 1: 0%....50%....100% - 21 passes
==PROF== Profiling "gemv" - 2: 0%....50%....100% - 21 passes
==PROF== Profiling "gemv" - 3: 0%....50%....100% - 21 passes
==PROF== Profiling "gemv" - 4: 0%....50%....100% - 21 passes
==PROF== Profiling "gemv" - 5: 0%....50%....100% - 21 passes
==PROF== Profiling "gemv" - 6: 0%....50%....100% - 21 passes
Precision packing benchmark
GPU: NVIDIA H200 NVL (sm_90)
Storage: fp8_e4m3
Wrote /storage/home/timofeirusanov/accessor_universal_test/results/018_precision_packing_bottlenecks/run_20260810T181143Z/profile/fp8_e4m3/fp64/gemv/fp8_e4m3_fp64_gemv_20260810T181143Z_metadata.csv
==PROF== Disconnected from process 3294326
==PROF== Report: /storage/home/timofeirusanov/accessor_universal_test/results/018_precision_packing_bottlenecks/run_20260810T181143Z/profile/fp8_e4m3/fp64/gemv/fp8_e4m3_fp64_gemv_20260810T181143Z.ncu-rep
==PROF== Connected to process 3294550 (/storage/home/timofeirusanov/accessor_universal_test/build-h200/bin/precision_packing_bench_fp8_e5m2)
==PROF== Profiling "dot_map" - 0: 0%....50%....100% - 21 passes
==PROF== Profiling "dot_finalize" - 1: 0%....50%....100% - 21 passes
==PROF== Profiling "dot_map" - 2: 0%....50%....100% - 21 passes
==PROF== Profiling "dot_finalize" - 3: 0%....50%....100% - 21 passes
==PROF== Profiling "dot_map" - 4: 0%....50%....100% - 21 passes
==PROF== Profiling "dot_finalize" - 5: 0%....50%....100% - 21 passes
==PROF== Profiling "dot_map" - 6: 0%....50%....100% - 21 passes
==PROF== Profiling "dot_finalize" - 7: 0%....50%....100% - 21 passes
==PROF== Profiling "dot_map" - 8: 0%....50%....100% - 21 passes
==PROF== Profiling "dot_finalize" - 9: 0%....50%....100% - 21 passes
==PROF== Profiling "dot_map" - 10: 0%....50%....100% - 21 passes
==PROF== Profiling "dot_finalize" - 11: 0%....50%....100% - 21 passes
==PROF== Profiling "dot_map" - 12: 0%....50%....100% - 21 passes
==PROF== Profiling "dot_finalize" - 13: 0%....50%....100% - 21 passes
Precision packing benchmark
GPU: NVIDIA H200 NVL (sm_90)
Storage: fp8_e5m2
Wrote /storage/home/timofeirusanov/accessor_universal_test/results/018_precision_packing_bottlenecks/run_20260810T181143Z/profile/fp8_e5m2/fp16/dot/fp8_e5m2_fp16_dot_20260810T181143Z_metadata.csv
==PROF== Disconnected from process 3294550
==PROF== Report: /storage/home/timofeirusanov/accessor_universal_test/results/018_precision_packing_bottlenecks/run_20260810T181143Z/profile/fp8_e5m2/fp16/dot/fp8_e5m2_fp16_dot_20260810T181143Z.ncu-rep
==PROF== Connected to process 3294930 (/storage/home/timofeirusanov/accessor_universal_test/build-h200/bin/precision_packing_bench_fp8_e5m2)
==PROF== Profiling "gemv" - 0: 0%....50%....100% - 21 passes
==PROF== Profiling "gemv" - 1: 0%....50%....100% - 21 passes
==PROF== Profiling "gemv" - 2: 0%....50%....100% - 21 passes
==PROF== Profiling "gemv" - 3: 0%....50%....100% - 21 passes
==PROF== Profiling "gemv" - 4: 0%....50%....100% - 21 passes
==PROF== Profiling "gemv" - 5: 0%....50%....100% - 21 passes
==PROF== Profiling "gemv" - 6: 0%....50%....100% - 21 passes
Precision packing benchmark
GPU: NVIDIA H200 NVL (sm_90)
Storage: fp8_e5m2
Wrote /storage/home/timofeirusanov/accessor_universal_test/results/018_precision_packing_bottlenecks/run_20260810T181143Z/profile/fp8_e5m2/fp16/gemv/fp8_e5m2_fp16_gemv_20260810T181143Z_metadata.csv
==PROF== Disconnected from process 3294930
==PROF== Report: /storage/home/timofeirusanov/accessor_universal_test/results/018_precision_packing_bottlenecks/run_20260810T181143Z/profile/fp8_e5m2/fp16/gemv/fp8_e5m2_fp16_gemv_20260810T181143Z.ncu-rep
==PROF== Connected to process 3295176 (/storage/home/timofeirusanov/accessor_universal_test/build-h200/bin/precision_packing_bench_fp8_e5m2)
==PROF== Profiling "dot_map" - 0: 0%....50%....100% - 21 passes
==PROF== Profiling "dot_finalize" - 1: 0%....50%....100% - 21 passes
==PROF== Profiling "dot_map" - 2: 0%....50%....100% - 21 passes
==PROF== Profiling "dot_finalize" - 3: 0%....50%....100% - 21 passes
==PROF== Profiling "dot_map" - 4: 0%....50%....100% - 21 passes
==PROF== Profiling "dot_finalize" - 5: 0%....50%....100% - 21 passes
==PROF== Profiling "dot_map" - 6: 0%....50%....100% - 21 passes
==PROF== Profiling "dot_finalize" - 7: 0%....50%....100% - 21 passes
==PROF== Profiling "dot_map" - 8: 0%....50%....100% - 21 passes
==PROF== Profiling "dot_finalize" - 9: 0%....50%....100% - 21 passes
==PROF== Profiling "dot_map" - 10: 0%....50%....100% - 21 passes
==PROF== Profiling "dot_finalize" - 11: 0%....50%....100% - 21 passes
==PROF== Profiling "dot_map" - 12: 0%....50%....100% - 21 passes
==PROF== Profiling "dot_finalize" - 13: 0%....50%....100% - 21 passes
Precision packing benchmark
GPU: NVIDIA H200 NVL (sm_90)
Storage: fp8_e5m2
Wrote /storage/home/timofeirusanov/accessor_universal_test/results/018_precision_packing_bottlenecks/run_20260810T181143Z/profile/fp8_e5m2/fp32/dot/fp8_e5m2_fp32_dot_20260810T181143Z_metadata.csv
==PROF== Disconnected from process 3295176
==PROF== Report: /storage/home/timofeirusanov/accessor_universal_test/results/018_precision_packing_bottlenecks/run_20260810T181143Z/profile/fp8_e5m2/fp32/dot/fp8_e5m2_fp32_dot_20260810T181143Z.ncu-rep
==PROF== Connected to process 3295560 (/storage/home/timofeirusanov/accessor_universal_test/build-h200/bin/precision_packing_bench_fp8_e5m2)
==PROF== Profiling "gemv" - 0: 0%....50%....100% - 21 passes
==PROF== Profiling "gemv" - 1: 0%....50%....100% - 21 passes
==PROF== Profiling "gemv" - 2: 0%....50%....100% - 21 passes
==PROF== Profiling "gemv" - 3: 0%....50%....100% - 21 passes
==PROF== Profiling "gemv" - 4: 0%....50%....100% - 21 passes
==PROF== Profiling "gemv" - 5: 0%....50%....100% - 21 passes
==PROF== Profiling "gemv" - 6: 0%....50%....100% - 21 passes
Precision packing benchmark
GPU: NVIDIA H200 NVL (sm_90)
Storage: fp8_e5m2
Wrote /storage/home/timofeirusanov/accessor_universal_test/results/018_precision_packing_bottlenecks/run_20260810T181143Z/profile/fp8_e5m2/fp32/gemv/fp8_e5m2_fp32_gemv_20260810T181143Z_metadata.csv
==PROF== Disconnected from process 3295560
==PROF== Report: /storage/home/timofeirusanov/accessor_universal_test/results/018_precision_packing_bottlenecks/run_20260810T181143Z/profile/fp8_e5m2/fp32/gemv/fp8_e5m2_fp32_gemv_20260810T181143Z.ncu-rep
==PROF== Connected to process 3295783 (/storage/home/timofeirusanov/accessor_universal_test/build-h200/bin/precision_packing_bench_fp8_e5m2)
==PROF== Profiling "dot_map" - 0: 0%....50%....100% - 21 passes
==PROF== Profiling "dot_finalize" - 1: 0%....50%....100% - 21 passes
==PROF== Profiling "dot_map" - 2: 0%....50%....100% - 21 passes
==PROF== Profiling "dot_finalize" - 3: 0%....50%....100% - 21 passes
==PROF== Profiling "dot_map" - 4: 0%....50%....100% - 21 passes
==PROF== Profiling "dot_finalize" - 5: 0%....50%....100% - 21 passes
==PROF== Profiling "dot_map" - 6: 0%....50%....100% - 21 passes
==PROF== Profiling "dot_finalize" - 7: 0%....50%....100% - 21 passes
==PROF== Profiling "dot_map" - 8: 0%....50%....100% - 21 passes
==PROF== Profiling "dot_finalize" - 9: 0%....50%....100% - 21 passes
==PROF== Profiling "dot_map" - 10: 0%....50%....100% - 21 passes
==PROF== Profiling "dot_finalize" - 11: 0%....50%....100% - 21 passes
==PROF== Profiling "dot_map" - 12: 0%....50%....100% - 21 passes
==PROF== Profiling "dot_finalize" - 13: 0%....50%....100% - 21 passes
Precision packing benchmark
GPU: NVIDIA H200 NVL (sm_90)
Storage: fp8_e5m2
Wrote /storage/home/timofeirusanov/accessor_universal_test/results/018_precision_packing_bottlenecks/run_20260810T181143Z/profile/fp8_e5m2/fp64/dot/fp8_e5m2_fp64_dot_20260810T181143Z_metadata.csv
==PROF== Disconnected from process 3295783
==PROF== Report: /storage/home/timofeirusanov/accessor_universal_test/results/018_precision_packing_bottlenecks/run_20260810T181143Z/profile/fp8_e5m2/fp64/dot/fp8_e5m2_fp64_dot_20260810T181143Z.ncu-rep
==PROF== Connected to process 3296163 (/storage/home/timofeirusanov/accessor_universal_test/build-h200/bin/precision_packing_bench_fp8_e5m2)
==PROF== Profiling "gemv" - 0: 0%....50%....100% - 21 passes
==PROF== Profiling "gemv" - 1: 0%....50%....100% - 21 passes
==PROF== Profiling "gemv" - 2: 0%....50%....100% - 21 passes
==PROF== Profiling "gemv" - 3: 0%....50%....100% - 21 passes
==PROF== Profiling "gemv" - 4: 0%....50%....100% - 21 passes
==PROF== Profiling "gemv" - 5: 0%....50%....100% - 21 passes
==PROF== Profiling "gemv" - 6: 0%....50%....100% - 21 passes
Precision packing benchmark
GPU: NVIDIA H200 NVL (sm_90)
Storage: fp8_e5m2
Wrote /storage/home/timofeirusanov/accessor_universal_test/results/018_precision_packing_bottlenecks/run_20260810T181143Z/profile/fp8_e5m2/fp64/gemv/fp8_e5m2_fp64_gemv_20260810T181143Z_metadata.csv
==PROF== Disconnected from process 3296163
==PROF== Report: /storage/home/timofeirusanov/accessor_universal_test/results/018_precision_packing_bottlenecks/run_20260810T181143Z/profile/fp8_e5m2/fp64/gemv/fp8_e5m2_fp64_gemv_20260810T181143Z.ncu-rep
==PROF== Connected to process 3296387 (/storage/home/timofeirusanov/accessor_universal_test/build-h200/bin/precision_packing_bench_fp4_e2m1)
==PROF== Profiling "dot_map" - 0: 0%....50%....100% - 21 passes
==PROF== Profiling "dot_finalize" - 1: 0%....50%....100% - 21 passes
==PROF== Profiling "dot_map" - 2: 0%....50%....100% - 21 passes
==PROF== Profiling "dot_finalize" - 3: 0%....50%....100% - 21 passes
==PROF== Profiling "dot_map" - 4: 0%....50%....100% - 21 passes
==PROF== Profiling "dot_finalize" - 5: 0%....50%....100% - 21 passes
==PROF== Profiling "dot_map" - 6: 0%....50%....100% - 21 passes
==PROF== Profiling "dot_finalize" - 7: 0%....50%....100% - 21 passes
==PROF== Profiling "dot_map" - 8: 0%....50%....100% - 21 passes
==PROF== Profiling "dot_finalize" - 9: 0%....50%....100% - 21 passes
==PROF== Profiling "dot_map" - 10: 0%....50%....100% - 21 passes
==PROF== Profiling "dot_finalize" - 11: 0%....50%....100% - 21 passes
==PROF== Profiling "dot_map" - 12: 0%....50%....100% - 21 passes
==PROF== Profiling "dot_finalize" - 13: 0%....50%....100% - 21 passes
Precision packing benchmark
GPU: NVIDIA H200 NVL (sm_90)
Storage: fp4_e2m1
Wrote /storage/home/timofeirusanov/accessor_universal_test/results/018_precision_packing_bottlenecks/run_20260810T181143Z/profile/fp4_e2m1/fp16/dot/fp4_e2m1_fp16_dot_20260810T181143Z_metadata.csv
==PROF== Disconnected from process 3296387
==PROF== Report: /storage/home/timofeirusanov/accessor_universal_test/results/018_precision_packing_bottlenecks/run_20260810T181143Z/profile/fp4_e2m1/fp16/dot/fp4_e2m1_fp16_dot_20260810T181143Z.ncu-rep
==PROF== Connected to process 3296804 (/storage/home/timofeirusanov/accessor_universal_test/build-h200/bin/precision_packing_bench_fp4_e2m1)
==PROF== Profiling "gemv" - 0: 0%....50%....100% - 21 passes
==PROF== Profiling "gemv" - 1: 0%....50%....100% - 21 passes
==PROF== Profiling "gemv" - 2: 0%....50%....100% - 21 passes
==PROF== Profiling "gemv" - 3: 0%....50%....100% - 21 passes
==PROF== Profiling "gemv" - 4: 0%....50%....100% - 21 passes
==PROF== Profiling "gemv" - 5: 0%....50%....100% - 21 passes
==PROF== Profiling "gemv" - 6: 0%....50%....100% - 21 passes
Precision packing benchmark
GPU: NVIDIA H200 NVL (sm_90)
Storage: fp4_e2m1
Wrote /storage/home/timofeirusanov/accessor_universal_test/results/018_precision_packing_bottlenecks/run_20260810T181143Z/profile/fp4_e2m1/fp16/gemv/fp4_e2m1_fp16_gemv_20260810T181143Z_metadata.csv
==PROF== Disconnected from process 3296804
==PROF== Report: /storage/home/timofeirusanov/accessor_universal_test/results/018_precision_packing_bottlenecks/run_20260810T181143Z/profile/fp4_e2m1/fp16/gemv/fp4_e2m1_fp16_gemv_20260810T181143Z.ncu-rep
==PROF== Connected to process 3297027 (/storage/home/timofeirusanov/accessor_universal_test/build-h200/bin/precision_packing_bench_fp4_e2m1)
==PROF== Profiling "dot_map" - 0: 0%....50%....100% - 21 passes
==PROF== Profiling "dot_finalize" - 1: 0%....50%....100% - 21 passes
==PROF== Profiling "dot_map" - 2: 0%....50%....100% - 21 passes
==PROF== Profiling "dot_finalize" - 3: 0%....50%....100% - 21 passes
==PROF== Profiling "dot_map" - 4: 0%....50%....100% - 21 passes
==PROF== Profiling "dot_finalize" - 5: 0%....50%....100% - 21 passes
==PROF== Profiling "dot_map" - 6: 0%....50%....100% - 21 passes
==PROF== Profiling "dot_finalize" - 7: 0%....50%....100% - 21 passes
==PROF== Profiling "dot_map" - 8: 0%....50%....100% - 21 passes
==PROF== Profiling "dot_finalize" - 9: 0%....50%....100% - 21 passes
==PROF== Profiling "dot_map" - 10: 0%....50%....100% - 21 passes
==PROF== Profiling "dot_finalize" - 11: 0%....50%....100% - 21 passes
==PROF== Profiling "dot_map" - 12: 0%....50%....100% - 21 passes
==PROF== Profiling "dot_finalize" - 13: 0%....50%....100% - 21 passes
Precision packing benchmark
GPU: NVIDIA H200 NVL (sm_90)
Storage: fp4_e2m1
Wrote /storage/home/timofeirusanov/accessor_universal_test/results/018_precision_packing_bottlenecks/run_20260810T181143Z/profile/fp4_e2m1/fp32/dot/fp4_e2m1_fp32_dot_20260810T181143Z_metadata.csv
==PROF== Disconnected from process 3297027
==PROF== Report: /storage/home/timofeirusanov/accessor_universal_test/results/018_precision_packing_bottlenecks/run_20260810T181143Z/profile/fp4_e2m1/fp32/dot/fp4_e2m1_fp32_dot_20260810T181143Z.ncu-rep
==PROF== Connected to process 3297407 (/storage/home/timofeirusanov/accessor_universal_test/build-h200/bin/precision_packing_bench_fp4_e2m1)
==PROF== Profiling "gemv" - 0: 0%....50%....100% - 21 passes
==PROF== Profiling "gemv" - 1: 0%....50%....100% - 21 passes
==PROF== Profiling "gemv" - 2: 0%....50%....100% - 21 passes
==PROF== Profiling "gemv" - 3: 0%....50%....100% - 21 passes
==PROF== Profiling "gemv" - 4: 0%....50%....100% - 21 passes
==PROF== Profiling "gemv" - 5: 0%....50%....100% - 21 passes
==PROF== Profiling "gemv" - 6: 0%....50%....100% - 21 passes
Precision packing benchmark
GPU: NVIDIA H200 NVL (sm_90)
Storage: fp4_e2m1
Wrote /storage/home/timofeirusanov/accessor_universal_test/results/018_precision_packing_bottlenecks/run_20260810T181143Z/profile/fp4_e2m1/fp32/gemv/fp4_e2m1_fp32_gemv_20260810T181143Z_metadata.csv
==PROF== Disconnected from process 3297407
==PROF== Report: /storage/home/timofeirusanov/accessor_universal_test/results/018_precision_packing_bottlenecks/run_20260810T181143Z/profile/fp4_e2m1/fp32/gemv/fp4_e2m1_fp32_gemv_20260810T181143Z.ncu-rep
==PROF== Connected to process 3297630 (/storage/home/timofeirusanov/accessor_universal_test/build-h200/bin/precision_packing_bench_fp4_e2m1)
==PROF== Profiling "dot_map" - 0: 0%....50%....100% - 21 passes
==PROF== Profiling "dot_finalize" - 1: 0%....50%....100% - 21 passes
==PROF== Profiling "dot_map" - 2: 0%....50%....100% - 21 passes
==PROF== Profiling "dot_finalize" - 3: 0%....50%....100% - 21 passes
==PROF== Profiling "dot_map" - 4: 0%....50%....100% - 21 passes
==PROF== Profiling "dot_finalize" - 5: 0%....50%....100% - 21 passes
==PROF== Profiling "dot_map" - 6: 0%....50%....100% - 21 passes
==PROF== Profiling "dot_finalize" - 7: 0%....50%....100% - 21 passes
==PROF== Profiling "dot_map" - 8: 0%....50%....100% - 21 passes
==PROF== Profiling "dot_finalize" - 9: 0%....50%....100% - 21 passes
==PROF== Profiling "dot_map" - 10: 0%....50%....100% - 21 passes
==PROF== Profiling "dot_finalize" - 11: 0%....50%....100% - 21 passes
==PROF== Profiling "dot_map" - 12: 0%....50%....100% - 21 passes
==PROF== Profiling "dot_finalize" - 13: 0%....50%....100% - 21 passes
Precision packing benchmark
GPU: NVIDIA H200 NVL (sm_90)
Storage: fp4_e2m1
Wrote /storage/home/timofeirusanov/accessor_universal_test/results/018_precision_packing_bottlenecks/run_20260810T181143Z/profile/fp4_e2m1/fp64/dot/fp4_e2m1_fp64_dot_20260810T181143Z_metadata.csv
==PROF== Disconnected from process 3297630
==PROF== Report: /storage/home/timofeirusanov/accessor_universal_test/results/018_precision_packing_bottlenecks/run_20260810T181143Z/profile/fp4_e2m1/fp64/dot/fp4_e2m1_fp64_dot_20260810T181143Z.ncu-rep
==PROF== Connected to process 3298010 (/storage/home/timofeirusanov/accessor_universal_test/build-h200/bin/precision_packing_bench_fp4_e2m1)
==PROF== Profiling "gemv" - 0: 0%....50%....100% - 21 passes
==PROF== Profiling "gemv" - 1: 0%....50%....100% - 21 passes
==PROF== Profiling "gemv" - 2: 0%....50%....100% - 21 passes
==PROF== Profiling "gemv" - 3: 0%....50%....100% - 21 passes
==PROF== Profiling "gemv" - 4: 0%....50%....100% - 21 passes
==PROF== Profiling "gemv" - 5: 0%....50%....100% - 21 passes
==PROF== Profiling "gemv" - 6: 0%....50%....100% - 21 passes
Precision packing benchmark
GPU: NVIDIA H200 NVL (sm_90)
Storage: fp4_e2m1
Wrote /storage/home/timofeirusanov/accessor_universal_test/results/018_precision_packing_bottlenecks/run_20260810T181143Z/profile/fp4_e2m1/fp64/gemv/fp4_e2m1_fp64_gemv_20260810T181143Z_metadata.csv
==PROF== Disconnected from process 3298010
==PROF== Report: /storage/home/timofeirusanov/accessor_universal_test/results/018_precision_packing_bottlenecks/run_20260810T181143Z/profile/fp4_e2m1/fp64/gemv/fp4_e2m1_fp64_gemv_20260810T181143Z.ncu-rep
==PROF== Connected to process 3298234 (/storage/home/timofeirusanov/accessor_universal_test/build-h200/bin/precision_packing_bench_fp64)
==PROF== Profiling "dot_map" - 0: 0%....50%....100% - 21 passes
==PROF== Profiling "dot_finalize" - 1: 0%....50%....100% - 21 passes
==PROF== Profiling "dot_map" - 2: 0%....50%....100% - 21 passes
==PROF== Profiling "dot_finalize" - 3: 0%....50%....100% - 21 passes
==PROF== Profiling "dot_map" - 4: 0%....50%....100% - 21 passes
==PROF== Profiling "dot_finalize" - 5: 0%....50%....100% - 21 passes
==PROF== Profiling "dot_map" - 6: 0%....50%....100% - 21 passes
==PROF== Profiling "dot_finalize" - 7: 0%....50%....100% - 21 passes
==PROF== Profiling "dot_map" - 8: 0%....50%....100% - 21 passes
==PROF== Profiling "dot_finalize" - 9: 0%....50%....100% - 21 passes
==PROF== Profiling "dot_map" - 10: 0%....50%....100% - 21 passes
==PROF== Profiling "dot_finalize" - 11: 0%....50%....100% - 21 passes
==PROF== Profiling "dot_map" - 12: 0%....50%....100% - 21 passes
==PROF== Profiling "dot_finalize" - 13: 0%....50%....100% - 21 passes
Precision packing benchmark
GPU: NVIDIA H200 NVL (sm_90)
Storage: fp64_e11m52
Wrote /storage/home/timofeirusanov/accessor_universal_test/results/018_precision_packing_bottlenecks/run_20260810T181143Z/profile/fp64/fp64/dot/fp64_fp64_dot_20260810T181143Z_metadata.csv
==PROF== Disconnected from process 3298234
==PROF== Report: /storage/home/timofeirusanov/accessor_universal_test/results/018_precision_packing_bottlenecks/run_20260810T181143Z/profile/fp64/fp64/dot/fp64_fp64_dot_20260810T181143Z.ncu-rep
==PROF== Connected to process 3298621 (/storage/home/timofeirusanov/accessor_universal_test/build-h200/bin/precision_packing_bench_fp64)
==PROF== Profiling "gemv" - 0: 0%....50%....100% - 21 passes
==PROF== Profiling "gemv" - 1: 0%....50%....100% - 21 passes
==PROF== Profiling "gemv" - 2: 0%....50%....100% - 21 passes
==PROF== Profiling "gemv" - 3: 0%....50%....100% - 21 passes
==PROF== Profiling "gemv" - 4: 0%....50%....100% - 21 passes
==PROF== Profiling "gemv" - 5: 0%....50%....100% - 21 passes
==PROF== Profiling "gemv" - 6: 0%....50%....100% - 21 passes
Precision packing benchmark
GPU: NVIDIA H200 NVL (sm_90)
Storage: fp64_e11m52
Wrote /storage/home/timofeirusanov/accessor_universal_test/results/018_precision_packing_bottlenecks/run_20260810T181143Z/profile/fp64/fp64/gemv/fp64_fp64_gemv_20260810T181143Z_metadata.csv
==PROF== Disconnected from process 3298621
==PROF== Report: /storage/home/timofeirusanov/accessor_universal_test/results/018_precision_packing_bottlenecks/run_20260810T181143Z/profile/fp64/fp64/gemv/fp64_fp64_gemv_20260810T181143Z.ncu-rep
Mapped 354 profiled kernels to 236 logical operations

Precision-packing bottleneck experiment complete:
  /storage/home/timofeirusanov/accessor_universal_test/results/018_precision_packing_bottlenecks/run_20260810T181143Z
  /storage/home/timofeirusanov/accessor_universal_test/results/018_precision_packing_bottlenecks/run_20260810T181143Z/timing_summary.csv
  /storage/home/timofeirusanov/accessor_universal_test/results/018_precision_packing_bottlenecks/run_20260810T181143Z/component_summary.csv
  /storage/home/timofeirusanov/accessor_universal_test/results/018_precision_packing_bottlenecks/run_20260810T181143Z/roof_metrics.csv
  /storage/home/timofeirusanov/accessor_universal_test/results/018_precision_packing_bottlenecks/run_20260810T181143Z/resource_floors.csv
  /storage/home/timofeirusanov/accessor_universal_test/results/018_precision_packing_bottlenecks/run_20260810T181143Z/profile_operations.csv
