-- The CXX compiler identification is GNU 11.5.0
-- The CUDA compiler identification is NVIDIA 13.1.115
-- Detecting CXX compiler ABI info
-- Detecting CXX compiler ABI info - done
-- Check for working CXX compiler: /usr/bin/c++ - skipped
-- Detecting CXX compile features
-- Detecting CXX compile features - done
-- Detecting CUDA compiler ABI info
-- Detecting CUDA compiler ABI info - done
-- Check for working CUDA compiler: /storage/apps/opt/spack/opt/spack/__spack_path_placeholder__/__spack_path_placeholder__/__spack_path_placeholder__/__spack_path_placeholder__/__spack_path_placeholder__/__spack_path_placeholder__/__spack_path_placeholder__/__spack_path_placeholder__/__spac/linux-x86_64_v3/cuda-13.1.1-ob4osjedbwoxkf5l3w5bvc3kycejthpt/bin/nvcc - skipped
-- Detecting CUDA compile features
-- Detecting CUDA compile features - done
-- Found CUDAToolkit: /storage/apps/opt/spack/opt/spack/__spack_path_placeholder__/__spack_path_placeholder__/__spack_path_placeholder__/__spack_path_placeholder__/__spack_path_placeholder__/__spack_path_placeholder__/__spack_path_placeholder__/__spack_path_placeholder__/__spac/linux-x86_64_v3/cuda-13.1.1-ob4osjedbwoxkf5l3w5bvc3kycejthpt/include (found version "13.1.115") 
-- Performing Test CMAKE_HAVE_LIBC_PTHREAD
-- Performing Test CMAKE_HAVE_LIBC_PTHREAD - Success
-- Found Threads: TRUE  
-- Configuring done (3.2s)
-- Generating done (3.0s)
-- Build files have been written to: /storage/home/timofeirusanov/accessor_universal_test_block_scale/build-block-scale-460443
[100%] Building CXX object CMakeFiles/block_scale_core_test.dir/tests/block_scale_core_test.cpp.o
[100%] Linking CXX executable bin/block_scale_core_test
[100%] Built target block_scale_core_test
[  0%] Building CUDA object CMakeFiles/block_scale_dot_bench.dir/src/block_scale_dot_bench.cu.o
ptxas info    : 0 bytes gmem
ptxas info    : Compiling entry function '_ZN3aut11block_scale15reduce64_kernelEPKdPd' for 'sm_90'
ptxas info    : Function properties for _ZN3aut11block_scale15reduce64_kernelEPKdPd
    0 bytes stack frame, 0 bytes spill stores, 0 bytes spill loads
ptxas info    : Used 14 registers, used 1 barriers, 2048 bytes smem
ptxas info    : Compile time = 5.598 ms
ptxas info    : Compiling entry function '_ZN3aut11block_scale15reduce32_kernelEPKfPf' for 'sm_90'
ptxas info    : Function properties for _ZN3aut11block_scale15reduce32_kernelEPKfPf
    0 bytes stack frame, 0 bytes spill stores, 0 bytes spill loads
ptxas info    : Used 11 registers, used 1 barriers, 1024 bytes smem
ptxas info    : Compile time = 4.238 ms
ptxas info    : Compiling entry function '_ZN3aut11block_scale12raw64_kernelEPKdS2_mPd' for 'sm_90'
ptxas info    : Function properties for _ZN3aut11block_scale12raw64_kernelEPKdS2_mPd
    0 bytes stack frame, 0 bytes spill stores, 0 bytes spill loads
ptxas info    : Used 18 registers, used 1 barriers, 2048 bytes smem
ptxas info    : Compile time = 5.144 ms
ptxas info    : Compiling entry function '_ZN3aut11block_scale16widened32_kernelEPKfS2_mPd' for 'sm_90'
ptxas info    : Function properties for _ZN3aut11block_scale16widened32_kernelEPKfS2_mPd
    0 bytes stack frame, 0 bytes spill stores, 0 bytes spill loads
ptxas info    : Used 22 registers, used 1 barriers, 2048 bytes smem
ptxas info    : Compile time = 5.390 ms
ptxas info    : Compiling entry function '_ZN3aut11block_scale12raw32_kernelEPKfS2_mPf' for 'sm_90'
ptxas info    : Function properties for _ZN3aut11block_scale12raw32_kernelEPKfS2_mPf
    0 bytes stack frame, 0 bytes spill stores, 0 bytes spill loads
ptxas info    : Used 16 registers, used 1 barriers, 1024 bytes smem
ptxas info    : Compile time = 4.912 ms
ptxas info    : Compiling entry function '_ZN3aut11block_scale15deferred_kernelILi128EdEEvPKfS3_PKT0_S6_mPd' for 'sm_90'
ptxas info    : Function properties for _ZN3aut11block_scale15deferred_kernelILi128EdEEvPKfS3_PKT0_S6_mPd
    0 bytes stack frame, 0 bytes spill stores, 0 bytes spill loads
ptxas info    : Used 28 registers, used 1 barriers, 2048 bytes smem
ptxas info    : Compile time = 8.246 ms
ptxas info    : Compiling entry function '_ZN3aut11block_scale15deferred_kernelILi32EdEEvPKfS3_PKT0_S6_mPd' for 'sm_90'
ptxas info    : Function properties for _ZN3aut11block_scale15deferred_kernelILi32EdEEvPKfS3_PKT0_S6_mPd
    0 bytes stack frame, 0 bytes spill stores, 0 bytes spill loads
ptxas info    : Used 26 registers, used 1 barriers, 2048 bytes smem
ptxas info    : Compile time = 7.392 ms
ptxas info    : Compiling entry function '_ZN3aut11block_scale15deferred_kernelILi16EdEEvPKfS3_PKT0_S6_mPd' for 'sm_90'
ptxas info    : Function properties for _ZN3aut11block_scale15deferred_kernelILi16EdEEvPKfS3_PKT0_S6_mPd
    0 bytes stack frame, 0 bytes spill stores, 0 bytes spill loads
ptxas info    : Used 26 registers, used 1 barriers, 2048 bytes smem
ptxas info    : Compile time = 6.896 ms
ptxas info    : Compiling entry function '_ZN3aut11block_scale15deferred_kernelILi128EfEEvPKfS3_PKT0_S6_mPd' for 'sm_90'
ptxas info    : Function properties for _ZN3aut11block_scale15deferred_kernelILi128EfEEvPKfS3_PKT0_S6_mPd
    0 bytes stack frame, 0 bytes spill stores, 0 bytes spill loads
ptxas info    : Used 26 registers, used 1 barriers, 2048 bytes smem
ptxas info    : Compile time = 8.188 ms
ptxas info    : Compiling entry function '_ZN3aut11block_scale15deferred_kernelILi32EfEEvPKfS3_PKT0_S6_mPd' for 'sm_90'
ptxas info    : Function properties for _ZN3aut11block_scale15deferred_kernelILi32EfEEvPKfS3_PKT0_S6_mPd
    0 bytes stack frame, 0 bytes spill stores, 0 bytes spill loads
ptxas info    : Used 27 registers, used 1 barriers, 2048 bytes smem
ptxas info    : Compile time = 7.470 ms
ptxas info    : Compiling entry function '_ZN3aut11block_scale15deferred_kernelILi16EfEEvPKfS3_PKT0_S6_mPd' for 'sm_90'
ptxas info    : Function properties for _ZN3aut11block_scale15deferred_kernelILi16EfEEvPKfS3_PKT0_S6_mPd
    0 bytes stack frame, 0 bytes spill stores, 0 bytes spill loads
ptxas info    : Used 27 registers, used 1 barriers, 2048 bytes smem
ptxas info    : Compile time = 6.956 ms
ptxas info    : Compiling entry function '_ZN3aut11block_scale18per_element_kernelILi128EdEEvPKfS3_PKT0_S6_mPd' for 'sm_90'
ptxas info    : Function properties for _ZN3aut11block_scale18per_element_kernelILi128EdEEvPKfS3_PKT0_S6_mPd
    0 bytes stack frame, 0 bytes spill stores, 0 bytes spill loads
ptxas info    : Used 24 registers, used 1 barriers, 2048 bytes smem
ptxas info    : Compile time = 5.585 ms
ptxas info    : Compiling entry function '_ZN3aut11block_scale18per_element_kernelILi32EdEEvPKfS3_PKT0_S6_mPd' for 'sm_90'
ptxas info    : Function properties for _ZN3aut11block_scale18per_element_kernelILi32EdEEvPKfS3_PKT0_S6_mPd
    0 bytes stack frame, 0 bytes spill stores, 0 bytes spill loads
ptxas info    : Used 24 registers, used 1 barriers, 2048 bytes smem
ptxas info    : Compile time = 5.562 ms
ptxas info    : Compiling entry function '_ZN3aut11block_scale18per_element_kernelILi16EdEEvPKfS3_PKT0_S6_mPd' for 'sm_90'
ptxas info    : Function properties for _ZN3aut11block_scale18per_element_kernelILi16EdEEvPKfS3_PKT0_S6_mPd
    0 bytes stack frame, 0 bytes spill stores, 0 bytes spill loads
ptxas info    : Used 24 registers, used 1 barriers, 2048 bytes smem
ptxas info    : Compile time = 5.562 ms
ptxas info    : Compiling entry function '_ZN3aut11block_scale18per_element_kernelILi128EfEEvPKfS3_PKT0_S6_mPd' for 'sm_90'
ptxas info    : Function properties for _ZN3aut11block_scale18per_element_kernelILi128EfEEvPKfS3_PKT0_S6_mPd
    0 bytes stack frame, 0 bytes spill stores, 0 bytes spill loads
ptxas info    : Used 30 registers, used 1 barriers, 2048 bytes smem
ptxas info    : Compile time = 5.606 ms
ptxas info    : Compiling entry function '_ZN3aut11block_scale18per_element_kernelILi32EfEEvPKfS3_PKT0_S6_mPd' for 'sm_90'
ptxas info    : Function properties for _ZN3aut11block_scale18per_element_kernelILi32EfEEvPKfS3_PKT0_S6_mPd
    0 bytes stack frame, 0 bytes spill stores, 0 bytes spill loads
ptxas info    : Used 30 registers, used 1 barriers, 2048 bytes smem
ptxas info    : Compile time = 5.604 ms
ptxas info    : Compiling entry function '_ZN3aut11block_scale18per_element_kernelILi16EfEEvPKfS3_PKT0_S6_mPd' for 'sm_90'
ptxas info    : Function properties for _ZN3aut11block_scale18per_element_kernelILi16EfEEvPKfS3_PKT0_S6_mPd
    0 bytes stack frame, 0 bytes spill stores, 0 bytes spill loads
ptxas info    : Used 30 registers, used 1 barriers, 2048 bytes smem
ptxas info    : Compile time = 5.614 ms
[100%] Linking CUDA executable bin/block_scale_dot_bench
[100%] Built target block_scale_dot_bench
block_scale_core_test passed
SASS audit passed: 17 timed first-stage kernels
99410d5765f9e7e34b3dc8570f44c2d70fcfdcb0
ec4d92bccca4c2ebb8197b6daf4d59d89ca35fbbe6d9bdf700cf828079d3533b  /storage/home/timofeirusanov/accessor_universal_test_block_scale/build-block-scale-460443/bin/block_scale_dot_bench
2127db92b13fe61e799dffdb8388c4aaa626b3a0fb4b624ea5d47038a6e1dc91  /storage/home/timofeirusanov/accessor_universal_test_block_scale/results/033_block_scale_dot/preflight_460443/block_scale.sass.txt
af181c9ec0eaefeaf3d4a52470e912119d604e7248dc654b07b404de31bcc337  /storage/home/timofeirusanov/accessor_universal_test_block_scale/results/033_block_scale_dot/preflight_460443/assembly_audit.json
PREFLIGHT_COMPLETE
