-- The CXX compiler identification is GNU 11.5.0
-- The CUDA compiler identification is NVIDIA 13.1.115
-- Detecting CXX compiler ABI info
-- Detecting CXX compiler ABI info - done
-- Check for working CXX compiler: /usr/bin/c++ - skipped
-- Detecting CXX compile features
-- Detecting CXX compile features - done
-- Detecting CUDA compiler ABI info
-- Detecting CUDA compiler ABI info - done
-- Check for working CUDA compiler: /storage/apps/opt/spack/opt/spack/__spack_path_placeholder__/__spack_path_placeholder__/__spack_path_placeholder__/__spack_path_placeholder__/__spack_path_placeholder__/__spack_path_placeholder__/__spack_path_placeholder__/__spack_path_placeholder__/__spac/linux-x86_64_v3/cuda-13.1.1-ob4osjedbwoxkf5l3w5bvc3kycejthpt/bin/nvcc - skipped
-- Detecting CUDA compile features
-- Detecting CUDA compile features - done
-- Found CUDAToolkit: /storage/apps/opt/spack/opt/spack/__spack_path_placeholder__/__spack_path_placeholder__/__spack_path_placeholder__/__spack_path_placeholder__/__spack_path_placeholder__/__spack_path_placeholder__/__spack_path_placeholder__/__spack_path_placeholder__/__spac/linux-x86_64_v3/cuda-13.1.1-ob4osjedbwoxkf5l3w5bvc3kycejthpt/include (found version "13.1.115") 
-- Performing Test CMAKE_HAVE_LIBC_PTHREAD
-- Performing Test CMAKE_HAVE_LIBC_PTHREAD - Success
-- Found Threads: TRUE  
-- Configuring done (1.7s)
-- Generating done (1.7s)
-- Build files have been written to: /storage/home/timofeirusanov/accessor_universal_test_dyadic_normal32/build-h200-dyadic-normal32-12d6a003e520
Building CXX object CMakeFiles/dyadic_normal32_core_test.dir/tests/dyadic_normal32_core_test.cpp.o
Linking CXX executable dyadic_normal32_core_test
Built target dyadic_normal32_core_test
[  0%] Building CUDA object CMakeFiles/dyadic_normal32_bench.dir/src/dyadic_normal32_bench.cu.o
ptxas info    : 0 bytes gmem
ptxas info    : Compiling entry function '_ZN53_GLOBAL__N__bc729cc4_24_dyadic_normal32_bench_cu_main24decode_validation_kernelEPKjmPKN3aut15dyadic_normal3220segment_coefficientsEPd' for 'sm_90'
ptxas info    : Function properties for _ZN53_GLOBAL__N__bc729cc4_24_dyadic_normal32_bench_cu_main24decode_validation_kernelEPKjmPKN3aut15dyadic_normal3220segment_coefficientsEPd
    0 bytes stack frame, 0 bytes spill stores, 0 bytes spill loads
ptxas info    : Used 16 registers, used 1 barriers, 512 bytes smem
ptxas info    : Compile time = 4.281 ms
ptxas info    : Compiling entry function '_ZN53_GLOBAL__N__bc729cc4_24_dyadic_normal32_bench_cu_main22segment_metrics_kernelEPKjmPy' for 'sm_90'
ptxas info    : Function properties for _ZN53_GLOBAL__N__bc729cc4_24_dyadic_normal32_bench_cu_main22segment_metrics_kernelEPKjmPy
    0 bytes stack frame, 0 bytes spill stores, 0 bytes spill loads
ptxas info    : Used 16 registers, used 0 barriers
ptxas info    : Compile time = 2.262 ms
ptxas info    : Compiling entry function '_ZN53_GLOBAL__N__bc729cc4_24_dyadic_normal32_bench_cu_main19finalize_dot_kernelEPKfmPf' for 'sm_90'
ptxas info    : Function properties for _ZN53_GLOBAL__N__bc729cc4_24_dyadic_normal32_bench_cu_main19finalize_dot_kernelEPKfmPf
    0 bytes stack frame, 0 bytes spill stores, 0 bytes spill loads
ptxas info    : Used 10 registers, used 1 barriers, 1024 bytes smem
ptxas info    : Compile time = 2.262 ms
ptxas info    : Compiling entry function '_ZN53_GLOBAL__N__bc729cc4_24_dyadic_normal32_bench_cu_main19finalize_dot_kernelEPKdmPd' for 'sm_90'
ptxas info    : Function properties for _ZN53_GLOBAL__N__bc729cc4_24_dyadic_normal32_bench_cu_main19finalize_dot_kernelEPKdmPd
    0 bytes stack frame, 0 bytes spill stores, 0 bytes spill loads
ptxas info    : Used 12 registers, used 1 barriers, 2048 bytes smem
ptxas info    : Compile time = 2.051 ms
ptxas info    : Compiling entry function '_ZN53_GLOBAL__N__bc729cc4_24_dyadic_normal32_bench_cu_main23dot_fp32_to_fp64_kernelEPKfS1_mPd' for 'sm_90'
ptxas info    : Function properties for _ZN53_GLOBAL__N__bc729cc4_24_dyadic_normal32_bench_cu_main23dot_fp32_to_fp64_kernelEPKfS1_mPd
    0 bytes stack frame, 0 bytes spill stores, 0 bytes spill loads
ptxas info    : Used 22 registers, used 1 barriers, 2048 bytes smem
ptxas info    : Compile time = 2.530 ms
ptxas info    : Compiling entry function '_ZN53_GLOBAL__N__bc729cc4_24_dyadic_normal32_bench_cu_main19dot_raw_fp32_kernelEPKfS1_mPf' for 'sm_90'
ptxas info    : Function properties for _ZN53_GLOBAL__N__bc729cc4_24_dyadic_normal32_bench_cu_main19dot_raw_fp32_kernelEPKfS1_mPf
    0 bytes stack frame, 0 bytes spill stores, 0 bytes spill loads
ptxas info    : Used 16 registers, used 1 barriers, 1024 bytes smem
ptxas info    : Compile time = 2.413 ms
ptxas info    : Compiling entry function '_ZN53_GLOBAL__N__bc729cc4_24_dyadic_normal32_bench_cu_main19dot_raw_fp64_kernelEPKdS1_mPd' for 'sm_90'
ptxas info    : Function properties for _ZN53_GLOBAL__N__bc729cc4_24_dyadic_normal32_bench_cu_main19dot_raw_fp64_kernelEPKdS1_mPd
    0 bytes stack frame, 0 bytes spill stores, 0 bytes spill loads
ptxas info    : Used 18 registers, used 1 barriers, 2048 bytes smem
ptxas info    : Compile time = 2.420 ms
ptxas info    : Compiling entry function '_ZN53_GLOBAL__N__bc729cc4_24_dyadic_normal32_bench_cu_main26dot_dyadic_normal32_kernelEPKjS1_mPKN3aut15dyadic_normal3220segment_coefficientsEPd' for 'sm_90'
ptxas info    : Function properties for _ZN53_GLOBAL__N__bc729cc4_24_dyadic_normal32_bench_cu_main26dot_dyadic_normal32_kernelEPKjS1_mPKN3aut15dyadic_normal3220segment_coefficientsEPd
    0 bytes stack frame, 0 bytes spill stores, 0 bytes spill loads
ptxas info    : Used 30 registers, used 1 barriers
ptxas info    : Compile time = 3.883 ms
ptxas info    : Compiling entry function '_ZN53_GLOBAL__N__bc729cc4_24_dyadic_normal32_bench_cu_main26generate_raw_values_kernelEPfmm' for 'sm_90'
ptxas info    : Function properties for _ZN53_GLOBAL__N__bc729cc4_24_dyadic_normal32_bench_cu_main26generate_raw_values_kernelEPfmm
    0 bytes stack frame, 0 bytes spill stores, 0 bytes spill loads
ptxas info    : Used 12 registers, used 0 barriers
ptxas info    : Compile time = 1.655 ms
ptxas info    : Compiling entry function '_ZN53_GLOBAL__N__bc729cc4_24_dyadic_normal32_bench_cu_main26generate_raw_values_kernelEPdmm' for 'sm_90'
ptxas info    : Function properties for _ZN53_GLOBAL__N__bc729cc4_24_dyadic_normal32_bench_cu_main26generate_raw_values_kernelEPdmm
    0 bytes stack frame, 0 bytes spill stores, 0 bytes spill loads
ptxas info    : Used 16 registers, used 0 barriers
ptxas info    : Compile time = 1.683 ms
ptxas info    : Compiling entry function '_ZN53_GLOBAL__N__bc729cc4_24_dyadic_normal32_bench_cu_main29generate_genuine_codes_kernelEPjmmPKd' for 'sm_90'
ptxas info    : Function properties for _ZN53_GLOBAL__N__bc729cc4_24_dyadic_normal32_bench_cu_main29generate_genuine_codes_kernelEPjmmPKd
    0 bytes stack frame, 0 bytes spill stores, 0 bytes spill loads
ptxas info    : Used 32 registers, used 0 barriers
ptxas info    : Compile time = 4.969 ms
ptxas info    : Compiling entry function '_ZN53_GLOBAL__N__bc729cc4_24_dyadic_normal32_bench_cu_main21generate_codes_kernelEPjmmd' for 'sm_90'
ptxas info    : Function properties for _ZN53_GLOBAL__N__bc729cc4_24_dyadic_normal32_bench_cu_main21generate_codes_kernelEPjmmd
    0 bytes stack frame, 0 bytes spill stores, 0 bytes spill loads
ptxas info    : Used 26 registers, used 0 barriers
ptxas info    : Compile time = 2.806 ms
[100%] Linking CUDA executable bin/dyadic_normal32_bench
[100%] Built target dyadic_normal32_bench
Internal ctest changing into directory: /storage/home/timofeirusanov/accessor_universal_test_dyadic_normal32/build-h200-dyadic-normal32-12d6a003e520
Test project /storage/home/timofeirusanov/accessor_universal_test_dyadic_normal32/build-h200-dyadic-normal32-12d6a003e520
    Start 9: dyadic_normal32_core_test
1/1 Test #9: dyadic_normal32_core_test ........   Passed    0.00 sec

100% tests passed, 0 tests failed out of 1

Total Test time (real) =   0.01 sec
GPU: NVIDIA H200 NVL
N=1048576, warmups=1, samples=3
raw_fp64/before complete
raw_fp32/before complete
fp32_to_fp64/before complete
dyadic_normal32/hot_uniform/forward target X=0 actual X=0 q=0
dyadic_normal32/hot_uniform/forward target X=0.5 actual X=0.499468 q=0.373418
dyadic_normal32/hot_uniform/forward target X=1 actual X=0.999774 q=1
dyadic_normal32/genuine_n01/forward target X=0.100185 actual X=0.100209 q=nan
dyadic_normal32/genuine_n01/reverse target X=0.100185 actual X=0.100209 q=nan
dyadic_normal32/hot_uniform/reverse target X=1 actual X=0.999774 q=1
dyadic_normal32/hot_uniform/reverse target X=0.5 actual X=0.499468 q=0.373418
dyadic_normal32/hot_uniform/reverse target X=0 actual X=0 q=0
dyadic_normal32 sink=-104437
fp32_to_fp64/after complete
raw_fp32/after complete
raw_fp64/after complete
Wrote /storage/home/timofeirusanov/accessor_universal_test_dyadic_normal32/results/030_dyadic_normal32_dispersion/run_20260830T182119Z/smoke/timing_samples.csv
Wrote /storage/home/timofeirusanov/accessor_universal_test_dyadic_normal32/results/030_dyadic_normal32_dispersion/run_20260830T182119Z/smoke/access_metrics.csv
Wrote /storage/home/timofeirusanov/accessor_universal_test_dyadic_normal32/results/030_dyadic_normal32_dispersion/run_20260830T182119Z/smoke/correctness_checks.txt
Wrote /storage/home/timofeirusanov/accessor_universal_test_dyadic_normal32/results/030_dyadic_normal32_dispersion/run_20260830T182119Z/smoke/coefficient_table.csv
DyadicNormal32 smoke complete: /storage/home/timofeirusanov/accessor_universal_test_dyadic_normal32/results/030_dyadic_normal32_dispersion/run_20260830T182119Z/smoke
