-- Configuring done (0.2s)
-- Generating done (10.4s)
-- Build files have been written to: /storage/home/timofeirusanov/accessor_universal_test/build-h200
[100%] Built target posit_takum_core_test
Internal ctest changing into directory: /storage/home/timofeirusanov/accessor_universal_test/build-h200
Test project /storage/home/timofeirusanov/accessor_universal_test/build-h200
    Start 6: posit_takum_core_test
1/1 Test #6: posit_takum_core_test ............   Passed    0.00 sec

100% tests passed, 0 tests failed out of 1

Total Test time (real) =   0.00 sec
Verified source-bound committed independent reference evidence
status=pass
generated_utc=2026-08-26
universal_commit=e8254b96924e44d8af6f8a62c9ec18e5c5708299
core_sha256=d002cae4a83af01ae9463ba9f6590880e7a351591df9b35973b1c7c1b5439f9c
validator_sha256=2d76caed5ef4e4c77c46ac7870ff091007291b88dea889babc653409246a5a70
coverage=exhaustive_8_14_16;random_1000000_plus_boundaries_32
posit_reference=Universal
linear_takum_reference=Universal_FP64_then_target_rounding
log_takum_reference=independent_paper_formula
fp32_log_takum_tolerance_ulp=2
fp64_log_takum_tolerance_ulp=1
output=Universal_and_log-takum_paper-formula_cross-validation_passed
[100%] Built target posit_takum_strategy_bench_posit8_es0
[  0%] Linking CUDA executable bin/posit_takum_strategy_bench_posit14_es1
[100%] Built target posit_takum_strategy_bench_posit14_es1
[  0%] Linking CUDA executable bin/posit_takum_strategy_bench_posit16_es1
[100%] Built target posit_takum_strategy_bench_posit16_es1
[  0%] Linking CUDA executable bin/posit_takum_strategy_bench_posit32_es2
[100%] Built target posit_takum_strategy_bench_posit32_es2
[  0%] Linking CUDA executable bin/posit_takum_strategy_bench_takum8
[100%] Built target posit_takum_strategy_bench_takum8
[100%] Linking CUDA executable bin/posit_takum_strategy_bench_takum14
[100%] Built target posit_takum_strategy_bench_takum14
[100%] Linking CUDA executable bin/posit_takum_strategy_bench_takum16
[100%] Built target posit_takum_strategy_bench_takum16
Linking CUDA executable bin/posit_takum_strategy_bench_takum32
Built target posit_takum_strategy_bench_takum32
[100%] Linking CUDA executable bin/posit_takum_strategy_bench_takum_log8
[100%] Built target posit_takum_strategy_bench_takum_log8
[  0%] Linking CUDA executable bin/posit_takum_strategy_bench_takum_log14
[100%] Built target posit_takum_strategy_bench_takum_log14
[  0%] Linking CUDA executable bin/posit_takum_strategy_bench_takum_log16
[100%] Built target posit_takum_strategy_bench_takum_log16
[  0%] Linking CUDA executable bin/posit_takum_strategy_bench_takum_log32
[100%] Built target posit_takum_strategy_bench_takum_log32
[100%] Built target ieee_scalar_strategy_bench_fp8_e4m3_fp32
[100%] Built target ieee_scalar_strategy_bench_fp8_e4m3_fp64
Built target ieee_scalar_strategy_bench_fp8_e5m2_fp32
[100%] Built target ieee_scalar_strategy_bench_fp8_e5m2_fp64
[100%] Built target ieee_scalar_strategy_bench_e3m4_fp32
[100%] Built target ieee_scalar_strategy_bench_e3m4_fp64
[100%] Built target ieee_scalar_strategy_bench_e6m1_fp32
[100%] Built target ieee_scalar_strategy_bench_e6m1_fp64
[100%] Built target ieee_scalar_strategy_bench_e8m5_fp32
[100%] Built target ieee_scalar_strategy_bench_e11m2_fp64
[100%] Built target ieee_scalar_strategy_bench_e2m11_fp32
[100%] Built target ieee_scalar_strategy_bench_e2m11_fp64
[100%] Built target ieee_scalar_strategy_bench_e5m8_fp32
[100%] Built target ieee_scalar_strategy_bench_e5m8_fp64
[100%] Built target ieee_scalar_strategy_bench_fp16_e5m10_fp32
[100%] Built target ieee_scalar_strategy_bench_fp16_e5m10_fp64
[100%] Built target ieee_scalar_strategy_bench_bf16_e8m7_fp32
Built target ieee_scalar_strategy_bench_bf16_e8m7_fp64
[100%] Built target ieee_scalar_strategy_bench_e11m4_fp64
[100%] Built target ieee_scalar_strategy_bench_e3m12_fp32
Built target ieee_scalar_strategy_bench_e3m12_fp64
[100%] Built target ieee_scalar_strategy_bench_e6m9_fp32
Built target ieee_scalar_strategy_bench_e6m9_fp64
[100%] Built target ieee_scalar_strategy_bench_fp32_e8m23_fp32
[100%] Built target ieee_scalar_strategy_bench_fp32_e8m23_fp64
[100%] Built target ieee_scalar_strategy_bench_e11m20_fp64
[100%] Built target ieee_scalar_strategy_bench_e4m27_fp64
[100%] Built target ieee_scalar_strategy_bench_e10m21_fp64
[100%] Built target lut_content_control_bench_8_fp32
[100%] Built target lut_content_control_bench_8_fp64
[100%] Built target lut_content_control_bench_14_fp32
[100%] Built target lut_content_control_bench_14_fp64
format=posit8_es0 gpu=NVIDIA H200 NVL mode=smoke
completed posit8_es0
format=posit14_es1 gpu=NVIDIA H200 NVL mode=smoke
completed posit14_es1
format=posit16_es1 gpu=NVIDIA H200 NVL mode=smoke
completed posit16_es1
format=posit32_es2 gpu=NVIDIA H200 NVL mode=smoke
completed posit32_es2
format=takum8 gpu=NVIDIA H200 NVL mode=smoke
completed takum8
format=takum14 gpu=NVIDIA H200 NVL mode=smoke
completed takum14
format=takum16 gpu=NVIDIA H200 NVL mode=smoke
completed takum16
format=takum32 gpu=NVIDIA H200 NVL mode=smoke
completed takum32
format=takum_log8 gpu=NVIDIA H200 NVL mode=smoke
completed takum_log8
format=takum_log14 gpu=NVIDIA H200 NVL mode=smoke
completed takum_log14
format=takum_log16 gpu=NVIDIA H200 NVL mode=smoke
completed takum_log16
format=takum_log32 gpu=NVIDIA H200 NVL mode=smoke
completed takum_log32
completed fp8_e4m3 fp32
completed fp8_e4m3 fp64
completed fp8_e5m2 fp32
completed fp8_e5m2 fp64
completed e3m4 fp32
completed e3m4 fp64
completed e6m1 fp32
completed e6m1 fp64
completed e8m5 fp32
completed e11m2 fp64
completed e2m11 fp32
completed e2m11 fp64
completed e5m8 fp32
completed e5m8 fp64
completed fp16_e5m10 fp32
completed fp16_e5m10 fp64
completed bf16_e8m7 fp32
completed bf16_e8m7 fp64
completed e11m4 fp64
completed e3m12 fp32
completed e3m12 fp64
completed e6m9 fp32
completed e6m9 fp64
completed fp32_e8m23 fp32
completed fp32_e8m23 fp64
completed e11m20 fp64
completed e4m27 fp64
completed e10m21 fp64
completed 8-bit fp32 LUT-content control
completed 8-bit fp64 LUT-content control
completed 14-bit fp32 LUT-content control
completed 14-bit fp64 LUT-content control
{"decoder_rows": 119, "histogram_rows": 23489, "infeasible_cases": 0, "mode": "smoke", "timed_cases": 604, "timing_rows": 1208}
posit/takum smoke complete: /storage/home/timofeirusanov/accessor_universal_test/results/024_posit_takum_strategy_performance/run_20260826T183226Z
