slurmstepd: error: Unable to create TMPDIR [/scratch/timofeirusanov/tmp]: No such file or directory
slurmstepd: error: Setting TMPDIR to /tmp
-- The CXX compiler identification is GNU 11.5.0
-- The CUDA compiler identification is NVIDIA 13.1.115
-- Detecting CXX compiler ABI info
-- Detecting CXX compiler ABI info - done
-- Check for working CXX compiler: /usr/bin/c++ - skipped
-- Detecting CXX compile features
-- Detecting CXX compile features - done
-- Detecting CUDA compiler ABI info
-- Detecting CUDA compiler ABI info - done
-- Check for working CUDA compiler: /storage/apps/opt/spack/opt/spack/__spack_path_placeholder__/__spack_path_placeholder__/__spack_path_placeholder__/__spack_path_placeholder__/__spack_path_placeholder__/__spack_path_placeholder__/__spack_path_placeholder__/__spack_path_placeholder__/__spac/linux-x86_64_v3/cuda-13.1.1-ob4osjedbwoxkf5l3w5bvc3kycejthpt/bin/nvcc - skipped
-- Detecting CUDA compile features
-- Detecting CUDA compile features - done
-- Found CUDAToolkit: /storage/apps/opt/spack/opt/spack/__spack_path_placeholder__/__spack_path_placeholder__/__spack_path_placeholder__/__spack_path_placeholder__/__spack_path_placeholder__/__spack_path_placeholder__/__spack_path_placeholder__/__spack_path_placeholder__/__spac/linux-x86_64_v3/cuda-13.1.1-ob4osjedbwoxkf5l3w5bvc3kycejthpt/include (found version "13.1.115") 
-- Performing Test CMAKE_HAVE_LIBC_PTHREAD
-- Performing Test CMAKE_HAVE_LIBC_PTHREAD - Success
-- Found Threads: TRUE  
-- Configuring done (1.8s)
-- Generating done (1.8s)
-- Build files have been written to: /storage/home/timofeirusanov/accessor_universal_test_lut_distribution/build-h200-lut-distribution-a0d7b554964e
[100%] Building CXX object CMakeFiles/lut_distribution_core_test.dir/tests/lut_distribution_core_test.cpp.o
[100%] Linking CXX executable lut_distribution_core_test
[100%] Built target lut_distribution_core_test
[100%] Building CUDA object CMakeFiles/lut_distribution_bench.dir/src/lut_distribution_bench.cu.o
/storage/home/timofeirusanov/accessor_universal_test_lut_distribution/include/lns_benchmark_core.hpp(186): warning #20013-D: calling a constexpr __host__ function("quiet_NaN") from a __host__ __device__ function("decode") is not allowed. The experimental flag '--expt-relaxed-constexpr' can be used to allow this.
      return std::numeric_limits<Target>::quiet_NaN();
             ^
          detected during instantiation of "Target aut::lns::decode<Format,Target>(uint32_t) [with Format=aut::lns::lns16_r11, Target=float]" at line 316 of /storage/home/timofeirusanov/accessor_universal_test_lut_distribution/src/lut_distribution_bench.cu

Remark: The warnings can be suppressed with "-diag-suppress <warning-number>"

ptxas info    : 0 bytes gmem
ptxas info    : Compiling entry function '_ZN54_GLOBAL__N__942afe5e_25_lut_distribution_bench_cu_main19finalize_dot_kernelEPKfmPf' for 'sm_90'
ptxas info    : Function properties for _ZN54_GLOBAL__N__942afe5e_25_lut_distribution_bench_cu_main19finalize_dot_kernelEPKfmPf
    0 bytes stack frame, 0 bytes spill stores, 0 bytes spill loads
ptxas info    : Used 10 registers, used 1 barriers, 1024 bytes smem
ptxas info    : Compile time = 7.659 ms
ptxas info    : Compiling entry function '_ZN54_GLOBAL__N__942afe5e_25_lut_distribution_bench_cu_main19dot_lut_fp32_kernelEPKtS1_mPKfPf' for 'sm_90'
ptxas info    : Function properties for _ZN54_GLOBAL__N__942afe5e_25_lut_distribution_bench_cu_main19dot_lut_fp32_kernelEPKtS1_mPKfPf
    0 bytes stack frame, 0 bytes spill stores, 0 bytes spill loads
ptxas info    : Used 22 registers, used 1 barriers, 1024 bytes smem
ptxas info    : Compile time = 2.952 ms
ptxas info    : Compiling entry function '_ZN54_GLOBAL__N__942afe5e_25_lut_distribution_bench_cu_main24unique_sector_sum_kernelEPKtmPy' for 'sm_90'
ptxas info    : Function properties for _ZN54_GLOBAL__N__942afe5e_25_lut_distribution_bench_cu_main24unique_sector_sum_kernelEPKtmPy
    0 bytes stack frame, 0 bytes spill stores, 0 bytes spill loads
ptxas info    : Used 18 registers, used 0 barriers
ptxas info    : Compile time = 2.352 ms
ptxas info    : Compiling entry function '_ZN54_GLOBAL__N__942afe5e_25_lut_distribution_bench_cu_main21generate_codes_kernelEPtmmi' for 'sm_90'
ptxas info    : Function properties for _ZN54_GLOBAL__N__942afe5e_25_lut_distribution_bench_cu_main21generate_codes_kernelEPtmmi
    0 bytes stack frame, 0 bytes spill stores, 0 bytes spill loads
ptxas info    : Used 15 registers, used 0 barriers
ptxas info    : Compile time = 2.601 ms
[100%] Linking CUDA executable bin/lut_distribution_bench
[100%] Built target lut_distribution_bench
Internal ctest changing into directory: /storage/home/timofeirusanov/accessor_universal_test_lut_distribution/build-h200-lut-distribution-a0d7b554964e
Test project /storage/home/timofeirusanov/accessor_universal_test_lut_distribution/build-h200-lut-distribution-a0d7b554964e
    Start 7: lut_distribution_core_test
1/1 Test #7: lut_distribution_core_test .......   Passed    0.00 sec

100% tests passed, 0 tests failed out of 1

Total Test time (real) =   0.01 sec
lut distribution analysis test passed
