slurmstepd: error: Unable to create TMPDIR [/scratch/timofeirusanov/tmp]: No such file or directory
slurmstepd: error: Setting TMPDIR to /tmp
-- Configuring done (0.1s)
-- Generating done (1.6s)
-- Build files have been written to: /storage/home/timofeirusanov/accessor_universal_test_lut_distribution/build-h200-lut-distribution-a0d7b554964e
[100%] Built target lut_distribution_core_test
[100%] Built target lut_distribution_bench
Internal ctest changing into directory: /storage/home/timofeirusanov/accessor_universal_test_lut_distribution/build-h200-lut-distribution-a0d7b554964e
Test project /storage/home/timofeirusanov/accessor_universal_test_lut_distribution/build-h200-lut-distribution-a0d7b554964e
    Start 7: lut_distribution_core_test
1/1 Test #7: lut_distribution_core_test .......   Passed    0.00 sec

100% tests passed, 0 tests failed out of 1

Total Test time (real) =   0.00 sec
GPU: NVIDIA H200 NVL
N: 67108864, warmups: 10, samples: 50
T16: 65536 FP32 entries, sanitized 0 nonfinite entries
Posit 16 es1: 65536 FP32 entries, sanitized 1 nonfinite entries
LNS 16 r11: 65536 FP32 entries, sanitized 1 nonfinite entries
q=0, X=0, mean unique sectors=1
q=0.125, X=0.129162, mean unique sectors=4.99621
q=0.25, X=0.258344, mean unique sectors=8.99303
q=0.375, X=0.387451, mean unique sectors=12.9875
q=0.5, X=0.516529, mean unique sectors=16.9812
q=0.625, X=0.645606, mean unique sectors=20.9747
q=0.75, X=0.774522, mean unique sectors=24.9633
q=0.875, X=0.902927, mean unique sectors=28.9361
q=1, X=1, mean unique sectors=31.9396
Result sink: 3.9643e+19
Wrote /storage/home/timofeirusanov/accessor_universal_test_lut_distribution/results/027_lut_distribution_shape/run_20260830T102642Z/full/timing_samples.csv
Wrote /storage/home/timofeirusanov/accessor_universal_test_lut_distribution/results/027_lut_distribution_shape/run_20260830T102642Z/full/access_metrics.csv
wrote /storage/home/timofeirusanov/accessor_universal_test_lut_distribution/results/027_lut_distribution_shape/run_20260830T102642Z/full/timing_summary.csv
wrote /storage/home/timofeirusanov/accessor_universal_test_lut_distribution/results/027_lut_distribution_shape/run_20260830T102642Z/full/lut-distribution-shape.svg
wrote /storage/home/timofeirusanov/accessor_universal_test_lut_distribution/results/027_lut_distribution_shape/run_20260830T102642Z/full/report.html
median relative format spread: 0.208%
maximum relative format spread: 0.782%
LUT distribution full complete: /storage/home/timofeirusanov/accessor_universal_test_lut_distribution/results/027_lut_distribution_shape/run_20260830T102642Z/full
