-- Configuring done (0.1s)
-- Generating done (0.4s)
-- Build files have been written to: /storage/home/timofeirusanov/accessor_universal_test/build-h200
[ 50%] Building CUDA object CMakeFiles/e2e3_strategy_bench.dir/src/e2e3_strategy_bench.cu.o
ptxas info    : 29 bytes gmem
ptxas info    : Compiling entry function '_ZN55_GLOBAL__N__31f5fee1_22_e2e3_strategy_bench_cu_af2961a120encode_values_kernelIN3aut7storage4e3m4EEEvPKdPhm' for 'sm_90'
ptxas info    : Function properties for _ZN55_GLOBAL__N__31f5fee1_22_e2e3_strategy_bench_cu_af2961a120encode_values_kernelIN3aut7storage4e3m4EEEvPKdPhm
    0 bytes stack frame, 0 bytes spill stores, 0 bytes spill loads
ptxas info    : Used 20 registers, used 0 barriers
ptxas info    : Compile time = 4.739 ms
ptxas info    : Compiling entry function '_ZN55_GLOBAL__N__31f5fee1_22_e2e3_strategy_bench_cu_af2961a120encode_values_kernelIN3aut7storage4e2m5EEEvPKdPhm' for 'sm_90'
ptxas info    : Function properties for _ZN55_GLOBAL__N__31f5fee1_22_e2e3_strategy_bench_cu_af2961a120encode_values_kernelIN3aut7storage4e2m5EEEvPKdPhm
    0 bytes stack frame, 0 bytes spill stores, 0 bytes spill loads
ptxas info    : Used 20 registers, used 0 barriers
ptxas info    : Compile time = 4.004 ms
ptxas info    : Compiling entry function '_ZN55_GLOBAL__N__31f5fee1_22_e2e3_strategy_bench_cu_af2961a113raw_fp64_gemvEPKdS1_mmmPd' for 'sm_90'
ptxas info    : Function properties for _ZN55_GLOBAL__N__31f5fee1_22_e2e3_strategy_bench_cu_af2961a113raw_fp64_gemvEPKdS1_mmmPd
    0 bytes stack frame, 0 bytes spill stores, 0 bytes spill loads
ptxas info    : Used 18 registers, used 1 barriers, 80 bytes smem
ptxas info    : Compile time = 3.664 ms
ptxas info    : Compiling entry function '_ZN55_GLOBAL__N__31f5fee1_22_e2e3_strategy_bench_cu_af2961a123raw_fp64_dot_map_reduceEPKdS1_mPd' for 'sm_90'
ptxas info    : Function properties for _ZN55_GLOBAL__N__31f5fee1_22_e2e3_strategy_bench_cu_af2961a123raw_fp64_dot_map_reduceEPKdS1_mPd
    0 bytes stack frame, 0 bytes spill stores, 0 bytes spill loads
ptxas info    : Used 18 registers, used 1 barriers, 80 bytes smem
ptxas info    : Compile time = 3.303 ms
ptxas info    : Compiling entry function '_ZN3aut7kernels20storage_dot_finalizeEPKdmPd' for 'sm_90'
ptxas info    : Function properties for _ZN3aut7kernels20storage_dot_finalizeEPKdmPd
    0 bytes stack frame, 0 bytes spill stores, 0 bytes spill loads
ptxas info    : Used 18 registers, used 1 barriers, 80 bytes smem
ptxas info    : Compile time = 2.819 ms
ptxas info    : Compiling entry function '_ZN3aut15e2e3_strategies4gemvINS_7storage4e3m4ENS0_8strategyILNS0_11decode_kindE4ELi4ELNS0_14table_locationE0ELb1EEEEEvPKhS9_mmmNS0_12table_bundleEPd' for 'sm_90'
ptxas info    : Function properties for _ZN3aut15e2e3_strategies4gemvINS_7storage4e3m4ENS0_8strategyILNS0_11decode_kindE4ELi4ELNS0_14table_locationE0ELb1EEEEEvPKhS9_mmmNS0_12table_bundleEPd
    0 bytes stack frame, 0 bytes spill stores, 0 bytes spill loads
ptxas info    : Used 32 registers, used 1 barriers, 80 bytes smem
ptxas info    : Compile time = 6.398 ms
ptxas info    : Compiling entry function '_ZN3aut15e2e3_strategies4gemvINS_7storage4e3m4ENS0_8strategyILNS0_11decode_kindE2ELi4ELNS0_14table_locationE0ELb1EEEEEvPKhS9_mmmNS0_12table_bundleEPd' for 'sm_90'
ptxas info    : Function properties for _ZN3aut15e2e3_strategies4gemvINS_7storage4e3m4ENS0_8strategyILNS0_11decode_kindE2ELi4ELNS0_14table_locationE0ELb1EEEEEvPKhS9_mmmNS0_12table_bundleEPd
    0 bytes stack frame, 0 bytes spill stores, 0 bytes spill loads
ptxas info    : Used 32 registers, used 1 barriers, 80 bytes smem
ptxas info    : Compile time = 6.233 ms
ptxas info    : Compiling entry function '_ZN3aut15e2e3_strategies4gemvINS_7storage4e3m4ENS0_8strategyILNS0_11decode_kindE4ELi4ELNS0_14table_locationE1ELb0EEEEEvPKhS9_mmmNS0_12table_bundleEPd' for 'sm_90'
ptxas info    : Function properties for _ZN3aut15e2e3_strategies4gemvINS_7storage4e3m4ENS0_8strategyILNS0_11decode_kindE4ELi4ELNS0_14table_locationE1ELb0EEEEEvPKhS9_mmmNS0_12table_bundleEPd
    0 bytes stack frame, 0 bytes spill stores, 0 bytes spill loads
ptxas info    : Used 29 registers, used 1 barriers, 80 bytes smem
ptxas info    : Compile time = 5.310 ms
ptxas info    : Compiling entry function '_ZN3aut15e2e3_strategies4gemvINS_7storage4e3m4ENS0_8strategyILNS0_11decode_kindE3ELi4ELNS0_14table_locationE1ELb0EEEEEvPKhS9_mmmNS0_12table_bundleEPd' for 'sm_90'
ptxas info    : Function properties for _ZN3aut15e2e3_strategies4gemvINS_7storage4e3m4ENS0_8strategyILNS0_11decode_kindE3ELi4ELNS0_14table_locationE1ELb0EEEEEvPKhS9_mmmNS0_12table_bundleEPd
    0 bytes stack frame, 0 bytes spill stores, 0 bytes spill loads
ptxas info    : Used 31 registers, used 1 barriers, 80 bytes smem
ptxas info    : Compile time = 5.121 ms
ptxas info    : Compiling entry function '_ZN3aut15e2e3_strategies4gemvINS_7storage4e3m4ENS0_8strategyILNS0_11decode_kindE2ELi4ELNS0_14table_locationE1ELb0EEEEEvPKhS9_mmmNS0_12table_bundleEPd' for 'sm_90'
ptxas info    : Function properties for _ZN3aut15e2e3_strategies4gemvINS_7storage4e3m4ENS0_8strategyILNS0_11decode_kindE2ELi4ELNS0_14table_locationE1ELb0EEEEEvPKhS9_mmmNS0_12table_bundleEPd
    0 bytes stack frame, 0 bytes spill stores, 0 bytes spill loads
ptxas info    : Used 32 registers, used 1 barriers, 80 bytes smem
ptxas info    : Compile time = 5.199 ms
ptxas info    : Compiling entry function '_ZN3aut15e2e3_strategies4gemvINS_7storage4e3m4ENS0_8strategyILNS0_11decode_kindE6ELi4ELNS0_14table_locationE0ELb0EEEEEvPKhS9_mmmNS0_12table_bundleEPd' for 'sm_90'
ptxas info    : Function properties for _ZN3aut15e2e3_strategies4gemvINS_7storage4e3m4ENS0_8strategyILNS0_11decode_kindE6ELi4ELNS0_14table_locationE0ELb0EEEEEvPKhS9_mmmNS0_12table_bundleEPd
    0 bytes stack frame, 0 bytes spill stores, 0 bytes spill loads
ptxas info    : Used 32 registers, used 1 barriers, 80 bytes smem
ptxas info    : Compile time = 9.657 ms
ptxas info    : Compiling entry function '_ZN3aut15e2e3_strategies4gemvINS_7storage4e3m4ENS0_8strategyILNS0_11decode_kindE5ELi4ELNS0_14table_locationE0ELb0EEEEEvPKhS9_mmmNS0_12table_bundleEPd' for 'sm_90'
ptxas info    : Function properties for _ZN3aut15e2e3_strategies4gemvINS_7storage4e3m4ENS0_8strategyILNS0_11decode_kindE5ELi4ELNS0_14table_locationE0ELb0EEEEEvPKhS9_mmmNS0_12table_bundleEPd
    0 bytes stack frame, 0 bytes spill stores, 0 bytes spill loads
ptxas info    : Used 42 registers, used 1 barriers, 80 bytes smem
ptxas info    : Compile time = 10.705 ms
ptxas info    : Compiling entry function '_ZN3aut15e2e3_strategies4gemvINS_7storage4e3m4ENS0_8strategyILNS0_11decode_kindE4ELi8ELNS0_14table_locationE0ELb0EEEEEvPKhS9_mmmNS0_12table_bundleEPd' for 'sm_90'
ptxas info    : Function properties for _ZN3aut15e2e3_strategies4gemvINS_7storage4e3m4ENS0_8strategyILNS0_11decode_kindE4ELi8ELNS0_14table_locationE0ELb0EEEEEvPKhS9_mmmNS0_12table_bundleEPd
    0 bytes stack frame, 0 bytes spill stores, 0 bytes spill loads
ptxas info    : Used 32 registers, used 1 barriers, 80 bytes smem
ptxas info    : Compile time = 6.681 ms
ptxas info    : Compiling entry function '_ZN3aut15e2e3_strategies4gemvINS_7storage4e3m4ENS0_8strategyILNS0_11decode_kindE3ELi8ELNS0_14table_locationE0ELb0EEEEEvPKhS9_mmmNS0_12table_bundleEPd' for 'sm_90'
ptxas info    : Function properties for _ZN3aut15e2e3_strategies4gemvINS_7storage4e3m4ENS0_8strategyILNS0_11decode_kindE3ELi8ELNS0_14table_locationE0ELb0EEEEEvPKhS9_mmmNS0_12table_bundleEPd
    0 bytes stack frame, 0 bytes spill stores, 0 bytes spill loads
ptxas info    : Used 32 registers, used 1 barriers, 80 bytes smem
ptxas info    : Compile time = 6.237 ms
ptxas info    : Compiling entry function '_ZN3aut15e2e3_strategies4gemvINS_7storage4e3m4ENS0_8strategyILNS0_11decode_kindE2ELi8ELNS0_14table_locationE0ELb0EEEEEvPKhS9_mmmNS0_12table_bundleEPd' for 'sm_90'
ptxas info    : Function properties for _ZN3aut15e2e3_strategies4gemvINS_7storage4e3m4ENS0_8strategyILNS0_11decode_kindE2ELi8ELNS0_14table_locationE0ELb0EEEEEvPKhS9_mmmNS0_12table_bundleEPd
    0 bytes stack frame, 0 bytes spill stores, 0 bytes spill loads
ptxas info    : Used 32 registers, used 1 barriers, 80 bytes smem
ptxas info    : Compile time = 6.452 ms
ptxas info    : Compiling entry function '_ZN3aut15e2e3_strategies4gemvINS_7storage4e3m4ENS0_8strategyILNS0_11decode_kindE1ELi8ELNS0_14table_locationE0ELb0EEEEEvPKhS9_mmmNS0_12table_bundleEPd' for 'sm_90'
ptxas info    : Function properties for _ZN3aut15e2e3_strategies4gemvINS_7storage4e3m4ENS0_8strategyILNS0_11decode_kindE1ELi8ELNS0_14table_locationE0ELb0EEEEEvPKhS9_mmmNS0_12table_bundleEPd
    0 bytes stack frame, 0 bytes spill stores, 0 bytes spill loads
ptxas info    : Used 32 registers, used 1 barriers, 80 bytes smem
ptxas info    : Compile time = 10.189 ms
ptxas info    : Compiling entry function '_ZN3aut15e2e3_strategies4gemvINS_7storage4e3m4ENS0_8strategyILNS0_11decode_kindE0ELi8ELNS0_14table_locationE0ELb0EEEEEvPKhS9_mmmNS0_12table_bundleEPd' for 'sm_90'
ptxas info    : Function properties for _ZN3aut15e2e3_strategies4gemvINS_7storage4e3m4ENS0_8strategyILNS0_11decode_kindE0ELi8ELNS0_14table_locationE0ELb0EEEEEvPKhS9_mmmNS0_12table_bundleEPd
    0 bytes stack frame, 0 bytes spill stores, 0 bytes spill loads
ptxas info    : Used 60 registers, used 1 barriers, 80 bytes smem
ptxas info    : Compile time = 17.816 ms
ptxas info    : Compiling entry function '_ZN3aut15e2e3_strategies4gemvINS_7storage4e3m4ENS0_8strategyILNS0_11decode_kindE4ELi4ELNS0_14table_locationE0ELb0EEEEEvPKhS9_mmmNS0_12table_bundleEPd' for 'sm_90'
ptxas info    : Function properties for _ZN3aut15e2e3_strategies4gemvINS_7storage4e3m4ENS0_8strategyILNS0_11decode_kindE4ELi4ELNS0_14table_locationE0ELb0EEEEEvPKhS9_mmmNS0_12table_bundleEPd
    0 bytes stack frame, 0 bytes spill stores, 0 bytes spill loads
ptxas info    : Used 32 registers, used 1 barriers, 80 bytes smem
ptxas info    : Compile time = 5.619 ms
ptxas info    : Compiling entry function '_ZN3aut15e2e3_strategies4gemvINS_7storage4e3m4ENS0_8strategyILNS0_11decode_kindE3ELi4ELNS0_14table_locationE0ELb0EEEEEvPKhS9_mmmNS0_12table_bundleEPd' for 'sm_90'
ptxas info    : Function properties for _ZN3aut15e2e3_strategies4gemvINS_7storage4e3m4ENS0_8strategyILNS0_11decode_kindE3ELi4ELNS0_14table_locationE0ELb0EEEEEvPKhS9_mmmNS0_12table_bundleEPd
    0 bytes stack frame, 0 bytes spill stores, 0 bytes spill loads
ptxas info    : Used 28 registers, used 1 barriers, 80 bytes smem
ptxas info    : Compile time = 5.249 ms
ptxas info    : Compiling entry function '_ZN3aut15e2e3_strategies4gemvINS_7storage4e3m4ENS0_8strategyILNS0_11decode_kindE2ELi4ELNS0_14table_locationE0ELb0EEEEEvPKhS9_mmmNS0_12table_bundleEPd' for 'sm_90'
ptxas info    : Function properties for _ZN3aut15e2e3_strategies4gemvINS_7storage4e3m4ENS0_8strategyILNS0_11decode_kindE2ELi4ELNS0_14table_locationE0ELb0EEEEEvPKhS9_mmmNS0_12table_bundleEPd
    0 bytes stack frame, 0 bytes spill stores, 0 bytes spill loads
ptxas info    : Used 32 registers, used 1 barriers, 80 bytes smem
ptxas info    : Compile time = 5.275 ms
ptxas info    : Compiling entry function '_ZN3aut15e2e3_strategies4gemvINS_7storage4e3m4ENS0_8strategyILNS0_11decode_kindE1ELi4ELNS0_14table_locationE0ELb0EEEEEvPKhS9_mmmNS0_12table_bundleEPd' for 'sm_90'
ptxas info    : Function properties for _ZN3aut15e2e3_strategies4gemvINS_7storage4e3m4ENS0_8strategyILNS0_11decode_kindE1ELi4ELNS0_14table_locationE0ELb0EEEEEvPKhS9_mmmNS0_12table_bundleEPd
    0 bytes stack frame, 0 bytes spill stores, 0 bytes spill loads
ptxas info    : Used 31 registers, used 1 barriers, 80 bytes smem
ptxas info    : Compile time = 7.738 ms
ptxas info    : Compiling entry function '_ZN3aut15e2e3_strategies4gemvINS_7storage4e3m4ENS0_8strategyILNS0_11decode_kindE0ELi4ELNS0_14table_locationE0ELb0EEEEEvPKhS9_mmmNS0_12table_bundleEPd' for 'sm_90'
ptxas info    : Function properties for _ZN3aut15e2e3_strategies4gemvINS_7storage4e3m4ENS0_8strategyILNS0_11decode_kindE0ELi4ELNS0_14table_locationE0ELb0EEEEEvPKhS9_mmmNS0_12table_bundleEPd
    0 bytes stack frame, 0 bytes spill stores, 0 bytes spill loads
ptxas info    : Used 38 registers, used 1 barriers, 80 bytes smem
ptxas info    : Compile time = 11.302 ms
ptxas info    : Compiling entry function '_ZN3aut15e2e3_strategies4gemvINS_7storage4e3m4ENS0_8strategyILNS0_11decode_kindE4ELi2ELNS0_14table_locationE0ELb0EEEEEvPKhS9_mmmNS0_12table_bundleEPd' for 'sm_90'
ptxas info    : Function properties for _ZN3aut15e2e3_strategies4gemvINS_7storage4e3m4ENS0_8strategyILNS0_11decode_kindE4ELi2ELNS0_14table_locationE0ELb0EEEEEvPKhS9_mmmNS0_12table_bundleEPd
    0 bytes stack frame, 0 bytes spill stores, 0 bytes spill loads
ptxas info    : Used 30 registers, used 1 barriers, 80 bytes smem
ptxas info    : Compile time = 4.783 ms
ptxas info    : Compiling entry function '_ZN3aut15e2e3_strategies4gemvINS_7storage4e3m4ENS0_8strategyILNS0_11decode_kindE3ELi2ELNS0_14table_locationE0ELb0EEEEEvPKhS9_mmmNS0_12table_bundleEPd' for 'sm_90'
ptxas info    : Function properties for _ZN3aut15e2e3_strategies4gemvINS_7storage4e3m4ENS0_8strategyILNS0_11decode_kindE3ELi2ELNS0_14table_locationE0ELb0EEEEEvPKhS9_mmmNS0_12table_bundleEPd
    0 bytes stack frame, 0 bytes spill stores, 0 bytes spill loads
ptxas info    : Used 24 registers, used 1 barriers, 80 bytes smem
ptxas info    : Compile time = 4.702 ms
ptxas info    : Compiling entry function '_ZN3aut15e2e3_strategies4gemvINS_7storage4e3m4ENS0_8strategyILNS0_11decode_kindE2ELi2ELNS0_14table_locationE0ELb0EEEEEvPKhS9_mmmNS0_12table_bundleEPd' for 'sm_90'
ptxas info    : Function properties for _ZN3aut15e2e3_strategies4gemvINS_7storage4e3m4ENS0_8strategyILNS0_11decode_kindE2ELi2ELNS0_14table_locationE0ELb0EEEEEvPKhS9_mmmNS0_12table_bundleEPd
    0 bytes stack frame, 0 bytes spill stores, 0 bytes spill loads
ptxas info    : Used 32 registers, used 1 barriers, 80 bytes smem
ptxas info    : Compile time = 4.685 ms
ptxas info    : Compiling entry function '_ZN3aut15e2e3_strategies4gemvINS_7storage4e3m4ENS0_8strategyILNS0_11decode_kindE1ELi2ELNS0_14table_locationE0ELb0EEEEEvPKhS9_mmmNS0_12table_bundleEPd' for 'sm_90'
ptxas info    : Function properties for _ZN3aut15e2e3_strategies4gemvINS_7storage4e3m4ENS0_8strategyILNS0_11decode_kindE1ELi2ELNS0_14table_locationE0ELb0EEEEEvPKhS9_mmmNS0_12table_bundleEPd
    0 bytes stack frame, 0 bytes spill stores, 0 bytes spill loads
ptxas info    : Used 27 registers, used 1 barriers, 80 bytes smem
ptxas info    : Compile time = 6.098 ms
ptxas info    : Compiling entry function '_ZN3aut15e2e3_strategies4gemvINS_7storage4e3m4ENS0_8strategyILNS0_11decode_kindE0ELi2ELNS0_14table_locationE0ELb0EEEEEvPKhS9_mmmNS0_12table_bundleEPd' for 'sm_90'
ptxas info    : Function properties for _ZN3aut15e2e3_strategies4gemvINS_7storage4e3m4ENS0_8strategyILNS0_11decode_kindE0ELi2ELNS0_14table_locationE0ELb0EEEEEvPKhS9_mmmNS0_12table_bundleEPd
    0 bytes stack frame, 0 bytes spill stores, 0 bytes spill loads
ptxas info    : Used 27 registers, used 1 barriers, 80 bytes smem
ptxas info    : Compile time = 8.385 ms
ptxas info    : Compiling entry function '_ZN3aut15e2e3_strategies4gemvINS_7storage4e3m4ENS0_8strategyILNS0_11decode_kindE4ELi1ELNS0_14table_locationE0ELb0EEEEEvPKhS9_mmmNS0_12table_bundleEPd' for 'sm_90'
ptxas info    : Function properties for _ZN3aut15e2e3_strategies4gemvINS_7storage4e3m4ENS0_8strategyILNS0_11decode_kindE4ELi1ELNS0_14table_locationE0ELb0EEEEEvPKhS9_mmmNS0_12table_bundleEPd
    0 bytes stack frame, 0 bytes spill stores, 0 bytes spill loads
ptxas info    : Used 28 registers, used 1 barriers, 80 bytes smem
ptxas info    : Compile time = 4.217 ms
ptxas info    : Compiling entry function '_ZN3aut15e2e3_strategies4gemvINS_7storage4e3m4ENS0_8strategyILNS0_11decode_kindE3ELi1ELNS0_14table_locationE0ELb0EEEEEvPKhS9_mmmNS0_12table_bundleEPd' for 'sm_90'
ptxas info    : Function properties for _ZN3aut15e2e3_strategies4gemvINS_7storage4e3m4ENS0_8strategyILNS0_11decode_kindE3ELi1ELNS0_14table_locationE0ELb0EEEEEvPKhS9_mmmNS0_12table_bundleEPd
    0 bytes stack frame, 0 bytes spill stores, 0 bytes spill loads
ptxas info    : Used 26 registers, used 1 barriers, 80 bytes smem
ptxas info    : Compile time = 4.147 ms
ptxas info    : Compiling entry function '_ZN3aut15e2e3_strategies4gemvINS_7storage4e3m4ENS0_8strategyILNS0_11decode_kindE2ELi1ELNS0_14table_locationE0ELb0EEEEEvPKhS9_mmmNS0_12table_bundleEPd' for 'sm_90'
ptxas info    : Function properties for _ZN3aut15e2e3_strategies4gemvINS_7storage4e3m4ENS0_8strategyILNS0_11decode_kindE2ELi1ELNS0_14table_locationE0ELb0EEEEEvPKhS9_mmmNS0_12table_bundleEPd
    0 bytes stack frame, 0 bytes spill stores, 0 bytes spill loads
ptxas info    : Used 28 registers, used 1 barriers, 80 bytes smem
ptxas info    : Compile time = 4.135 ms
ptxas info    : Compiling entry function '_ZN3aut15e2e3_strategies4gemvINS_7storage4e3m4ENS0_8strategyILNS0_11decode_kindE1ELi1ELNS0_14table_locationE0ELb0EEEEEvPKhS9_mmmNS0_12table_bundleEPd' for 'sm_90'
ptxas info    : Function properties for _ZN3aut15e2e3_strategies4gemvINS_7storage4e3m4ENS0_8strategyILNS0_11decode_kindE1ELi1ELNS0_14table_locationE0ELb0EEEEEvPKhS9_mmmNS0_12table_bundleEPd
    0 bytes stack frame, 0 bytes spill stores, 0 bytes spill loads
ptxas info    : Used 24 registers, used 1 barriers, 80 bytes smem
ptxas info    : Compile time = 5.172 ms
ptxas info    : Compiling entry function '_ZN3aut15e2e3_strategies4gemvINS_7storage4e3m4ENS0_8strategyILNS0_11decode_kindE0ELi1ELNS0_14table_locationE0ELb0EEEEEvPKhS9_mmmNS0_12table_bundleEPd' for 'sm_90'
ptxas info    : Function properties for _ZN3aut15e2e3_strategies4gemvINS_7storage4e3m4ENS0_8strategyILNS0_11decode_kindE0ELi1ELNS0_14table_locationE0ELb0EEEEEvPKhS9_mmmNS0_12table_bundleEPd
    0 bytes stack frame, 0 bytes spill stores, 0 bytes spill loads
ptxas info    : Used 22 registers, used 1 barriers, 80 bytes smem
ptxas info    : Compile time = 7.023 ms
ptxas info    : Compiling entry function '_ZN3aut15e2e3_strategies4gemvINS_7storage4e2m5ENS0_8strategyILNS0_11decode_kindE4ELi4ELNS0_14table_locationE0ELb1EEEEEvPKhS9_mmmNS0_12table_bundleEPd' for 'sm_90'
ptxas info    : Function properties for _ZN3aut15e2e3_strategies4gemvINS_7storage4e2m5ENS0_8strategyILNS0_11decode_kindE4ELi4ELNS0_14table_locationE0ELb1EEEEEvPKhS9_mmmNS0_12table_bundleEPd
    0 bytes stack frame, 0 bytes spill stores, 0 bytes spill loads
ptxas info    : Used 32 registers, used 1 barriers, 80 bytes smem
ptxas info    : Compile time = 6.232 ms
ptxas info    : Compiling entry function '_ZN3aut15e2e3_strategies4gemvINS_7storage4e2m5ENS0_8strategyILNS0_11decode_kindE2ELi4ELNS0_14table_locationE0ELb1EEEEEvPKhS9_mmmNS0_12table_bundleEPd' for 'sm_90'
ptxas info    : Function properties for _ZN3aut15e2e3_strategies4gemvINS_7storage4e2m5ENS0_8strategyILNS0_11decode_kindE2ELi4ELNS0_14table_locationE0ELb1EEEEEvPKhS9_mmmNS0_12table_bundleEPd
    0 bytes stack frame, 0 bytes spill stores, 0 bytes spill loads
ptxas info    : Used 32 registers, used 1 barriers, 80 bytes smem
ptxas info    : Compile time = 6.105 ms
ptxas info    : Compiling entry function '_ZN3aut15e2e3_strategies4gemvINS_7storage4e2m5ENS0_8strategyILNS0_11decode_kindE4ELi4ELNS0_14table_locationE1ELb0EEEEEvPKhS9_mmmNS0_12table_bundleEPd' for 'sm_90'
ptxas info    : Function properties for _ZN3aut15e2e3_strategies4gemvINS_7storage4e2m5ENS0_8strategyILNS0_11decode_kindE4ELi4ELNS0_14table_locationE1ELb0EEEEEvPKhS9_mmmNS0_12table_bundleEPd
    0 bytes stack frame, 0 bytes spill stores, 0 bytes spill loads
ptxas info    : Used 29 registers, used 1 barriers, 80 bytes smem
ptxas info    : Compile time = 5.291 ms
ptxas info    : Compiling entry function '_ZN3aut15e2e3_strategies4gemvINS_7storage4e2m5ENS0_8strategyILNS0_11decode_kindE3ELi4ELNS0_14table_locationE1ELb0EEEEEvPKhS9_mmmNS0_12table_bundleEPd' for 'sm_90'
ptxas info    : Function properties for _ZN3aut15e2e3_strategies4gemvINS_7storage4e2m5ENS0_8strategyILNS0_11decode_kindE3ELi4ELNS0_14table_locationE1ELb0EEEEEvPKhS9_mmmNS0_12table_bundleEPd
    0 bytes stack frame, 0 bytes spill stores, 0 bytes spill loads
ptxas info    : Used 31 registers, used 1 barriers, 80 bytes smem
ptxas info    : Compile time = 5.281 ms
ptxas info    : Compiling entry function '_ZN3aut15e2e3_strategies4gemvINS_7storage4e2m5ENS0_8strategyILNS0_11decode_kindE2ELi4ELNS0_14table_locationE1ELb0EEEEEvPKhS9_mmmNS0_12table_bundleEPd' for 'sm_90'
ptxas info    : Function properties for _ZN3aut15e2e3_strategies4gemvINS_7storage4e2m5ENS0_8strategyILNS0_11decode_kindE2ELi4ELNS0_14table_locationE1ELb0EEEEEvPKhS9_mmmNS0_12table_bundleEPd
    0 bytes stack frame, 0 bytes spill stores, 0 bytes spill loads
ptxas info    : Used 32 registers, used 1 barriers, 80 bytes smem
ptxas info    : Compile time = 5.179 ms
ptxas info    : Compiling entry function '_ZN3aut15e2e3_strategies4gemvINS_7storage4e2m5ENS0_8strategyILNS0_11decode_kindE6ELi4ELNS0_14table_locationE0ELb0EEEEEvPKhS9_mmmNS0_12table_bundleEPd' for 'sm_90'
ptxas info    : Function properties for _ZN3aut15e2e3_strategies4gemvINS_7storage4e2m5ENS0_8strategyILNS0_11decode_kindE6ELi4ELNS0_14table_locationE0ELb0EEEEEvPKhS9_mmmNS0_12table_bundleEPd
    0 bytes stack frame, 0 bytes spill stores, 0 bytes spill loads
ptxas info    : Used 32 registers, used 1 barriers, 80 bytes smem
ptxas info    : Compile time = 9.667 ms
ptxas info    : Compiling entry function '_ZN3aut15e2e3_strategies4gemvINS_7storage4e2m5ENS0_8strategyILNS0_11decode_kindE5ELi4ELNS0_14table_locationE0ELb0EEEEEvPKhS9_mmmNS0_12table_bundleEPd' for 'sm_90'
ptxas info    : Function properties for _ZN3aut15e2e3_strategies4gemvINS_7storage4e2m5ENS0_8strategyILNS0_11decode_kindE5ELi4ELNS0_14table_locationE0ELb0EEEEEvPKhS9_mmmNS0_12table_bundleEPd
    0 bytes stack frame, 0 bytes spill stores, 0 bytes spill loads
ptxas info    : Used 32 registers, used 1 barriers, 80 bytes smem
ptxas info    : Compile time = 10.235 ms
ptxas info    : Compiling entry function '_ZN3aut15e2e3_strategies4gemvINS_7storage4e2m5ENS0_8strategyILNS0_11decode_kindE4ELi8ELNS0_14table_locationE0ELb0EEEEEvPKhS9_mmmNS0_12table_bundleEPd' for 'sm_90'
ptxas info    : Function properties for _ZN3aut15e2e3_strategies4gemvINS_7storage4e2m5ENS0_8strategyILNS0_11decode_kindE4ELi8ELNS0_14table_locationE0ELb0EEEEEvPKhS9_mmmNS0_12table_bundleEPd
    0 bytes stack frame, 0 bytes spill stores, 0 bytes spill loads
ptxas info    : Used 32 registers, used 1 barriers, 80 bytes smem
ptxas info    : Compile time = 6.735 ms
ptxas info    : Compiling entry function '_ZN3aut15e2e3_strategies4gemvINS_7storage4e2m5ENS0_8strategyILNS0_11decode_kindE3ELi8ELNS0_14table_locationE0ELb0EEEEEvPKhS9_mmmNS0_12table_bundleEPd' for 'sm_90'
ptxas info    : Function properties for _ZN3aut15e2e3_strategies4gemvINS_7storage4e2m5ENS0_8strategyILNS0_11decode_kindE3ELi8ELNS0_14table_locationE0ELb0EEEEEvPKhS9_mmmNS0_12table_bundleEPd
    0 bytes stack frame, 0 bytes spill stores, 0 bytes spill loads
ptxas info    : Used 32 registers, used 1 barriers, 80 bytes smem
ptxas info    : Compile time = 6.220 ms
ptxas info    : Compiling entry function '_ZN3aut15e2e3_strategies4gemvINS_7storage4e2m5ENS0_8strategyILNS0_11decode_kindE2ELi8ELNS0_14table_locationE0ELb0EEEEEvPKhS9_mmmNS0_12table_bundleEPd' for 'sm_90'
ptxas info    : Function properties for _ZN3aut15e2e3_strategies4gemvINS_7storage4e2m5ENS0_8strategyILNS0_11decode_kindE2ELi8ELNS0_14table_locationE0ELb0EEEEEvPKhS9_mmmNS0_12table_bundleEPd
    0 bytes stack frame, 0 bytes spill stores, 0 bytes spill loads
ptxas info    : Used 32 registers, used 1 barriers, 80 bytes smem
ptxas info    : Compile time = 6.461 ms
ptxas info    : Compiling entry function '_ZN3aut15e2e3_strategies4gemvINS_7storage4e2m5ENS0_8strategyILNS0_11decode_kindE1ELi8ELNS0_14table_locationE0ELb0EEEEEvPKhS9_mmmNS0_12table_bundleEPd' for 'sm_90'
ptxas info    : Function properties for _ZN3aut15e2e3_strategies4gemvINS_7storage4e2m5ENS0_8strategyILNS0_11decode_kindE1ELi8ELNS0_14table_locationE0ELb0EEEEEvPKhS9_mmmNS0_12table_bundleEPd
    0 bytes stack frame, 0 bytes spill stores, 0 bytes spill loads
ptxas info    : Used 32 registers, used 1 barriers, 80 bytes smem
ptxas info    : Compile time = 10.177 ms
ptxas info    : Compiling entry function '_ZN3aut15e2e3_strategies4gemvINS_7storage4e2m5ENS0_8strategyILNS0_11decode_kindE0ELi8ELNS0_14table_locationE0ELb0EEEEEvPKhS9_mmmNS0_12table_bundleEPd' for 'sm_90'
ptxas info    : Function properties for _ZN3aut15e2e3_strategies4gemvINS_7storage4e2m5ENS0_8strategyILNS0_11decode_kindE0ELi8ELNS0_14table_locationE0ELb0EEEEEvPKhS9_mmmNS0_12table_bundleEPd
    0 bytes stack frame, 0 bytes spill stores, 0 bytes spill loads
ptxas info    : Used 60 registers, used 1 barriers, 80 bytes smem
ptxas info    : Compile time = 17.621 ms
ptxas info    : Compiling entry function '_ZN3aut15e2e3_strategies4gemvINS_7storage4e2m5ENS0_8strategyILNS0_11decode_kindE4ELi4ELNS0_14table_locationE0ELb0EEEEEvPKhS9_mmmNS0_12table_bundleEPd' for 'sm_90'
ptxas info    : Function properties for _ZN3aut15e2e3_strategies4gemvINS_7storage4e2m5ENS0_8strategyILNS0_11decode_kindE4ELi4ELNS0_14table_locationE0ELb0EEEEEvPKhS9_mmmNS0_12table_bundleEPd
    0 bytes stack frame, 0 bytes spill stores, 0 bytes spill loads
ptxas info    : Used 32 registers, used 1 barriers, 80 bytes smem
ptxas info    : Compile time = 5.408 ms
ptxas info    : Compiling entry function '_ZN3aut15e2e3_strategies4gemvINS_7storage4e2m5ENS0_8strategyILNS0_11decode_kindE3ELi4ELNS0_14table_locationE0ELb0EEEEEvPKhS9_mmmNS0_12table_bundleEPd' for 'sm_90'
ptxas info    : Function properties for _ZN3aut15e2e3_strategies4gemvINS_7storage4e2m5ENS0_8strategyILNS0_11decode_kindE3ELi4ELNS0_14table_locationE0ELb0EEEEEvPKhS9_mmmNS0_12table_bundleEPd
    0 bytes stack frame, 0 bytes spill stores, 0 bytes spill loads
ptxas info    : Used 28 registers, used 1 barriers, 80 bytes smem
ptxas info    : Compile time = 5.234 ms
ptxas info    : Compiling entry function '_ZN3aut15e2e3_strategies4gemvINS_7storage4e2m5ENS0_8strategyILNS0_11decode_kindE2ELi4ELNS0_14table_locationE0ELb0EEEEEvPKhS9_mmmNS0_12table_bundleEPd' for 'sm_90'
ptxas info    : Function properties for _ZN3aut15e2e3_strategies4gemvINS_7storage4e2m5ENS0_8strategyILNS0_11decode_kindE2ELi4ELNS0_14table_locationE0ELb0EEEEEvPKhS9_mmmNS0_12table_bundleEPd
    0 bytes stack frame, 0 bytes spill stores, 0 bytes spill loads
ptxas info    : Used 32 registers, used 1 barriers, 80 bytes smem
ptxas info    : Compile time = 5.297 ms
ptxas info    : Compiling entry function '_ZN3aut15e2e3_strategies4gemvINS_7storage4e2m5ENS0_8strategyILNS0_11decode_kindE1ELi4ELNS0_14table_locationE0ELb0EEEEEvPKhS9_mmmNS0_12table_bundleEPd' for 'sm_90'
ptxas info    : Function properties for _ZN3aut15e2e3_strategies4gemvINS_7storage4e2m5ENS0_8strategyILNS0_11decode_kindE1ELi4ELNS0_14table_locationE0ELb0EEEEEvPKhS9_mmmNS0_12table_bundleEPd
    0 bytes stack frame, 0 bytes spill stores, 0 bytes spill loads
ptxas info    : Used 31 registers, used 1 barriers, 80 bytes smem
ptxas info    : Compile time = 7.596 ms
ptxas info    : Compiling entry function '_ZN3aut15e2e3_strategies4gemvINS_7storage4e2m5ENS0_8strategyILNS0_11decode_kindE0ELi4ELNS0_14table_locationE0ELb0EEEEEvPKhS9_mmmNS0_12table_bundleEPd' for 'sm_90'
ptxas info    : Function properties for _ZN3aut15e2e3_strategies4gemvINS_7storage4e2m5ENS0_8strategyILNS0_11decode_kindE0ELi4ELNS0_14table_locationE0ELb0EEEEEvPKhS9_mmmNS0_12table_bundleEPd
    0 bytes stack frame, 0 bytes spill stores, 0 bytes spill loads
ptxas info    : Used 38 registers, used 1 barriers, 80 bytes smem
ptxas info    : Compile time = 11.246 ms
ptxas info    : Compiling entry function '_ZN3aut15e2e3_strategies4gemvINS_7storage4e2m5ENS0_8strategyILNS0_11decode_kindE4ELi2ELNS0_14table_locationE0ELb0EEEEEvPKhS9_mmmNS0_12table_bundleEPd' for 'sm_90'
ptxas info    : Function properties for _ZN3aut15e2e3_strategies4gemvINS_7storage4e2m5ENS0_8strategyILNS0_11decode_kindE4ELi2ELNS0_14table_locationE0ELb0EEEEEvPKhS9_mmmNS0_12table_bundleEPd
    0 bytes stack frame, 0 bytes spill stores, 0 bytes spill loads
ptxas info    : Used 30 registers, used 1 barriers, 80 bytes smem
ptxas info    : Compile time = 4.783 ms
ptxas info    : Compiling entry function '_ZN3aut15e2e3_strategies4gemvINS_7storage4e2m5ENS0_8strategyILNS0_11decode_kindE3ELi2ELNS0_14table_locationE0ELb0EEEEEvPKhS9_mmmNS0_12table_bundleEPd' for 'sm_90'
ptxas info    : Function properties for _ZN3aut15e2e3_strategies4gemvINS_7storage4e2m5ENS0_8strategyILNS0_11decode_kindE3ELi2ELNS0_14table_locationE0ELb0EEEEEvPKhS9_mmmNS0_12table_bundleEPd
    0 bytes stack frame, 0 bytes spill stores, 0 bytes spill loads
ptxas info    : Used 24 registers, used 1 barriers, 80 bytes smem
ptxas info    : Compile time = 4.714 ms
ptxas info    : Compiling entry function '_ZN3aut15e2e3_strategies4gemvINS_7storage4e2m5ENS0_8strategyILNS0_11decode_kindE2ELi2ELNS0_14table_locationE0ELb0EEEEEvPKhS9_mmmNS0_12table_bundleEPd' for 'sm_90'
ptxas info    : Function properties for _ZN3aut15e2e3_strategies4gemvINS_7storage4e2m5ENS0_8strategyILNS0_11decode_kindE2ELi2ELNS0_14table_locationE0ELb0EEEEEvPKhS9_mmmNS0_12table_bundleEPd
    0 bytes stack frame, 0 bytes spill stores, 0 bytes spill loads
ptxas info    : Used 32 registers, used 1 barriers, 80 bytes smem
ptxas info    : Compile time = 4.683 ms
ptxas info    : Compiling entry function '_ZN3aut15e2e3_strategies4gemvINS_7storage4e2m5ENS0_8strategyILNS0_11decode_kindE1ELi2ELNS0_14table_locationE0ELb0EEEEEvPKhS9_mmmNS0_12table_bundleEPd' for 'sm_90'
ptxas info    : Function properties for _ZN3aut15e2e3_strategies4gemvINS_7storage4e2m5ENS0_8strategyILNS0_11decode_kindE1ELi2ELNS0_14table_locationE0ELb0EEEEEvPKhS9_mmmNS0_12table_bundleEPd
    0 bytes stack frame, 0 bytes spill stores, 0 bytes spill loads
ptxas info    : Used 27 registers, used 1 barriers, 80 bytes smem
ptxas info    : Compile time = 6.132 ms
ptxas info    : Compiling entry function '_ZN3aut15e2e3_strategies4gemvINS_7storage4e2m5ENS0_8strategyILNS0_11decode_kindE0ELi2ELNS0_14table_locationE0ELb0EEEEEvPKhS9_mmmNS0_12table_bundleEPd' for 'sm_90'
ptxas info    : Function properties for _ZN3aut15e2e3_strategies4gemvINS_7storage4e2m5ENS0_8strategyILNS0_11decode_kindE0ELi2ELNS0_14table_locationE0ELb0EEEEEvPKhS9_mmmNS0_12table_bundleEPd
    0 bytes stack frame, 0 bytes spill stores, 0 bytes spill loads
ptxas info    : Used 27 registers, used 1 barriers, 80 bytes smem
ptxas info    : Compile time = 8.349 ms
ptxas info    : Compiling entry function '_ZN3aut15e2e3_strategies4gemvINS_7storage4e2m5ENS0_8strategyILNS0_11decode_kindE4ELi1ELNS0_14table_locationE0ELb0EEEEEvPKhS9_mmmNS0_12table_bundleEPd' for 'sm_90'
ptxas info    : Function properties for _ZN3aut15e2e3_strategies4gemvINS_7storage4e2m5ENS0_8strategyILNS0_11decode_kindE4ELi1ELNS0_14table_locationE0ELb0EEEEEvPKhS9_mmmNS0_12table_bundleEPd
    0 bytes stack frame, 0 bytes spill stores, 0 bytes spill loads
ptxas info    : Used 28 registers, used 1 barriers, 80 bytes smem
ptxas info    : Compile time = 4.173 ms
ptxas info    : Compiling entry function '_ZN3aut15e2e3_strategies4gemvINS_7storage4e2m5ENS0_8strategyILNS0_11decode_kindE3ELi1ELNS0_14table_locationE0ELb0EEEEEvPKhS9_mmmNS0_12table_bundleEPd' for 'sm_90'
ptxas info    : Function properties for _ZN3aut15e2e3_strategies4gemvINS_7storage4e2m5ENS0_8strategyILNS0_11decode_kindE3ELi1ELNS0_14table_locationE0ELb0EEEEEvPKhS9_mmmNS0_12table_bundleEPd
    0 bytes stack frame, 0 bytes spill stores, 0 bytes spill loads
ptxas info    : Used 26 registers, used 1 barriers, 80 bytes smem
ptxas info    : Compile time = 4.159 ms
ptxas info    : Compiling entry function '_ZN3aut15e2e3_strategies4gemvINS_7storage4e2m5ENS0_8strategyILNS0_11decode_kindE2ELi1ELNS0_14table_locationE0ELb0EEEEEvPKhS9_mmmNS0_12table_bundleEPd' for 'sm_90'
ptxas info    : Function properties for _ZN3aut15e2e3_strategies4gemvINS_7storage4e2m5ENS0_8strategyILNS0_11decode_kindE2ELi1ELNS0_14table_locationE0ELb0EEEEEvPKhS9_mmmNS0_12table_bundleEPd
    0 bytes stack frame, 0 bytes spill stores, 0 bytes spill loads
ptxas info    : Used 28 registers, used 1 barriers, 80 bytes smem
ptxas info    : Compile time = 4.164 ms
ptxas info    : Compiling entry function '_ZN3aut15e2e3_strategies4gemvINS_7storage4e2m5ENS0_8strategyILNS0_11decode_kindE1ELi1ELNS0_14table_locationE0ELb0EEEEEvPKhS9_mmmNS0_12table_bundleEPd' for 'sm_90'
ptxas info    : Function properties for _ZN3aut15e2e3_strategies4gemvINS_7storage4e2m5ENS0_8strategyILNS0_11decode_kindE1ELi1ELNS0_14table_locationE0ELb0EEEEEvPKhS9_mmmNS0_12table_bundleEPd
    0 bytes stack frame, 0 bytes spill stores, 0 bytes spill loads
ptxas info    : Used 24 registers, used 1 barriers, 80 bytes smem
ptxas info    : Compile time = 5.166 ms
ptxas info    : Compiling entry function '_ZN3aut15e2e3_strategies4gemvINS_7storage4e2m5ENS0_8strategyILNS0_11decode_kindE0ELi1ELNS0_14table_locationE0ELb0EEEEEvPKhS9_mmmNS0_12table_bundleEPd' for 'sm_90'
ptxas info    : Function properties for _ZN3aut15e2e3_strategies4gemvINS_7storage4e2m5ENS0_8strategyILNS0_11decode_kindE0ELi1ELNS0_14table_locationE0ELb0EEEEEvPKhS9_mmmNS0_12table_bundleEPd
    0 bytes stack frame, 0 bytes spill stores, 0 bytes spill loads
ptxas info    : Used 22 registers, used 1 barriers, 80 bytes smem
ptxas info    : Compile time = 6.934 ms
ptxas info    : Compiling entry function '_ZN3aut15e2e3_strategies14dot_map_reduceINS_7storage4e3m4ENS0_8strategyILNS0_11decode_kindE4ELi4ELNS0_14table_locationE0ELb1EEEEEvPKhS9_mNS0_12table_bundleEPd' for 'sm_90'
ptxas info    : Function properties for _ZN3aut15e2e3_strategies14dot_map_reduceINS_7storage4e3m4ENS0_8strategyILNS0_11decode_kindE4ELi4ELNS0_14table_locationE0ELb1EEEEEvPKhS9_mNS0_12table_bundleEPd
    0 bytes stack frame, 0 bytes spill stores, 0 bytes spill loads
ptxas info    : Used 32 registers, used 1 barriers, 80 bytes smem
ptxas info    : Compile time = 6.027 ms
ptxas info    : Compiling entry function '_ZN3aut15e2e3_strategies14dot_map_reduceINS_7storage4e3m4ENS0_8strategyILNS0_11decode_kindE2ELi4ELNS0_14table_locationE0ELb1EEEEEvPKhS9_mNS0_12table_bundleEPd' for 'sm_90'
ptxas info    : Function properties for _ZN3aut15e2e3_strategies14dot_map_reduceINS_7storage4e3m4ENS0_8strategyILNS0_11decode_kindE2ELi4ELNS0_14table_locationE0ELb1EEEEEvPKhS9_mNS0_12table_bundleEPd
    0 bytes stack frame, 0 bytes spill stores, 0 bytes spill loads
ptxas info    : Used 32 registers, used 1 barriers, 80 bytes smem
ptxas info    : Compile time = 5.882 ms
ptxas info    : Compiling entry function '_ZN3aut15e2e3_strategies14dot_map_reduceINS_7storage4e3m4ENS0_8strategyILNS0_11decode_kindE4ELi4ELNS0_14table_locationE1ELb0EEEEEvPKhS9_mNS0_12table_bundleEPd' for 'sm_90'
ptxas info    : Function properties for _ZN3aut15e2e3_strategies14dot_map_reduceINS_7storage4e3m4ENS0_8strategyILNS0_11decode_kindE4ELi4ELNS0_14table_locationE1ELb0EEEEEvPKhS9_mNS0_12table_bundleEPd
    0 bytes stack frame, 0 bytes spill stores, 0 bytes spill loads
ptxas info    : Used 32 registers, used 1 barriers, 80 bytes smem
ptxas info    : Compile time = 5.319 ms
ptxas info    : Compiling entry function '_ZN3aut15e2e3_strategies14dot_map_reduceINS_7storage4e3m4ENS0_8strategyILNS0_11decode_kindE3ELi4ELNS0_14table_locationE1ELb0EEEEEvPKhS9_mNS0_12table_bundleEPd' for 'sm_90'
ptxas info    : Function properties for _ZN3aut15e2e3_strategies14dot_map_reduceINS_7storage4e3m4ENS0_8strategyILNS0_11decode_kindE3ELi4ELNS0_14table_locationE1ELb0EEEEEvPKhS9_mNS0_12table_bundleEPd
    0 bytes stack frame, 0 bytes spill stores, 0 bytes spill loads
ptxas info    : Used 30 registers, used 1 barriers, 80 bytes smem
ptxas info    : Compile time = 4.952 ms
ptxas info    : Compiling entry function '_ZN3aut15e2e3_strategies14dot_map_reduceINS_7storage4e3m4ENS0_8strategyILNS0_11decode_kindE2ELi4ELNS0_14table_locationE1ELb0EEEEEvPKhS9_mNS0_12table_bundleEPd' for 'sm_90'
ptxas info    : Function properties for _ZN3aut15e2e3_strategies14dot_map_reduceINS_7storage4e3m4ENS0_8strategyILNS0_11decode_kindE2ELi4ELNS0_14table_locationE1ELb0EEEEEvPKhS9_mNS0_12table_bundleEPd
    0 bytes stack frame, 0 bytes spill stores, 0 bytes spill loads
ptxas info    : Used 32 registers, used 1 barriers, 80 bytes smem
ptxas info    : Compile time = 5.188 ms
ptxas info    : Compiling entry function '_ZN3aut15e2e3_strategies14dot_map_reduceINS_7storage4e3m4ENS0_8strategyILNS0_11decode_kindE6ELi4ELNS0_14table_locationE0ELb0EEEEEvPKhS9_mNS0_12table_bundleEPd' for 'sm_90'
ptxas info    : Function properties for _ZN3aut15e2e3_strategies14dot_map_reduceINS_7storage4e3m4ENS0_8strategyILNS0_11decode_kindE6ELi4ELNS0_14table_locationE0ELb0EEEEEvPKhS9_mNS0_12table_bundleEPd
    0 bytes stack frame, 0 bytes spill stores, 0 bytes spill loads
ptxas info    : Used 40 registers, used 1 barriers, 80 bytes smem
ptxas info    : Compile time = 9.326 ms
ptxas info    : Compiling entry function '_ZN3aut15e2e3_strategies14dot_map_reduceINS_7storage4e3m4ENS0_8strategyILNS0_11decode_kindE5ELi4ELNS0_14table_locationE0ELb0EEEEEvPKhS9_mNS0_12table_bundleEPd' for 'sm_90'
ptxas info    : Function properties for _ZN3aut15e2e3_strategies14dot_map_reduceINS_7storage4e3m4ENS0_8strategyILNS0_11decode_kindE5ELi4ELNS0_14table_locationE0ELb0EEEEEvPKhS9_mNS0_12table_bundleEPd
    0 bytes stack frame, 0 bytes spill stores, 0 bytes spill loads
ptxas info    : Used 32 registers, used 1 barriers, 80 bytes smem
ptxas info    : Compile time = 9.824 ms
ptxas info    : Compiling entry function '_ZN3aut15e2e3_strategies14dot_map_reduceINS_7storage4e3m4ENS0_8strategyILNS0_11decode_kindE4ELi8ELNS0_14table_locationE0ELb0EEEEEvPKhS9_mNS0_12table_bundleEPd' for 'sm_90'
ptxas info    : Function properties for _ZN3aut15e2e3_strategies14dot_map_reduceINS_7storage4e3m4ENS0_8strategyILNS0_11decode_kindE4ELi8ELNS0_14table_locationE0ELb0EEEEEvPKhS9_mNS0_12table_bundleEPd
    0 bytes stack frame, 0 bytes spill stores, 0 bytes spill loads
ptxas info    : Used 40 registers, used 1 barriers, 80 bytes smem
ptxas info    : Compile time = 6.823 ms
ptxas info    : Compiling entry function '_ZN3aut15e2e3_strategies14dot_map_reduceINS_7storage4e3m4ENS0_8strategyILNS0_11decode_kindE3ELi8ELNS0_14table_locationE0ELb0EEEEEvPKhS9_mNS0_12table_bundleEPd' for 'sm_90'
ptxas info    : Function properties for _ZN3aut15e2e3_strategies14dot_map_reduceINS_7storage4e3m4ENS0_8strategyILNS0_11decode_kindE3ELi8ELNS0_14table_locationE0ELb0EEEEEvPKhS9_mNS0_12table_bundleEPd
    0 bytes stack frame, 0 bytes spill stores, 0 bytes spill loads
ptxas info    : Used 39 registers, used 1 barriers, 80 bytes smem
ptxas info    : Compile time = 6.095 ms
ptxas info    : Compiling entry function '_ZN3aut15e2e3_strategies14dot_map_reduceINS_7storage4e3m4ENS0_8strategyILNS0_11decode_kindE2ELi8ELNS0_14table_locationE0ELb0EEEEEvPKhS9_mNS0_12table_bundleEPd' for 'sm_90'
ptxas info    : Function properties for _ZN3aut15e2e3_strategies14dot_map_reduceINS_7storage4e3m4ENS0_8strategyILNS0_11decode_kindE2ELi8ELNS0_14table_locationE0ELb0EEEEEvPKhS9_mNS0_12table_bundleEPd
    0 bytes stack frame, 0 bytes spill stores, 0 bytes spill loads
ptxas info    : Used 40 registers, used 1 barriers, 80 bytes smem
ptxas info    : Compile time = 6.507 ms
ptxas info    : Compiling entry function '_ZN3aut15e2e3_strategies14dot_map_reduceINS_7storage4e3m4ENS0_8strategyILNS0_11decode_kindE1ELi8ELNS0_14table_locationE0ELb0EEEEEvPKhS9_mNS0_12table_bundleEPd' for 'sm_90'
ptxas info    : Function properties for _ZN3aut15e2e3_strategies14dot_map_reduceINS_7storage4e3m4ENS0_8strategyILNS0_11decode_kindE1ELi8ELNS0_14table_locationE0ELb0EEEEEvPKhS9_mNS0_12table_bundleEPd
    0 bytes stack frame, 0 bytes spill stores, 0 bytes spill loads
ptxas info    : Used 39 registers, used 1 barriers, 80 bytes smem
ptxas info    : Compile time = 10.457 ms
ptxas info    : Compiling entry function '_ZN3aut15e2e3_strategies14dot_map_reduceINS_7storage4e3m4ENS0_8strategyILNS0_11decode_kindE0ELi8ELNS0_14table_locationE0ELb0EEEEEvPKhS9_mNS0_12table_bundleEPd' for 'sm_90'
ptxas info    : Function properties for _ZN3aut15e2e3_strategies14dot_map_reduceINS_7storage4e3m4ENS0_8strategyILNS0_11decode_kindE0ELi8ELNS0_14table_locationE0ELb0EEEEEvPKhS9_mNS0_12table_bundleEPd
    0 bytes stack frame, 0 bytes spill stores, 0 bytes spill loads
ptxas info    : Used 62 registers, used 1 barriers, 80 bytes smem
ptxas info    : Compile time = 17.138 ms
ptxas info    : Compiling entry function '_ZN3aut15e2e3_strategies14dot_map_reduceINS_7storage4e3m4ENS0_8strategyILNS0_11decode_kindE4ELi4ELNS0_14table_locationE0ELb0EEEEEvPKhS9_mNS0_12table_bundleEPd' for 'sm_90'
ptxas info    : Function properties for _ZN3aut15e2e3_strategies14dot_map_reduceINS_7storage4e3m4ENS0_8strategyILNS0_11decode_kindE4ELi4ELNS0_14table_locationE0ELb0EEEEEvPKhS9_mNS0_12table_bundleEPd
    0 bytes stack frame, 0 bytes spill stores, 0 bytes spill loads
ptxas info    : Used 32 registers, used 1 barriers, 80 bytes smem
ptxas info    : Compile time = 5.632 ms
ptxas info    : Compiling entry function '_ZN3aut15e2e3_strategies14dot_map_reduceINS_7storage4e3m4ENS0_8strategyILNS0_11decode_kindE3ELi4ELNS0_14table_locationE0ELb0EEEEEvPKhS9_mNS0_12table_bundleEPd' for 'sm_90'
ptxas info    : Function properties for _ZN3aut15e2e3_strategies14dot_map_reduceINS_7storage4e3m4ENS0_8strategyILNS0_11decode_kindE3ELi4ELNS0_14table_locationE0ELb0EEEEEvPKhS9_mNS0_12table_bundleEPd
    0 bytes stack frame, 0 bytes spill stores, 0 bytes spill loads
ptxas info    : Used 28 registers, used 1 barriers, 80 bytes smem
ptxas info    : Compile time = 5.134 ms
ptxas info    : Compiling entry function '_ZN3aut15e2e3_strategies14dot_map_reduceINS_7storage4e3m4ENS0_8strategyILNS0_11decode_kindE2ELi4ELNS0_14table_locationE0ELb0EEEEEvPKhS9_mNS0_12table_bundleEPd' for 'sm_90'
ptxas info    : Function properties for _ZN3aut15e2e3_strategies14dot_map_reduceINS_7storage4e3m4ENS0_8strategyILNS0_11decode_kindE2ELi4ELNS0_14table_locationE0ELb0EEEEEvPKhS9_mNS0_12table_bundleEPd
    0 bytes stack frame, 0 bytes spill stores, 0 bytes spill loads
ptxas info    : Used 32 registers, used 1 barriers, 80 bytes smem
ptxas info    : Compile time = 5.299 ms
ptxas info    : Compiling entry function '_ZN3aut15e2e3_strategies14dot_map_reduceINS_7storage4e3m4ENS0_8strategyILNS0_11decode_kindE1ELi4ELNS0_14table_locationE0ELb0EEEEEvPKhS9_mNS0_12table_bundleEPd' for 'sm_90'
ptxas info    : Function properties for _ZN3aut15e2e3_strategies14dot_map_reduceINS_7storage4e3m4ENS0_8strategyILNS0_11decode_kindE1ELi4ELNS0_14table_locationE0ELb0EEEEEvPKhS9_mNS0_12table_bundleEPd
    0 bytes stack frame, 0 bytes spill stores, 0 bytes spill loads
ptxas info    : Used 30 registers, used 1 barriers, 80 bytes smem
ptxas info    : Compile time = 7.488 ms
ptxas info    : Compiling entry function '_ZN3aut15e2e3_strategies14dot_map_reduceINS_7storage4e3m4ENS0_8strategyILNS0_11decode_kindE0ELi4ELNS0_14table_locationE0ELb0EEEEEvPKhS9_mNS0_12table_bundleEPd' for 'sm_90'
ptxas info    : Function properties for _ZN3aut15e2e3_strategies14dot_map_reduceINS_7storage4e3m4ENS0_8strategyILNS0_11decode_kindE0ELi4ELNS0_14table_locationE0ELb0EEEEEvPKhS9_mNS0_12table_bundleEPd
    0 bytes stack frame, 0 bytes spill stores, 0 bytes spill loads
ptxas info    : Used 40 registers, used 1 barriers, 80 bytes smem
ptxas info    : Compile time = 11.269 ms
ptxas info    : Compiling entry function '_ZN3aut15e2e3_strategies14dot_map_reduceINS_7storage4e3m4ENS0_8strategyILNS0_11decode_kindE4ELi2ELNS0_14table_locationE0ELb0EEEEEvPKhS9_mNS0_12table_bundleEPd' for 'sm_90'
ptxas info    : Function properties for _ZN3aut15e2e3_strategies14dot_map_reduceINS_7storage4e3m4ENS0_8strategyILNS0_11decode_kindE4ELi2ELNS0_14table_locationE0ELb0EEEEEvPKhS9_mNS0_12table_bundleEPd
    0 bytes stack frame, 0 bytes spill stores, 0 bytes spill loads
ptxas info    : Used 32 registers, used 1 barriers, 80 bytes smem
ptxas info    : Compile time = 4.700 ms
ptxas info    : Compiling entry function '_ZN3aut15e2e3_strategies14dot_map_reduceINS_7storage4e3m4ENS0_8strategyILNS0_11decode_kindE3ELi2ELNS0_14table_locationE0ELb0EEEEEvPKhS9_mNS0_12table_bundleEPd' for 'sm_90'
ptxas info    : Function properties for _ZN3aut15e2e3_strategies14dot_map_reduceINS_7storage4e3m4ENS0_8strategyILNS0_11decode_kindE3ELi2ELNS0_14table_locationE0ELb0EEEEEvPKhS9_mNS0_12table_bundleEPd
    0 bytes stack frame, 0 bytes spill stores, 0 bytes spill loads
ptxas info    : Used 27 registers, used 1 barriers, 80 bytes smem
ptxas info    : Compile time = 4.469 ms
ptxas info    : Compiling entry function '_ZN3aut15e2e3_strategies14dot_map_reduceINS_7storage4e3m4ENS0_8strategyILNS0_11decode_kindE2ELi2ELNS0_14table_locationE0ELb0EEEEEvPKhS9_mNS0_12table_bundleEPd' for 'sm_90'
ptxas info    : Function properties for _ZN3aut15e2e3_strategies14dot_map_reduceINS_7storage4e3m4ENS0_8strategyILNS0_11decode_kindE2ELi2ELNS0_14table_locationE0ELb0EEEEEvPKhS9_mNS0_12table_bundleEPd
    0 bytes stack frame, 0 bytes spill stores, 0 bytes spill loads
ptxas info    : Used 32 registers, used 1 barriers, 80 bytes smem
ptxas info    : Compile time = 4.639 ms
ptxas info    : Compiling entry function '_ZN3aut15e2e3_strategies14dot_map_reduceINS_7storage4e3m4ENS0_8strategyILNS0_11decode_kindE1ELi2ELNS0_14table_locationE0ELb0EEEEEvPKhS9_mNS0_12table_bundleEPd' for 'sm_90'
ptxas info    : Function properties for _ZN3aut15e2e3_strategies14dot_map_reduceINS_7storage4e3m4ENS0_8strategyILNS0_11decode_kindE1ELi2ELNS0_14table_locationE0ELb0EEEEEvPKhS9_mNS0_12table_bundleEPd
    0 bytes stack frame, 0 bytes spill stores, 0 bytes spill loads
ptxas info    : Used 28 registers, used 1 barriers, 80 bytes smem
ptxas info    : Compile time = 5.954 ms
ptxas info    : Compiling entry function '_ZN3aut15e2e3_strategies14dot_map_reduceINS_7storage4e3m4ENS0_8strategyILNS0_11decode_kindE0ELi2ELNS0_14table_locationE0ELb0EEEEEvPKhS9_mNS0_12table_bundleEPd' for 'sm_90'
ptxas info    : Function properties for _ZN3aut15e2e3_strategies14dot_map_reduceINS_7storage4e3m4ENS0_8strategyILNS0_11decode_kindE0ELi2ELNS0_14table_locationE0ELb0EEEEEvPKhS9_mNS0_12table_bundleEPd
    0 bytes stack frame, 0 bytes spill stores, 0 bytes spill loads
ptxas info    : Used 30 registers, used 1 barriers, 80 bytes smem
ptxas info    : Compile time = 8.344 ms
ptxas info    : Compiling entry function '_ZN3aut15e2e3_strategies14dot_map_reduceINS_7storage4e3m4ENS0_8strategyILNS0_11decode_kindE4ELi1ELNS0_14table_locationE0ELb0EEEEEvPKhS9_mNS0_12table_bundleEPd' for 'sm_90'
ptxas info    : Function properties for _ZN3aut15e2e3_strategies14dot_map_reduceINS_7storage4e3m4ENS0_8strategyILNS0_11decode_kindE4ELi1ELNS0_14table_locationE0ELb0EEEEEvPKhS9_mNS0_12table_bundleEPd
    0 bytes stack frame, 0 bytes spill stores, 0 bytes spill loads
ptxas info    : Used 30 registers, used 1 barriers, 80 bytes smem
ptxas info    : Compile time = 4.113 ms
ptxas info    : Compiling entry function '_ZN3aut15e2e3_strategies14dot_map_reduceINS_7storage4e3m4ENS0_8strategyILNS0_11decode_kindE3ELi1ELNS0_14table_locationE0ELb0EEEEEvPKhS9_mNS0_12table_bundleEPd' for 'sm_90'
ptxas info    : Function properties for _ZN3aut15e2e3_strategies14dot_map_reduceINS_7storage4e3m4ENS0_8strategyILNS0_11decode_kindE3ELi1ELNS0_14table_locationE0ELb0EEEEEvPKhS9_mNS0_12table_bundleEPd
    0 bytes stack frame, 0 bytes spill stores, 0 bytes spill loads
ptxas info    : Used 26 registers, used 1 barriers, 80 bytes smem
ptxas info    : Compile time = 3.926 ms
ptxas info    : Compiling entry function '_ZN3aut15e2e3_strategies14dot_map_reduceINS_7storage4e3m4ENS0_8strategyILNS0_11decode_kindE2ELi1ELNS0_14table_locationE0ELb0EEEEEvPKhS9_mNS0_12table_bundleEPd' for 'sm_90'
ptxas info    : Function properties for _ZN3aut15e2e3_strategies14dot_map_reduceINS_7storage4e3m4ENS0_8strategyILNS0_11decode_kindE2ELi1ELNS0_14table_locationE0ELb0EEEEEvPKhS9_mNS0_12table_bundleEPd
    0 bytes stack frame, 0 bytes spill stores, 0 bytes spill loads
ptxas info    : Used 30 registers, used 1 barriers, 80 bytes smem
ptxas info    : Compile time = 4.045 ms
ptxas info    : Compiling entry function '_ZN3aut15e2e3_strategies14dot_map_reduceINS_7storage4e3m4ENS0_8strategyILNS0_11decode_kindE1ELi1ELNS0_14table_locationE0ELb0EEEEEvPKhS9_mNS0_12table_bundleEPd' for 'sm_90'
ptxas info    : Function properties for _ZN3aut15e2e3_strategies14dot_map_reduceINS_7storage4e3m4ENS0_8strategyILNS0_11decode_kindE1ELi1ELNS0_14table_locationE0ELb0EEEEEvPKhS9_mNS0_12table_bundleEPd
    0 bytes stack frame, 0 bytes spill stores, 0 bytes spill loads
ptxas info    : Used 26 registers, used 1 barriers, 80 bytes smem
ptxas info    : Compile time = 4.971 ms
ptxas info    : Compiling entry function '_ZN3aut15e2e3_strategies14dot_map_reduceINS_7storage4e3m4ENS0_8strategyILNS0_11decode_kindE0ELi1ELNS0_14table_locationE0ELb0EEEEEvPKhS9_mNS0_12table_bundleEPd' for 'sm_90'
ptxas info    : Function properties for _ZN3aut15e2e3_strategies14dot_map_reduceINS_7storage4e3m4ENS0_8strategyILNS0_11decode_kindE0ELi1ELNS0_14table_locationE0ELb0EEEEEvPKhS9_mNS0_12table_bundleEPd
    0 bytes stack frame, 0 bytes spill stores, 0 bytes spill loads
ptxas info    : Used 24 registers, used 1 barriers, 80 bytes smem
ptxas info    : Compile time = 6.737 ms
ptxas info    : Compiling entry function '_ZN3aut15e2e3_strategies14dot_map_reduceINS_7storage4e2m5ENS0_8strategyILNS0_11decode_kindE4ELi4ELNS0_14table_locationE0ELb1EEEEEvPKhS9_mNS0_12table_bundleEPd' for 'sm_90'
ptxas info    : Function properties for _ZN3aut15e2e3_strategies14dot_map_reduceINS_7storage4e2m5ENS0_8strategyILNS0_11decode_kindE4ELi4ELNS0_14table_locationE0ELb1EEEEEvPKhS9_mNS0_12table_bundleEPd
    0 bytes stack frame, 0 bytes spill stores, 0 bytes spill loads
ptxas info    : Used 32 registers, used 1 barriers, 80 bytes smem
ptxas info    : Compile time = 6.042 ms
ptxas info    : Compiling entry function '_ZN3aut15e2e3_strategies14dot_map_reduceINS_7storage4e2m5ENS0_8strategyILNS0_11decode_kindE2ELi4ELNS0_14table_locationE0ELb1EEEEEvPKhS9_mNS0_12table_bundleEPd' for 'sm_90'
ptxas info    : Function properties for _ZN3aut15e2e3_strategies14dot_map_reduceINS_7storage4e2m5ENS0_8strategyILNS0_11decode_kindE2ELi4ELNS0_14table_locationE0ELb1EEEEEvPKhS9_mNS0_12table_bundleEPd
    0 bytes stack frame, 0 bytes spill stores, 0 bytes spill loads
ptxas info    : Used 32 registers, used 1 barriers, 80 bytes smem
ptxas info    : Compile time = 5.899 ms
ptxas info    : Compiling entry function '_ZN3aut15e2e3_strategies14dot_map_reduceINS_7storage4e2m5ENS0_8strategyILNS0_11decode_kindE4ELi4ELNS0_14table_locationE1ELb0EEEEEvPKhS9_mNS0_12table_bundleEPd' for 'sm_90'
ptxas info    : Function properties for _ZN3aut15e2e3_strategies14dot_map_reduceINS_7storage4e2m5ENS0_8strategyILNS0_11decode_kindE4ELi4ELNS0_14table_locationE1ELb0EEEEEvPKhS9_mNS0_12table_bundleEPd
    0 bytes stack frame, 0 bytes spill stores, 0 bytes spill loads
ptxas info    : Used 32 registers, used 1 barriers, 80 bytes smem
ptxas info    : Compile time = 5.303 ms
ptxas info    : Compiling entry function '_ZN3aut15e2e3_strategies14dot_map_reduceINS_7storage4e2m5ENS0_8strategyILNS0_11decode_kindE3ELi4ELNS0_14table_locationE1ELb0EEEEEvPKhS9_mNS0_12table_bundleEPd' for 'sm_90'
ptxas info    : Function properties for _ZN3aut15e2e3_strategies14dot_map_reduceINS_7storage4e2m5ENS0_8strategyILNS0_11decode_kindE3ELi4ELNS0_14table_locationE1ELb0EEEEEvPKhS9_mNS0_12table_bundleEPd
    0 bytes stack frame, 0 bytes spill stores, 0 bytes spill loads
ptxas info    : Used 30 registers, used 1 barriers, 80 bytes smem
ptxas info    : Compile time = 4.953 ms
ptxas info    : Compiling entry function '_ZN3aut15e2e3_strategies14dot_map_reduceINS_7storage4e2m5ENS0_8strategyILNS0_11decode_kindE2ELi4ELNS0_14table_locationE1ELb0EEEEEvPKhS9_mNS0_12table_bundleEPd' for 'sm_90'
ptxas info    : Function properties for _ZN3aut15e2e3_strategies14dot_map_reduceINS_7storage4e2m5ENS0_8strategyILNS0_11decode_kindE2ELi4ELNS0_14table_locationE1ELb0EEEEEvPKhS9_mNS0_12table_bundleEPd
    0 bytes stack frame, 0 bytes spill stores, 0 bytes spill loads
ptxas info    : Used 32 registers, used 1 barriers, 80 bytes smem
ptxas info    : Compile time = 5.163 ms
ptxas info    : Compiling entry function '_ZN3aut15e2e3_strategies14dot_map_reduceINS_7storage4e2m5ENS0_8strategyILNS0_11decode_kindE6ELi4ELNS0_14table_locationE0ELb0EEEEEvPKhS9_mNS0_12table_bundleEPd' for 'sm_90'
ptxas info    : Function properties for _ZN3aut15e2e3_strategies14dot_map_reduceINS_7storage4e2m5ENS0_8strategyILNS0_11decode_kindE6ELi4ELNS0_14table_locationE0ELb0EEEEEvPKhS9_mNS0_12table_bundleEPd
    0 bytes stack frame, 0 bytes spill stores, 0 bytes spill loads
ptxas info    : Used 40 registers, used 1 barriers, 80 bytes smem
ptxas info    : Compile time = 9.307 ms
ptxas info    : Compiling entry function '_ZN3aut15e2e3_strategies14dot_map_reduceINS_7storage4e2m5ENS0_8strategyILNS0_11decode_kindE5ELi4ELNS0_14table_locationE0ELb0EEEEEvPKhS9_mNS0_12table_bundleEPd' for 'sm_90'
ptxas info    : Function properties for _ZN3aut15e2e3_strategies14dot_map_reduceINS_7storage4e2m5ENS0_8strategyILNS0_11decode_kindE5ELi4ELNS0_14table_locationE0ELb0EEEEEvPKhS9_mNS0_12table_bundleEPd
    0 bytes stack frame, 0 bytes spill stores, 0 bytes spill loads
ptxas info    : Used 32 registers, used 1 barriers, 80 bytes smem
ptxas info    : Compile time = 9.824 ms
ptxas info    : Compiling entry function '_ZN3aut15e2e3_strategies14dot_map_reduceINS_7storage4e2m5ENS0_8strategyILNS0_11decode_kindE4ELi8ELNS0_14table_locationE0ELb0EEEEEvPKhS9_mNS0_12table_bundleEPd' for 'sm_90'
ptxas info    : Function properties for _ZN3aut15e2e3_strategies14dot_map_reduceINS_7storage4e2m5ENS0_8strategyILNS0_11decode_kindE4ELi8ELNS0_14table_locationE0ELb0EEEEEvPKhS9_mNS0_12table_bundleEPd
    0 bytes stack frame, 0 bytes spill stores, 0 bytes spill loads
ptxas info    : Used 40 registers, used 1 barriers, 80 bytes smem
ptxas info    : Compile time = 6.923 ms
ptxas info    : Compiling entry function '_ZN3aut15e2e3_strategies14dot_map_reduceINS_7storage4e2m5ENS0_8strategyILNS0_11decode_kindE3ELi8ELNS0_14table_locationE0ELb0EEEEEvPKhS9_mNS0_12table_bundleEPd' for 'sm_90'
ptxas info    : Function properties for _ZN3aut15e2e3_strategies14dot_map_reduceINS_7storage4e2m5ENS0_8strategyILNS0_11decode_kindE3ELi8ELNS0_14table_locationE0ELb0EEEEEvPKhS9_mNS0_12table_bundleEPd
    0 bytes stack frame, 0 bytes spill stores, 0 bytes spill loads
ptxas info    : Used 39 registers, used 1 barriers, 80 bytes smem
ptxas info    : Compile time = 6.085 ms
ptxas info    : Compiling entry function '_ZN3aut15e2e3_strategies14dot_map_reduceINS_7storage4e2m5ENS0_8strategyILNS0_11decode_kindE2ELi8ELNS0_14table_locationE0ELb0EEEEEvPKhS9_mNS0_12table_bundleEPd' for 'sm_90'
ptxas info    : Function properties for _ZN3aut15e2e3_strategies14dot_map_reduceINS_7storage4e2m5ENS0_8strategyILNS0_11decode_kindE2ELi8ELNS0_14table_locationE0ELb0EEEEEvPKhS9_mNS0_12table_bundleEPd
    0 bytes stack frame, 0 bytes spill stores, 0 bytes spill loads
ptxas info    : Used 40 registers, used 1 barriers, 80 bytes smem
ptxas info    : Compile time = 6.486 ms
ptxas info    : Compiling entry function '_ZN3aut15e2e3_strategies14dot_map_reduceINS_7storage4e2m5ENS0_8strategyILNS0_11decode_kindE1ELi8ELNS0_14table_locationE0ELb0EEEEEvPKhS9_mNS0_12table_bundleEPd' for 'sm_90'
ptxas info    : Function properties for _ZN3aut15e2e3_strategies14dot_map_reduceINS_7storage4e2m5ENS0_8strategyILNS0_11decode_kindE1ELi8ELNS0_14table_locationE0ELb0EEEEEvPKhS9_mNS0_12table_bundleEPd
    0 bytes stack frame, 0 bytes spill stores, 0 bytes spill loads
ptxas info    : Used 39 registers, used 1 barriers, 80 bytes smem
ptxas info    : Compile time = 10.513 ms
ptxas info    : Compiling entry function '_ZN3aut15e2e3_strategies14dot_map_reduceINS_7storage4e2m5ENS0_8strategyILNS0_11decode_kindE0ELi8ELNS0_14table_locationE0ELb0EEEEEvPKhS9_mNS0_12table_bundleEPd' for 'sm_90'
ptxas info    : Function properties for _ZN3aut15e2e3_strategies14dot_map_reduceINS_7storage4e2m5ENS0_8strategyILNS0_11decode_kindE0ELi8ELNS0_14table_locationE0ELb0EEEEEvPKhS9_mNS0_12table_bundleEPd
    0 bytes stack frame, 0 bytes spill stores, 0 bytes spill loads
ptxas info    : Used 62 registers, used 1 barriers, 80 bytes smem
ptxas info    : Compile time = 17.341 ms
ptxas info    : Compiling entry function '_ZN3aut15e2e3_strategies14dot_map_reduceINS_7storage4e2m5ENS0_8strategyILNS0_11decode_kindE4ELi4ELNS0_14table_locationE0ELb0EEEEEvPKhS9_mNS0_12table_bundleEPd' for 'sm_90'
ptxas info    : Function properties for _ZN3aut15e2e3_strategies14dot_map_reduceINS_7storage4e2m5ENS0_8strategyILNS0_11decode_kindE4ELi4ELNS0_14table_locationE0ELb0EEEEEvPKhS9_mNS0_12table_bundleEPd
    0 bytes stack frame, 0 bytes spill stores, 0 bytes spill loads
ptxas info    : Used 32 registers, used 1 barriers, 80 bytes smem
ptxas info    : Compile time = 5.426 ms
ptxas info    : Compiling entry function '_ZN3aut15e2e3_strategies14dot_map_reduceINS_7storage4e2m5ENS0_8strategyILNS0_11decode_kindE3ELi4ELNS0_14table_locationE0ELb0EEEEEvPKhS9_mNS0_12table_bundleEPd' for 'sm_90'
ptxas info    : Function properties for _ZN3aut15e2e3_strategies14dot_map_reduceINS_7storage4e2m5ENS0_8strategyILNS0_11decode_kindE3ELi4ELNS0_14table_locationE0ELb0EEEEEvPKhS9_mNS0_12table_bundleEPd
    0 bytes stack frame, 0 bytes spill stores, 0 bytes spill loads
ptxas info    : Used 28 registers, used 1 barriers, 80 bytes smem
ptxas info    : Compile time = 5.119 ms
ptxas info    : Compiling entry function '_ZN3aut15e2e3_strategies14dot_map_reduceINS_7storage4e2m5ENS0_8strategyILNS0_11decode_kindE2ELi4ELNS0_14table_locationE0ELb0EEEEEvPKhS9_mNS0_12table_bundleEPd' for 'sm_90'
ptxas info    : Function properties for _ZN3aut15e2e3_strategies14dot_map_reduceINS_7storage4e2m5ENS0_8strategyILNS0_11decode_kindE2ELi4ELNS0_14table_locationE0ELb0EEEEEvPKhS9_mNS0_12table_bundleEPd
    0 bytes stack frame, 0 bytes spill stores, 0 bytes spill loads
ptxas info    : Used 32 registers, used 1 barriers, 80 bytes smem
ptxas info    : Compile time = 5.329 ms
ptxas info    : Compiling entry function '_ZN3aut15e2e3_strategies14dot_map_reduceINS_7storage4e2m5ENS0_8strategyILNS0_11decode_kindE1ELi4ELNS0_14table_locationE0ELb0EEEEEvPKhS9_mNS0_12table_bundleEPd' for 'sm_90'
ptxas info    : Function properties for _ZN3aut15e2e3_strategies14dot_map_reduceINS_7storage4e2m5ENS0_8strategyILNS0_11decode_kindE1ELi4ELNS0_14table_locationE0ELb0EEEEEvPKhS9_mNS0_12table_bundleEPd
    0 bytes stack frame, 0 bytes spill stores, 0 bytes spill loads
ptxas info    : Used 30 registers, used 1 barriers, 80 bytes smem
ptxas info    : Compile time = 7.399 ms
ptxas info    : Compiling entry function '_ZN3aut15e2e3_strategies14dot_map_reduceINS_7storage4e2m5ENS0_8strategyILNS0_11decode_kindE0ELi4ELNS0_14table_locationE0ELb0EEEEEvPKhS9_mNS0_12table_bundleEPd' for 'sm_90'
ptxas info    : Function properties for _ZN3aut15e2e3_strategies14dot_map_reduceINS_7storage4e2m5ENS0_8strategyILNS0_11decode_kindE0ELi4ELNS0_14table_locationE0ELb0EEEEEvPKhS9_mNS0_12table_bundleEPd
    0 bytes stack frame, 0 bytes spill stores, 0 bytes spill loads
ptxas info    : Used 40 registers, used 1 barriers, 80 bytes smem
ptxas info    : Compile time = 11.129 ms
ptxas info    : Compiling entry function '_ZN3aut15e2e3_strategies14dot_map_reduceINS_7storage4e2m5ENS0_8strategyILNS0_11decode_kindE4ELi2ELNS0_14table_locationE0ELb0EEEEEvPKhS9_mNS0_12table_bundleEPd' for 'sm_90'
ptxas info    : Function properties for _ZN3aut15e2e3_strategies14dot_map_reduceINS_7storage4e2m5ENS0_8strategyILNS0_11decode_kindE4ELi2ELNS0_14table_locationE0ELb0EEEEEvPKhS9_mNS0_12table_bundleEPd
    0 bytes stack frame, 0 bytes spill stores, 0 bytes spill loads
ptxas info    : Used 32 registers, used 1 barriers, 80 bytes smem
ptxas info    : Compile time = 4.689 ms
ptxas info    : Compiling entry function '_ZN3aut15e2e3_strategies14dot_map_reduceINS_7storage4e2m5ENS0_8strategyILNS0_11decode_kindE3ELi2ELNS0_14table_locationE0ELb0EEEEEvPKhS9_mNS0_12table_bundleEPd' for 'sm_90'
ptxas info    : Function properties for _ZN3aut15e2e3_strategies14dot_map_reduceINS_7storage4e2m5ENS0_8strategyILNS0_11decode_kindE3ELi2ELNS0_14table_locationE0ELb0EEEEEvPKhS9_mNS0_12table_bundleEPd
    0 bytes stack frame, 0 bytes spill stores, 0 bytes spill loads
ptxas info    : Used 27 registers, used 1 barriers, 80 bytes smem
ptxas info    : Compile time = 4.503 ms
ptxas info    : Compiling entry function '_ZN3aut15e2e3_strategies14dot_map_reduceINS_7storage4e2m5ENS0_8strategyILNS0_11decode_kindE2ELi2ELNS0_14table_locationE0ELb0EEEEEvPKhS9_mNS0_12table_bundleEPd' for 'sm_90'
ptxas info    : Function properties for _ZN3aut15e2e3_strategies14dot_map_reduceINS_7storage4e2m5ENS0_8strategyILNS0_11decode_kindE2ELi2ELNS0_14table_locationE0ELb0EEEEEvPKhS9_mNS0_12table_bundleEPd
    0 bytes stack frame, 0 bytes spill stores, 0 bytes spill loads
ptxas info    : Used 32 registers, used 1 barriers, 80 bytes smem
ptxas info    : Compile time = 4.619 ms
ptxas info    : Compiling entry function '_ZN3aut15e2e3_strategies14dot_map_reduceINS_7storage4e2m5ENS0_8strategyILNS0_11decode_kindE1ELi2ELNS0_14table_locationE0ELb0EEEEEvPKhS9_mNS0_12table_bundleEPd' for 'sm_90'
ptxas info    : Function properties for _ZN3aut15e2e3_strategies14dot_map_reduceINS_7storage4e2m5ENS0_8strategyILNS0_11decode_kindE1ELi2ELNS0_14table_locationE0ELb0EEEEEvPKhS9_mNS0_12table_bundleEPd
    0 bytes stack frame, 0 bytes spill stores, 0 bytes spill loads
ptxas info    : Used 28 registers, used 1 barriers, 80 bytes smem
ptxas info    : Compile time = 5.896 ms
ptxas info    : Compiling entry function '_ZN3aut15e2e3_strategies14dot_map_reduceINS_7storage4e2m5ENS0_8strategyILNS0_11decode_kindE0ELi2ELNS0_14table_locationE0ELb0EEEEEvPKhS9_mNS0_12table_bundleEPd' for 'sm_90'
ptxas info    : Function properties for _ZN3aut15e2e3_strategies14dot_map_reduceINS_7storage4e2m5ENS0_8strategyILNS0_11decode_kindE0ELi2ELNS0_14table_locationE0ELb0EEEEEvPKhS9_mNS0_12table_bundleEPd
    0 bytes stack frame, 0 bytes spill stores, 0 bytes spill loads
ptxas info    : Used 30 registers, used 1 barriers, 80 bytes smem
ptxas info    : Compile time = 8.229 ms
ptxas info    : Compiling entry function '_ZN3aut15e2e3_strategies14dot_map_reduceINS_7storage4e2m5ENS0_8strategyILNS0_11decode_kindE4ELi1ELNS0_14table_locationE0ELb0EEEEEvPKhS9_mNS0_12table_bundleEPd' for 'sm_90'
ptxas info    : Function properties for _ZN3aut15e2e3_strategies14dot_map_reduceINS_7storage4e2m5ENS0_8strategyILNS0_11decode_kindE4ELi1ELNS0_14table_locationE0ELb0EEEEEvPKhS9_mNS0_12table_bundleEPd
    0 bytes stack frame, 0 bytes spill stores, 0 bytes spill loads
ptxas info    : Used 30 registers, used 1 barriers, 80 bytes smem
ptxas info    : Compile time = 4.096 ms
ptxas info    : Compiling entry function '_ZN3aut15e2e3_strategies14dot_map_reduceINS_7storage4e2m5ENS0_8strategyILNS0_11decode_kindE3ELi1ELNS0_14table_locationE0ELb0EEEEEvPKhS9_mNS0_12table_bundleEPd' for 'sm_90'
ptxas info    : Function properties for _ZN3aut15e2e3_strategies14dot_map_reduceINS_7storage4e2m5ENS0_8strategyILNS0_11decode_kindE3ELi1ELNS0_14table_locationE0ELb0EEEEEvPKhS9_mNS0_12table_bundleEPd
    0 bytes stack frame, 0 bytes spill stores, 0 bytes spill loads
ptxas info    : Used 26 registers, used 1 barriers, 80 bytes smem
ptxas info    : Compile time = 3.931 ms
ptxas info    : Compiling entry function '_ZN3aut15e2e3_strategies14dot_map_reduceINS_7storage4e2m5ENS0_8strategyILNS0_11decode_kindE2ELi1ELNS0_14table_locationE0ELb0EEEEEvPKhS9_mNS0_12table_bundleEPd' for 'sm_90'
ptxas info    : Function properties for _ZN3aut15e2e3_strategies14dot_map_reduceINS_7storage4e2m5ENS0_8strategyILNS0_11decode_kindE2ELi1ELNS0_14table_locationE0ELb0EEEEEvPKhS9_mNS0_12table_bundleEPd
    0 bytes stack frame, 0 bytes spill stores, 0 bytes spill loads
ptxas info    : Used 30 registers, used 1 barriers, 80 bytes smem
ptxas info    : Compile time = 4.029 ms
ptxas info    : Compiling entry function '_ZN3aut15e2e3_strategies14dot_map_reduceINS_7storage4e2m5ENS0_8strategyILNS0_11decode_kindE1ELi1ELNS0_14table_locationE0ELb0EEEEEvPKhS9_mNS0_12table_bundleEPd' for 'sm_90'
ptxas info    : Function properties for _ZN3aut15e2e3_strategies14dot_map_reduceINS_7storage4e2m5ENS0_8strategyILNS0_11decode_kindE1ELi1ELNS0_14table_locationE0ELb0EEEEEvPKhS9_mNS0_12table_bundleEPd
    0 bytes stack frame, 0 bytes spill stores, 0 bytes spill loads
ptxas info    : Used 26 registers, used 1 barriers, 80 bytes smem
ptxas info    : Compile time = 5.013 ms
ptxas info    : Compiling entry function '_ZN3aut15e2e3_strategies14dot_map_reduceINS_7storage4e2m5ENS0_8strategyILNS0_11decode_kindE0ELi1ELNS0_14table_locationE0ELb0EEEEEvPKhS9_mNS0_12table_bundleEPd' for 'sm_90'
ptxas info    : Function properties for _ZN3aut15e2e3_strategies14dot_map_reduceINS_7storage4e2m5ENS0_8strategyILNS0_11decode_kindE0ELi1ELNS0_14table_locationE0ELb0EEEEEvPKhS9_mNS0_12table_bundleEPd
    0 bytes stack frame, 0 bytes spill stores, 0 bytes spill loads
ptxas info    : Used 24 registers, used 1 barriers, 80 bytes smem
ptxas info    : Compile time = 6.708 ms
[100%] Linking CUDA executable bin/e2e3_strategy_bench
[100%] Built target e2e3_strategy_bench
[100%] Built target e2e3_strategy_smoke
[100%] Built target memory_accessor_test
[100%] Built target storage_formats_test
[100%] Built target accuracy_statistics_test
Internal ctest changing into directory: /storage/home/timofeirusanov/accessor_universal_test/build-h200
Test project /storage/home/timofeirusanov/accessor_universal_test/build-h200
    Start 1: memory_accessor_test
1/3 Test #1: memory_accessor_test .............   Passed    0.00 sec
    Start 2: storage_formats_test
2/3 Test #2: storage_formats_test .............   Passed    0.00 sec
    Start 3: accuracy_statistics_test
3/3 Test #3: accuracy_statistics_test .........   Passed    0.00 sec

100% tests passed, 0 tests failed out of 3

Total Test time (real) =   0.01 sec
E2M5/E3M4 decoder strategy smoke test
GPU: NVIDIA H200 NVL (sm_90)
All 256 encodings passed every decoder strategy.
uniform_0_1
  e2m5 DOT N=2^16 complete
  e2m5 GEMV N=2^10 complete
  e3m4 DOT N=2^16 complete
  e3m4 GEMV N=2^10 complete
normal_0_1
  e2m5 DOT N=2^16 complete
  e2m5 GEMV N=2^10 complete
  e3m4 DOT N=2^16 complete
  e3m4 GEMV N=2^10 complete
Wrote /storage/home/timofeirusanov/accessor_universal_test/results/011_e2e3_strategy_performance/run_20260808T181150Z/validation/decoder_validation.csv
Wrote /storage/home/timofeirusanov/accessor_universal_test/results/011_e2e3_strategy_performance/run_20260808T181150Z/validation/kernel_validation.csv
Wrote /storage/home/timofeirusanov/accessor_universal_test/results/011_e2e3_strategy_performance/run_20260808T181150Z/validation/timing_samples.csv
Validated 54 decoder rows, 216 kernel rows, and 216 timing samples in 216 groups
Wrote /storage/home/timofeirusanov/accessor_universal_test/results/011_e2e3_strategy_performance/run_20260808T181150Z/validation/timing_summary.csv
Wrote /storage/home/timofeirusanov/accessor_universal_test/results/011_e2e3_strategy_performance/run_20260808T181150Z/validation/strategy_inventory.csv
E2M5/E3M4 full strategy benchmark
GPU: NVIDIA H200 NVL (sm_90)
uniform_0_1
  DOT N=2^12 complete
  DOT N=2^16 complete
  DOT N=2^20 complete
  DOT N=2^24 complete
  DOT N=2^27 complete
  GEMV M=1024, N=2^8 complete
  GEMV M=1024, N=2^10 complete
  GEMV M=1024, N=2^12 complete
  GEMV M=1024, N=2^14 complete
  GEMV M=1024, N=2^16 complete
normal_0_1
  DOT N=2^12 complete
  DOT N=2^16 complete
  DOT N=2^20 complete
  DOT N=2^24 complete
  DOT N=2^27 complete
  GEMV M=1024, N=2^8 complete
  GEMV M=1024, N=2^10 complete
  GEMV M=1024, N=2^12 complete
  GEMV M=1024, N=2^14 complete
  GEMV M=1024, N=2^16 complete
Wrote /storage/home/timofeirusanov/accessor_universal_test/results/011_e2e3_strategy_performance/run_20260808T181150Z/timing_samples.csv
Validated 16500 samples in 1100 groups: 55 variants per case, 15 samples per variant
Wrote /storage/home/timofeirusanov/accessor_universal_test/results/011_e2e3_strategy_performance/run_20260808T181150Z/timing_summary.csv
Wrote /storage/home/timofeirusanov/accessor_universal_test/results/011_e2e3_strategy_performance/run_20260808T181150Z/strategy_inventory.csv
Wrote /storage/home/timofeirusanov/accessor_universal_test/results/011_e2e3_strategy_performance/run_20260808T181150Z/case_winners.csv

E2/E3 full strategy benchmark complete:
  /storage/home/timofeirusanov/accessor_universal_test/results/011_e2e3_strategy_performance/run_20260808T181150Z
  /storage/home/timofeirusanov/accessor_universal_test/results/011_e2e3_strategy_performance/run_20260808T181150Z/timing_samples.csv
  /storage/home/timofeirusanov/accessor_universal_test/results/011_e2e3_strategy_performance/run_20260808T181150Z/timing_summary.csv
  /storage/home/timofeirusanov/accessor_universal_test/results/011_e2e3_strategy_performance/run_20260808T181150Z/case_winners.csv
