-- The CXX compiler identification is GNU 11.5.0
-- The CUDA compiler identification is NVIDIA 13.1.115
-- Detecting CXX compiler ABI info
-- Detecting CXX compiler ABI info - done
-- Check for working CXX compiler: /usr/bin/c++ - skipped
-- Detecting CXX compile features
-- Detecting CXX compile features - done
-- Detecting CUDA compiler ABI info
-- Detecting CUDA compiler ABI info - done
-- Check for working CUDA compiler: /storage/apps/opt/spack/opt/spack/__spack_path_placeholder__/__spack_path_placeholder__/__spack_path_placeholder__/__spack_path_placeholder__/__spack_path_placeholder__/__spack_path_placeholder__/__spack_path_placeholder__/__spack_path_placeholder__/__spac/linux-x86_64_v3/cuda-13.1.1-ob4osjedbwoxkf5l3w5bvc3kycejthpt/bin/nvcc - skipped
-- Detecting CUDA compile features
-- Detecting CUDA compile features - done
-- Found CUDAToolkit: /storage/apps/opt/spack/opt/spack/__spack_path_placeholder__/__spack_path_placeholder__/__spack_path_placeholder__/__spack_path_placeholder__/__spack_path_placeholder__/__spack_path_placeholder__/__spack_path_placeholder__/__spack_path_placeholder__/__spac/linux-x86_64_v3/cuda-13.1.1-ob4osjedbwoxkf5l3w5bvc3kycejthpt/include (found version "13.1.115") 
-- Performing Test CMAKE_HAVE_LIBC_PTHREAD
-- Performing Test CMAKE_HAVE_LIBC_PTHREAD - Success
-- Found Threads: TRUE  
-- Configuring done (2.9s)
-- Generating done (2.3s)
-- Build files have been written to: /storage/home/timofeirusanov/accessor_universal_test_block_scale/build-block-scale-reconstruction-460481
[100%] Building CXX object CMakeFiles/block_scale_reconstruction_core_test.dir/tests/block_scale_reconstruction_core_test.cpp.o
[100%] Linking CXX executable bin/block_scale_reconstruction_core_test
[100%] Built target block_scale_reconstruction_core_test
Building CUDA object CMakeFiles/block_scale_reconstruction_bench.dir/src/block_scale_reconstruction_bench.cu.o
ptxas info    : 0 bytes gmem
ptxas info    : Compiling entry function '_ZN3aut26block_scale_reconstruction15reduce64_kernelEPKdPd' for 'sm_90'
ptxas info    : Function properties for _ZN3aut26block_scale_reconstruction15reduce64_kernelEPKdPd
    0 bytes stack frame, 0 bytes spill stores, 0 bytes spill loads
ptxas info    : Used 14 registers, used 1 barriers, 2048 bytes smem
ptxas info    : Compile time = 5.018 ms
ptxas info    : Compiling entry function '_ZN3aut26block_scale_reconstruction15reduce32_kernelEPKfPf' for 'sm_90'
ptxas info    : Function properties for _ZN3aut26block_scale_reconstruction15reduce32_kernelEPKfPf
    0 bytes stack frame, 0 bytes spill stores, 0 bytes spill loads
ptxas info    : Used 11 registers, used 1 barriers, 1024 bytes smem
ptxas info    : Compile time = 4.025 ms
ptxas info    : Compiling entry function '_ZN3aut26block_scale_reconstruction12raw64_kernelEPKdS2_mPd' for 'sm_90'
ptxas info    : Function properties for _ZN3aut26block_scale_reconstruction12raw64_kernelEPKdS2_mPd
    0 bytes stack frame, 0 bytes spill stores, 0 bytes spill loads
ptxas info    : Used 18 registers, used 1 barriers, 2048 bytes smem
ptxas info    : Compile time = 5.257 ms
ptxas info    : Compiling entry function '_ZN3aut26block_scale_reconstruction16widened32_kernelEPKfS2_mPd' for 'sm_90'
ptxas info    : Function properties for _ZN3aut26block_scale_reconstruction16widened32_kernelEPKfS2_mPd
    0 bytes stack frame, 0 bytes spill stores, 0 bytes spill loads
ptxas info    : Used 22 registers, used 1 barriers, 2048 bytes smem
ptxas info    : Compile time = 5.056 ms
ptxas info    : Compiling entry function '_ZN3aut26block_scale_reconstruction12raw32_kernelEPKfS2_mPf' for 'sm_90'
ptxas info    : Function properties for _ZN3aut26block_scale_reconstruction12raw32_kernelEPKfS2_mPf
    0 bytes stack frame, 0 bytes spill stores, 0 bytes spill loads
ptxas info    : Used 16 registers, used 1 barriers, 1024 bytes smem
ptxas info    : Compile time = 4.852 ms
ptxas info    : Compiling entry function '_ZN3aut26block_scale_reconstruction26deferred_local_b128_kernelIdEEvPKfS3_PKT_S6_mPd' for 'sm_90'
ptxas info    : Function properties for _ZN3aut26block_scale_reconstruction26deferred_local_b128_kernelIdEEvPKfS3_PKT_S6_mPd
    0 bytes stack frame, 0 bytes spill stores, 0 bytes spill loads
ptxas info    : Used 29 registers, used 1 barriers, 2048 bytes smem
ptxas info    : Compile time = 7.133 ms
ptxas info    : Compiling entry function '_ZN3aut26block_scale_reconstruction26deferred_local_b128_kernelIfEEvPKfS3_PKT_S6_mPd' for 'sm_90'
ptxas info    : Function properties for _ZN3aut26block_scale_reconstruction26deferred_local_b128_kernelIfEEvPKfS3_PKT_S6_mPd
    0 bytes stack frame, 0 bytes spill stores, 0 bytes spill loads
ptxas info    : Used 29 registers, used 1 barriers, 2048 bytes smem
ptxas info    : Compile time = 7.067 ms
ptxas info    : Compiling entry function '_ZN3aut26block_scale_reconstruction20reconstruct64_kernelILi128EdEEvPKfS3_PKT0_S6_mPd' for 'sm_90'
ptxas info    : Function properties for _ZN3aut26block_scale_reconstruction20reconstruct64_kernelILi128EdEEvPKfS3_PKT0_S6_mPd
    0 bytes stack frame, 0 bytes spill stores, 0 bytes spill loads
ptxas info    : Used 24 registers, used 1 barriers, 2048 bytes smem
ptxas info    : Compile time = 5.514 ms
ptxas info    : Compiling entry function '_ZN3aut26block_scale_reconstruction20reconstruct64_kernelILi32EdEEvPKfS3_PKT0_S6_mPd' for 'sm_90'
ptxas info    : Function properties for _ZN3aut26block_scale_reconstruction20reconstruct64_kernelILi32EdEEvPKfS3_PKT0_S6_mPd
    0 bytes stack frame, 0 bytes spill stores, 0 bytes spill loads
ptxas info    : Used 24 registers, used 1 barriers, 2048 bytes smem
ptxas info    : Compile time = 5.517 ms
ptxas info    : Compiling entry function '_ZN3aut26block_scale_reconstruction20reconstruct64_kernelILi16EdEEvPKfS3_PKT0_S6_mPd' for 'sm_90'
ptxas info    : Function properties for _ZN3aut26block_scale_reconstruction20reconstruct64_kernelILi16EdEEvPKfS3_PKT0_S6_mPd
    0 bytes stack frame, 0 bytes spill stores, 0 bytes spill loads
ptxas info    : Used 24 registers, used 1 barriers, 2048 bytes smem
ptxas info    : Compile time = 5.517 ms
ptxas info    : Compiling entry function '_ZN3aut26block_scale_reconstruction20reconstruct64_kernelILi128EfEEvPKfS3_PKT0_S6_mPd' for 'sm_90'
ptxas info    : Function properties for _ZN3aut26block_scale_reconstruction20reconstruct64_kernelILi128EfEEvPKfS3_PKT0_S6_mPd
    0 bytes stack frame, 0 bytes spill stores, 0 bytes spill loads
ptxas info    : Used 30 registers, used 1 barriers, 2048 bytes smem
ptxas info    : Compile time = 5.563 ms
ptxas info    : Compiling entry function '_ZN3aut26block_scale_reconstruction20reconstruct64_kernelILi32EfEEvPKfS3_PKT0_S6_mPd' for 'sm_90'
ptxas info    : Function properties for _ZN3aut26block_scale_reconstruction20reconstruct64_kernelILi32EfEEvPKfS3_PKT0_S6_mPd
    0 bytes stack frame, 0 bytes spill stores, 0 bytes spill loads
ptxas info    : Used 30 registers, used 1 barriers, 2048 bytes smem
ptxas info    : Compile time = 5.587 ms
ptxas info    : Compiling entry function '_ZN3aut26block_scale_reconstruction20reconstruct64_kernelILi16EfEEvPKfS3_PKT0_S6_mPd' for 'sm_90'
ptxas info    : Function properties for _ZN3aut26block_scale_reconstruction20reconstruct64_kernelILi16EfEEvPKfS3_PKT0_S6_mPd
    0 bytes stack frame, 0 bytes spill stores, 0 bytes spill loads
ptxas info    : Used 30 registers, used 1 barriers, 2048 bytes smem
ptxas info    : Compile time = 5.576 ms
ptxas info    : Compiling entry function '_ZN3aut26block_scale_reconstruction20reconstruct32_kernelILi128EEEvPKfS3_S3_S3_mPd' for 'sm_90'
ptxas info    : Function properties for _ZN3aut26block_scale_reconstruction20reconstruct32_kernelILi128EEEvPKfS3_S3_S3_mPd
    0 bytes stack frame, 0 bytes spill stores, 0 bytes spill loads
ptxas info    : Used 26 registers, used 1 barriers, 2048 bytes smem
ptxas info    : Compile time = 5.515 ms
ptxas info    : Compiling entry function '_ZN3aut26block_scale_reconstruction20reconstruct32_kernelILi32EEEvPKfS3_S3_S3_mPd' for 'sm_90'
ptxas info    : Function properties for _ZN3aut26block_scale_reconstruction20reconstruct32_kernelILi32EEEvPKfS3_S3_S3_mPd
    0 bytes stack frame, 0 bytes spill stores, 0 bytes spill loads
ptxas info    : Used 26 registers, used 1 barriers, 2048 bytes smem
ptxas info    : Compile time = 5.506 ms
ptxas info    : Compiling entry function '_ZN3aut26block_scale_reconstruction20reconstruct32_kernelILi16EEEvPKfS3_S3_S3_mPd' for 'sm_90'
ptxas info    : Function properties for _ZN3aut26block_scale_reconstruction20reconstruct32_kernelILi16EEEvPKfS3_S3_S3_mPd
    0 bytes stack frame, 0 bytes spill stores, 0 bytes spill loads
ptxas info    : Used 26 registers, used 1 barriers, 2048 bytes smem
ptxas info    : Compile time = 5.504 ms
Linking CUDA executable bin/block_scale_reconstruction_bench
Built target block_scale_reconstruction_bench
block_scale_reconstruction_core_test passed
Traceback (most recent call last):
  File "/storage/home/timofeirusanov/accessor_universal_test_block_scale/tools/check_block_scale_reconstruction_codegen.py", line 302, in <module>
    main()
  File "/storage/home/timofeirusanov/accessor_universal_test_block_scale/tools/check_block_scale_reconstruction_codegen.py", line 290, in main
    rows = run(Path(args.sass).read_text(errors="replace"), Path(args.build_log).read_text(errors="replace"))
  File "/storage/home/timofeirusanov/accessor_universal_test_block_scale/tools/check_block_scale_reconstruction_codegen.py", line 280, in run
    raise ValueError(f"SASS audit failed: {failed}")
ValueError: SASS audit failed: [{'symbol': '_ZN3aut26block_scale_reconstruction26deferred_local_b128_kernelIdEEvPKfS3_PKT_S6_mPd', 'kind': 'deferred_local', 'B': 128, 'scale_type': 'fp64', 'fmul': 0, 'dmul': 1, 'dfma': 2, 'shuffle': 0, 'opcode_histogram': {'LDC': 2, 'S2R': 2, 'ULDC.64': 7, 'UIADD3': 1, 'CS2R': 3, 'UIADD3.X': 1, 'USHF.R.U64': 1, 'USHF.R.U32.HI': 1, 'IMAD.WIDE.U32': 3, 'ISETP.GE.U32.AND': 5, 'ISETP.GE.U32.AND.EX': 4, 'BRA': 5, 'IMAD.SHL.U32': 4, 'LOP3.LUT': 2, 'IADD3': 9, 'IMAD.X': 8, 'LEA.HI': 1, 'IMAD.MOV.U32': 1, 'SHF.L.U64.HI': 3, 'ISETP.GE.U32.OR.EX': 1, 'LDG.E': 2, 'VIADD': 1, 'ISETP.NE.AND': 2, 'F2F.F64.F32': 2, 'DFMA': 2, 'BSSY': 1, 'IADD3.X': 2, 'LDG.E.64': 2, 'DMUL': 1, 'BSYNC': 1, 'S2UR': 1, 'UMOV': 1, 'ISETP.GT.U32.AND': 7, 'ULEA': 1, 'LEA': 1, 'STS.64': 9, 'BAR.SYNC.DEFER_BLOCKING': 9, 'LDS.64': 17, 'DADD': 8, 'EXIT': 2, 'LDC.64': 1, 'STG.E.64': 1, 'NOP': 14}, 'registers': 29, 'shared_bytes': 2048, 'spill_loads': 0, 'spill_stores': 0, 'status': 'fail', 'reason': 'deferred_local_subtotal_dataflow;deferred_local_intervening_operand_write'}, {'symbol': '_ZN3aut26block_scale_reconstruction26deferred_local_b128_kernelIfEEvPKfS3_PKT_S6_mPd', 'kind': 'deferred_local', 'B': 128, 'scale_type': 'fp32', 'fmul': 0, 'dmul': 1, 'dfma': 2, 'shuffle': 0, 'opcode_histogram': {'LDC': 2, 'S2R': 2, 'ULDC.64': 7, 'UIADD3': 1, 'CS2R': 3, 'UIADD3.X': 1, 'USHF.R.U64': 1, 'USHF.R.U32.HI': 1, 'IMAD.WIDE.U32': 3, 'ISETP.GE.U32.AND': 5, 'ISETP.GE.U32.AND.EX': 4, 'BRA': 5, 'IMAD.SHL.U32': 4, 'LOP3.LUT': 2, 'IADD3': 9, 'IMAD.X': 8, 'LEA.HI': 1, 'IMAD.MOV.U32': 1, 'SHF.L.U64.HI': 3, 'ISETP.GE.U32.OR.EX': 1, 'LDG.E': 4, 'VIADD': 1, 'ISETP.NE.AND': 2, 'F2F.F64.F32': 4, 'DFMA': 2, 'BSSY': 1, 'IADD3.X': 2, 'DMUL': 1, 'BSYNC': 1, 'S2UR': 1, 'UMOV': 1, 'ISETP.GT.U32.AND': 7, 'ULEA': 1, 'LEA': 1, 'STS.64': 9, 'BAR.SYNC.DEFER_BLOCKING': 9, 'LDS.64': 17, 'DADD': 8, 'EXIT': 2, 'LDC.64': 1, 'STG.E.64': 1, 'NOP': 12}, 'registers': 29, 'shared_bytes': 2048, 'spill_loads': 0, 'spill_stores': 0, 'status': 'fail', 'reason': 'deferred_local_subtotal_dataflow;deferred_local_widen_chain;deferred_local_intervening_operand_write'}]
