slurmstepd: error: Unable to create TMPDIR [/scratch/timofeirusanov/tmp]: No such file or directory
slurmstepd: error: Setting TMPDIR to /tmp
-- Configuring done (0.1s)
-- Generating done (0.3s)
-- Build files have been written to: /storage/home/timofeirusanov/accessor_universal_test/build-h200
[ 50%] Building CUDA object CMakeFiles/accuracy_simulation.dir/src/accuracy_simulation.cu.o
ptxas info    : 29 bytes gmem
ptxas info    : Compiling entry function '_ZN3aut8accuracy29storage_gemv_reference_kernelINS_7storage11fp64_e11m52EEEvPKNS2_5codecIT_E12storage_typeES9_mmPNS0_14reference_pairE' for 'sm_90'
ptxas info    : Function properties for _ZN3aut8accuracy29storage_gemv_reference_kernelINS_7storage11fp64_e11m52EEEvPKNS2_5codecIT_E12storage_typeES9_mmPNS0_14reference_pairE
    0 bytes stack frame, 0 bytes spill stores, 0 bytes spill loads
ptxas info    : Used 28 registers, used 1 barriers, 296 bytes smem
ptxas info    : Compile time = 14.452 ms
ptxas info    : Compiling entry function '_ZN3aut8accuracy29storage_gemv_reference_kernelINS_7storage6e11m20EEEvPKNS2_5codecIT_E12storage_typeES9_mmPNS0_14reference_pairE' for 'sm_90'
ptxas info    : Function properties for _ZN3aut8accuracy29storage_gemv_reference_kernelINS_7storage6e11m20EEEvPKNS2_5codecIT_E12storage_typeES9_mmPNS0_14reference_pairE
    0 bytes stack frame, 0 bytes spill stores, 0 bytes spill loads
ptxas info    : Used 28 registers, used 1 barriers, 296 bytes smem
ptxas info    : Compile time = 12.916 ms
ptxas info    : Compiling entry function '_ZN3aut8accuracy29storage_gemv_reference_kernelINS_7storage10fp32_e8m23EEEvPKNS2_5codecIT_E12storage_typeES9_mmPNS0_14reference_pairE' for 'sm_90'
ptxas info    : Function properties for _ZN3aut8accuracy29storage_gemv_reference_kernelINS_7storage10fp32_e8m23EEEvPKNS2_5codecIT_E12storage_typeES9_mmPNS0_14reference_pairE
    0 bytes stack frame, 0 bytes spill stores, 0 bytes spill loads
ptxas info    : Used 28 registers, used 1 barriers, 296 bytes smem
ptxas info    : Compile time = 12.818 ms
ptxas info    : Compiling entry function '_ZN3aut8accuracy29storage_gemv_reference_kernelINS_7storage5e3m28EEEvPKNS2_5codecIT_E12storage_typeES9_mmPNS0_14reference_pairE' for 'sm_90'
ptxas info    : Function properties for _ZN3aut8accuracy29storage_gemv_reference_kernelINS_7storage5e3m28EEEvPKNS2_5codecIT_E12storage_typeES9_mmPNS0_14reference_pairE
    0 bytes stack frame, 0 bytes spill stores, 0 bytes spill loads
ptxas info    : Used 28 registers, used 1 barriers, 296 bytes smem
ptxas info    : Compile time = 14.673 ms
ptxas info    : Compiling entry function '_ZN3aut8accuracy29storage_gemv_reference_kernelINS_7storage5e2m29EEEvPKNS2_5codecIT_E12storage_typeES9_mmPNS0_14reference_pairE' for 'sm_90'
ptxas info    : Function properties for _ZN3aut8accuracy29storage_gemv_reference_kernelINS_7storage5e2m29EEEvPKNS2_5codecIT_E12storage_typeES9_mmPNS0_14reference_pairE
    0 bytes stack frame, 0 bytes spill stores, 0 bytes spill loads
ptxas info    : Used 28 registers, used 1 barriers, 296 bytes smem
ptxas info    : Compile time = 14.716 ms
ptxas info    : Compiling entry function '_ZN3aut8accuracy29storage_gemv_reference_kernelINS_7storage5e1m30EEEvPKNS2_5codecIT_E12storage_typeES9_mmPNS0_14reference_pairE' for 'sm_90'
ptxas info    : Function properties for _ZN3aut8accuracy29storage_gemv_reference_kernelINS_7storage5e1m30EEEvPKNS2_5codecIT_E12storage_typeES9_mmPNS0_14reference_pairE
    0 bytes stack frame, 0 bytes spill stores, 0 bytes spill loads
ptxas info    : Used 28 registers, used 1 barriers, 296 bytes smem
ptxas info    : Compile time = 14.796 ms
ptxas info    : Compiling entry function '_ZN3aut8accuracy29storage_gemv_reference_kernelINS_7storage5e11m4EEEvPKNS2_5codecIT_E12storage_typeES9_mmPNS0_14reference_pairE' for 'sm_90'
ptxas info    : Function properties for _ZN3aut8accuracy29storage_gemv_reference_kernelINS_7storage5e11m4EEEvPKNS2_5codecIT_E12storage_typeES9_mmPNS0_14reference_pairE
    0 bytes stack frame, 0 bytes spill stores, 0 bytes spill loads
ptxas info    : Used 28 registers, used 1 barriers, 296 bytes smem
ptxas info    : Compile time = 13.316 ms
ptxas info    : Compiling entry function '_ZN3aut8accuracy29storage_gemv_reference_kernelINS_7storage9bf16_e8m7EEEvPKNS2_5codecIT_E12storage_typeES9_mmPNS0_14reference_pairE' for 'sm_90'
ptxas info    : Function properties for _ZN3aut8accuracy29storage_gemv_reference_kernelINS_7storage9bf16_e8m7EEEvPKNS2_5codecIT_E12storage_typeES9_mmPNS0_14reference_pairE
    0 bytes stack frame, 0 bytes spill stores, 0 bytes spill loads
ptxas info    : Used 28 registers, used 1 barriers, 296 bytes smem
ptxas info    : Compile time = 12.746 ms
ptxas info    : Compiling entry function '_ZN3aut8accuracy29storage_gemv_reference_kernelINS_7storage10fp16_e5m10EEEvPKNS2_5codecIT_E12storage_typeES9_mmPNS0_14reference_pairE' for 'sm_90'
ptxas info    : Function properties for _ZN3aut8accuracy29storage_gemv_reference_kernelINS_7storage10fp16_e5m10EEEvPKNS2_5codecIT_E12storage_typeES9_mmPNS0_14reference_pairE
    0 bytes stack frame, 0 bytes spill stores, 0 bytes spill loads
ptxas info    : Used 28 registers, used 1 barriers, 296 bytes smem
ptxas info    : Compile time = 12.760 ms
ptxas info    : Compiling entry function '_ZN3aut8accuracy29storage_gemv_reference_kernelINS_7storage5e3m12EEEvPKNS2_5codecIT_E12storage_typeES9_mmPNS0_14reference_pairE' for 'sm_90'
ptxas info    : Function properties for _ZN3aut8accuracy29storage_gemv_reference_kernelINS_7storage5e3m12EEEvPKNS2_5codecIT_E12storage_typeES9_mmPNS0_14reference_pairE
    0 bytes stack frame, 0 bytes spill stores, 0 bytes spill loads
ptxas info    : Used 28 registers, used 1 barriers, 296 bytes smem
ptxas info    : Compile time = 14.400 ms
ptxas info    : Compiling entry function '_ZN3aut8accuracy29storage_gemv_reference_kernelINS_7storage5e2m13EEEvPKNS2_5codecIT_E12storage_typeES9_mmPNS0_14reference_pairE' for 'sm_90'
ptxas info    : Function properties for _ZN3aut8accuracy29storage_gemv_reference_kernelINS_7storage5e2m13EEEvPKNS2_5codecIT_E12storage_typeES9_mmPNS0_14reference_pairE
    0 bytes stack frame, 0 bytes spill stores, 0 bytes spill loads
ptxas info    : Used 28 registers, used 1 barriers, 296 bytes smem
ptxas info    : Compile time = 14.940 ms
ptxas info    : Compiling entry function '_ZN3aut8accuracy29storage_gemv_reference_kernelINS_7storage5e1m14EEEvPKNS2_5codecIT_E12storage_typeES9_mmPNS0_14reference_pairE' for 'sm_90'
ptxas info    : Function properties for _ZN3aut8accuracy29storage_gemv_reference_kernelINS_7storage5e1m14EEEvPKNS2_5codecIT_E12storage_typeES9_mmPNS0_14reference_pairE
    0 bytes stack frame, 0 bytes spill stores, 0 bytes spill loads
ptxas info    : Used 28 registers, used 1 barriers, 296 bytes smem
ptxas info    : Compile time = 14.931 ms
ptxas info    : Compiling entry function '_ZN3aut8accuracy29storage_gemv_reference_kernelINS_7storage8fp8_e5m2EEEvPKNS2_5codecIT_E12storage_typeES9_mmPNS0_14reference_pairE' for 'sm_90'
ptxas info    : Function properties for _ZN3aut8accuracy29storage_gemv_reference_kernelINS_7storage8fp8_e5m2EEEvPKNS2_5codecIT_E12storage_typeES9_mmPNS0_14reference_pairE
    0 bytes stack frame, 0 bytes spill stores, 0 bytes spill loads
ptxas info    : Used 28 registers, used 1 barriers, 296 bytes smem
ptxas info    : Compile time = 13.420 ms
ptxas info    : Compiling entry function '_ZN3aut8accuracy29storage_gemv_reference_kernelINS_7storage8fp8_e4m3EEEvPKNS2_5codecIT_E12storage_typeES9_mmPNS0_14reference_pairE' for 'sm_90'
ptxas info    : Function properties for _ZN3aut8accuracy29storage_gemv_reference_kernelINS_7storage8fp8_e4m3EEEvPKNS2_5codecIT_E12storage_typeES9_mmPNS0_14reference_pairE
    0 bytes stack frame, 0 bytes spill stores, 0 bytes spill loads
ptxas info    : Used 28 registers, used 1 barriers, 296 bytes smem
ptxas info    : Compile time = 13.112 ms
ptxas info    : Compiling entry function '_ZN3aut8accuracy29storage_gemv_reference_kernelINS_7storage4e3m4EEEvPKNS2_5codecIT_E12storage_typeES9_mmPNS0_14reference_pairE' for 'sm_90'
ptxas info    : Function properties for _ZN3aut8accuracy29storage_gemv_reference_kernelINS_7storage4e3m4EEEvPKNS2_5codecIT_E12storage_typeES9_mmPNS0_14reference_pairE
    0 bytes stack frame, 0 bytes spill stores, 0 bytes spill loads
ptxas info    : Used 28 registers, used 1 barriers, 296 bytes smem
ptxas info    : Compile time = 14.437 ms
ptxas info    : Compiling entry function '_ZN3aut8accuracy29storage_gemv_reference_kernelINS_7storage4e2m5EEEvPKNS2_5codecIT_E12storage_typeES9_mmPNS0_14reference_pairE' for 'sm_90'
ptxas info    : Function properties for _ZN3aut8accuracy29storage_gemv_reference_kernelINS_7storage4e2m5EEEvPKNS2_5codecIT_E12storage_typeES9_mmPNS0_14reference_pairE
    0 bytes stack frame, 0 bytes spill stores, 0 bytes spill loads
ptxas info    : Used 28 registers, used 1 barriers, 296 bytes smem
ptxas info    : Compile time = 14.958 ms
ptxas info    : Compiling entry function '_ZN3aut8accuracy29storage_gemv_reference_kernelINS_7storage4e1m6EEEvPKNS2_5codecIT_E12storage_typeES9_mmPNS0_14reference_pairE' for 'sm_90'
ptxas info    : Function properties for _ZN3aut8accuracy29storage_gemv_reference_kernelINS_7storage4e1m6EEEvPKNS2_5codecIT_E12storage_typeES9_mmPNS0_14reference_pairE
    0 bytes stack frame, 0 bytes spill stores, 0 bytes spill loads
ptxas info    : Used 28 registers, used 1 barriers, 296 bytes smem
ptxas info    : Compile time = 14.882 ms
ptxas info    : Compiling entry function '_ZN3aut8accuracy30storage_dot_map_reduce_batchedINS_7storage11fp64_e11m52ELi4EEEvPKNS2_5codecIT_E12storage_typeES9_mmPd' for 'sm_90'
ptxas info    : Function properties for _ZN3aut8accuracy30storage_dot_map_reduce_batchedINS_7storage11fp64_e11m52ELi4EEEvPKNS2_5codecIT_E12storage_typeES9_mmPd
    0 bytes stack frame, 0 bytes spill stores, 0 bytes spill loads
ptxas info    : Used 39 registers, used 1 barriers, 80 bytes smem
ptxas info    : Compile time = 4.891 ms
ptxas info    : Compiling entry function '_ZN3aut8accuracy30storage_dot_map_reduce_batchedINS_7storage11fp64_e11m52ELi2EEEvPKNS2_5codecIT_E12storage_typeES9_mmPd' for 'sm_90'
ptxas info    : Function properties for _ZN3aut8accuracy30storage_dot_map_reduce_batchedINS_7storage11fp64_e11m52ELi2EEEvPKNS2_5codecIT_E12storage_typeES9_mmPd
    0 bytes stack frame, 0 bytes spill stores, 0 bytes spill loads
ptxas info    : Used 30 registers, used 1 barriers, 80 bytes smem
ptxas info    : Compile time = 4.362 ms
ptxas info    : Compiling entry function '_ZN3aut8accuracy30storage_dot_map_reduce_batchedINS_7storage11fp64_e11m52ELi1EEEvPKNS2_5codecIT_E12storage_typeES9_mmPd' for 'sm_90'
ptxas info    : Function properties for _ZN3aut8accuracy30storage_dot_map_reduce_batchedINS_7storage11fp64_e11m52ELi1EEEvPKNS2_5codecIT_E12storage_typeES9_mmPd
    0 bytes stack frame, 0 bytes spill stores, 0 bytes spill loads
ptxas info    : Used 22 registers, used 1 barriers, 80 bytes smem
ptxas info    : Compile time = 4.177 ms
ptxas info    : Compiling entry function '_ZN3aut8accuracy32storage_batched_reference_kernelINS_7storage11fp64_e11m52EEEvPKNS2_5codecIT_E12storage_typeES9_mmPNS0_14reference_pairE' for 'sm_90'
ptxas info    : Function properties for _ZN3aut8accuracy32storage_batched_reference_kernelINS_7storage11fp64_e11m52EEEvPKNS2_5codecIT_E12storage_typeES9_mmPNS0_14reference_pairE
    0 bytes stack frame, 0 bytes spill stores, 0 bytes spill loads
ptxas info    : Used 28 registers, used 1 barriers, 296 bytes smem
ptxas info    : Compile time = 12.847 ms
ptxas info    : Compiling entry function '_ZN3aut8accuracy23encode_and_count_kernelINS_7storage11fp64_e11m52EEEvPKdPNS2_5codecIT_E12storage_typeEmbdPNS0_15encoding_countsE' for 'sm_90'
ptxas info    : Function properties for _ZN3aut8accuracy23encode_and_count_kernelINS_7storage11fp64_e11m52EEEvPKdPNS2_5codecIT_E12storage_typeEmbdPNS0_15encoding_countsE
    0 bytes stack frame, 0 bytes spill stores, 0 bytes spill loads
ptxas info    : Used 28 registers, used 0 barriers
ptxas info    : Compile time = 4.246 ms
ptxas info    : Compiling entry function '_ZN3aut8accuracy30storage_dot_map_reduce_batchedINS_7storage6e11m20ELi4EEEvPKNS2_5codecIT_E12storage_typeES9_mmPd' for 'sm_90'
ptxas info    : Function properties for _ZN3aut8accuracy30storage_dot_map_reduce_batchedINS_7storage6e11m20ELi4EEEvPKNS2_5codecIT_E12storage_typeES9_mmPd
    0 bytes stack frame, 0 bytes spill stores, 0 bytes spill loads
ptxas info    : Used 38 registers, used 1 barriers, 80 bytes smem
ptxas info    : Compile time = 4.931 ms
ptxas info    : Compiling entry function '_ZN3aut8accuracy30storage_dot_map_reduce_batchedINS_7storage6e11m20ELi2EEEvPKNS2_5codecIT_E12storage_typeES9_mmPd' for 'sm_90'
ptxas info    : Function properties for _ZN3aut8accuracy30storage_dot_map_reduce_batchedINS_7storage6e11m20ELi2EEEvPKNS2_5codecIT_E12storage_typeES9_mmPd
    0 bytes stack frame, 0 bytes spill stores, 0 bytes spill loads
ptxas info    : Used 30 registers, used 1 barriers, 80 bytes smem
ptxas info    : Compile time = 4.550 ms
ptxas info    : Compiling entry function '_ZN3aut8accuracy30storage_dot_map_reduce_batchedINS_7storage6e11m20ELi1EEEvPKNS2_5codecIT_E12storage_typeES9_mmPd' for 'sm_90'
ptxas info    : Function properties for _ZN3aut8accuracy30storage_dot_map_reduce_batchedINS_7storage6e11m20ELi1EEEvPKNS2_5codecIT_E12storage_typeES9_mmPd
    0 bytes stack frame, 0 bytes spill stores, 0 bytes spill loads
ptxas info    : Used 22 registers, used 1 barriers, 80 bytes smem
ptxas info    : Compile time = 4.270 ms
ptxas info    : Compiling entry function '_ZN3aut8accuracy32storage_batched_reference_kernelINS_7storage6e11m20EEEvPKNS2_5codecIT_E12storage_typeES9_mmPNS0_14reference_pairE' for 'sm_90'
ptxas info    : Function properties for _ZN3aut8accuracy32storage_batched_reference_kernelINS_7storage6e11m20EEEvPKNS2_5codecIT_E12storage_typeES9_mmPNS0_14reference_pairE
    0 bytes stack frame, 0 bytes spill stores, 0 bytes spill loads
ptxas info    : Used 28 registers, used 1 barriers, 296 bytes smem
ptxas info    : Compile time = 12.822 ms
ptxas info    : Compiling entry function '_ZN3aut8accuracy23encode_and_count_kernelINS_7storage6e11m20EEEvPKdPNS2_5codecIT_E12storage_typeEmbdPNS0_15encoding_countsE' for 'sm_90'
ptxas info    : Function properties for _ZN3aut8accuracy23encode_and_count_kernelINS_7storage6e11m20EEEvPKdPNS2_5codecIT_E12storage_typeEmbdPNS0_15encoding_countsE
    0 bytes stack frame, 0 bytes spill stores, 0 bytes spill loads
ptxas info    : Used 24 registers, used 0 barriers
ptxas info    : Compile time = 4.633 ms
ptxas info    : Compiling entry function '_ZN3aut8accuracy30storage_dot_map_reduce_batchedINS_7storage10fp32_e8m23ELi4EEEvPKNS2_5codecIT_E12storage_typeES9_mmPd' for 'sm_90'
ptxas info    : Function properties for _ZN3aut8accuracy30storage_dot_map_reduce_batchedINS_7storage10fp32_e8m23ELi4EEEvPKNS2_5codecIT_E12storage_typeES9_mmPd
    0 bytes stack frame, 0 bytes spill stores, 0 bytes spill loads
ptxas info    : Used 37 registers, used 1 barriers, 80 bytes smem
ptxas info    : Compile time = 4.923 ms
ptxas info    : Compiling entry function '_ZN3aut8accuracy30storage_dot_map_reduce_batchedINS_7storage10fp32_e8m23ELi2EEEvPKNS2_5codecIT_E12storage_typeES9_mmPd' for 'sm_90'
ptxas info    : Function properties for _ZN3aut8accuracy30storage_dot_map_reduce_batchedINS_7storage10fp32_e8m23ELi2EEEvPKNS2_5codecIT_E12storage_typeES9_mmPd
    0 bytes stack frame, 0 bytes spill stores, 0 bytes spill loads
ptxas info    : Used 32 registers, used 1 barriers, 80 bytes smem
ptxas info    : Compile time = 4.506 ms
ptxas info    : Compiling entry function '_ZN3aut8accuracy30storage_dot_map_reduce_batchedINS_7storage10fp32_e8m23ELi1EEEvPKNS2_5codecIT_E12storage_typeES9_mmPd' for 'sm_90'
ptxas info    : Function properties for _ZN3aut8accuracy30storage_dot_map_reduce_batchedINS_7storage10fp32_e8m23ELi1EEEvPKNS2_5codecIT_E12storage_typeES9_mmPd
    0 bytes stack frame, 0 bytes spill stores, 0 bytes spill loads
ptxas info    : Used 26 registers, used 1 barriers, 80 bytes smem
ptxas info    : Compile time = 4.297 ms
ptxas info    : Compiling entry function '_ZN3aut8accuracy32storage_batched_reference_kernelINS_7storage10fp32_e8m23EEEvPKNS2_5codecIT_E12storage_typeES9_mmPNS0_14reference_pairE' for 'sm_90'
ptxas info    : Function properties for _ZN3aut8accuracy32storage_batched_reference_kernelINS_7storage10fp32_e8m23EEEvPKNS2_5codecIT_E12storage_typeES9_mmPNS0_14reference_pairE
    0 bytes stack frame, 0 bytes spill stores, 0 bytes spill loads
ptxas info    : Used 30 registers, used 1 barriers, 296 bytes smem
ptxas info    : Compile time = 12.554 ms
ptxas info    : Compiling entry function '_ZN3aut8accuracy23encode_and_count_kernelINS_7storage10fp32_e8m23EEEvPKdPNS2_5codecIT_E12storage_typeEmbdPNS0_15encoding_countsE' for 'sm_90'
ptxas info    : Function properties for _ZN3aut8accuracy23encode_and_count_kernelINS_7storage10fp32_e8m23EEEvPKdPNS2_5codecIT_E12storage_typeEmbdPNS0_15encoding_countsE
    0 bytes stack frame, 0 bytes spill stores, 0 bytes spill loads
ptxas info    : Used 26 registers, used 0 barriers
ptxas info    : Compile time = 3.458 ms
ptxas info    : Compiling entry function '_ZN3aut8accuracy30storage_dot_map_reduce_batchedINS_7storage5e3m28ELi4EEEvPKNS2_5codecIT_E12storage_typeES9_mmPd' for 'sm_90'
ptxas info    : Function properties for _ZN3aut8accuracy30storage_dot_map_reduce_batchedINS_7storage5e3m28ELi4EEEvPKNS2_5codecIT_E12storage_typeES9_mmPd
    0 bytes stack frame, 0 bytes spill stores, 0 bytes spill loads
ptxas info    : Used 43 registers, used 1 barriers, 80 bytes smem
ptxas info    : Compile time = 12.034 ms
ptxas info    : Compiling entry function '_ZN3aut8accuracy30storage_dot_map_reduce_batchedINS_7storage5e3m28ELi2EEEvPKNS2_5codecIT_E12storage_typeES9_mmPd' for 'sm_90'
ptxas info    : Function properties for _ZN3aut8accuracy30storage_dot_map_reduce_batchedINS_7storage5e3m28ELi2EEEvPKNS2_5codecIT_E12storage_typeES9_mmPd
    0 bytes stack frame, 0 bytes spill stores, 0 bytes spill loads
ptxas info    : Used 32 registers, used 1 barriers, 80 bytes smem
ptxas info    : Compile time = 9.103 ms
ptxas info    : Compiling entry function '_ZN3aut8accuracy30storage_dot_map_reduce_batchedINS_7storage5e3m28ELi1EEEvPKNS2_5codecIT_E12storage_typeES9_mmPd' for 'sm_90'
ptxas info    : Function properties for _ZN3aut8accuracy30storage_dot_map_reduce_batchedINS_7storage5e3m28ELi1EEEvPKNS2_5codecIT_E12storage_typeES9_mmPd
    0 bytes stack frame, 0 bytes spill stores, 0 bytes spill loads
ptxas info    : Used 24 registers, used 1 barriers, 80 bytes smem
ptxas info    : Compile time = 7.465 ms
ptxas info    : Compiling entry function '_ZN3aut8accuracy32storage_batched_reference_kernelINS_7storage5e3m28EEEvPKNS2_5codecIT_E12storage_typeES9_mmPNS0_14reference_pairE' for 'sm_90'
ptxas info    : Function properties for _ZN3aut8accuracy32storage_batched_reference_kernelINS_7storage5e3m28EEEvPKNS2_5codecIT_E12storage_typeES9_mmPNS0_14reference_pairE
    0 bytes stack frame, 0 bytes spill stores, 0 bytes spill loads
ptxas info    : Used 28 registers, used 1 barriers, 296 bytes smem
ptxas info    : Compile time = 14.516 ms
ptxas info    : Compiling entry function '_ZN3aut8accuracy23encode_and_count_kernelINS_7storage5e3m28EEEvPKdPNS2_5codecIT_E12storage_typeEmbdPNS0_15encoding_countsE' for 'sm_90'
ptxas info    : Function properties for _ZN3aut8accuracy23encode_and_count_kernelINS_7storage5e3m28EEEvPKdPNS2_5codecIT_E12storage_typeEmbdPNS0_15encoding_countsE
    0 bytes stack frame, 0 bytes spill stores, 0 bytes spill loads
ptxas info    : Used 30 registers, used 0 barriers
ptxas info    : Compile time = 9.376 ms
ptxas info    : Compiling entry function '_ZN3aut8accuracy30storage_dot_map_reduce_batchedINS_7storage5e2m29ELi4EEEvPKNS2_5codecIT_E12storage_typeES9_mmPd' for 'sm_90'
ptxas info    : Function properties for _ZN3aut8accuracy30storage_dot_map_reduce_batchedINS_7storage5e2m29ELi4EEEvPKNS2_5codecIT_E12storage_typeES9_mmPd
    0 bytes stack frame, 0 bytes spill stores, 0 bytes spill loads
ptxas info    : Used 43 registers, used 1 barriers, 80 bytes smem
ptxas info    : Compile time = 12.145 ms
ptxas info    : Compiling entry function '_ZN3aut8accuracy30storage_dot_map_reduce_batchedINS_7storage5e2m29ELi2EEEvPKNS2_5codecIT_E12storage_typeES9_mmPd' for 'sm_90'
ptxas info    : Function properties for _ZN3aut8accuracy30storage_dot_map_reduce_batchedINS_7storage5e2m29ELi2EEEvPKNS2_5codecIT_E12storage_typeES9_mmPd
    0 bytes stack frame, 0 bytes spill stores, 0 bytes spill loads
ptxas info    : Used 32 registers, used 1 barriers, 80 bytes smem
ptxas info    : Compile time = 9.175 ms
ptxas info    : Compiling entry function '_ZN3aut8accuracy30storage_dot_map_reduce_batchedINS_7storage5e2m29ELi1EEEvPKNS2_5codecIT_E12storage_typeES9_mmPd' for 'sm_90'
ptxas info    : Function properties for _ZN3aut8accuracy30storage_dot_map_reduce_batchedINS_7storage5e2m29ELi1EEEvPKNS2_5codecIT_E12storage_typeES9_mmPd
    0 bytes stack frame, 0 bytes spill stores, 0 bytes spill loads
ptxas info    : Used 24 registers, used 1 barriers, 80 bytes smem
ptxas info    : Compile time = 7.435 ms
ptxas info    : Compiling entry function '_ZN3aut8accuracy32storage_batched_reference_kernelINS_7storage5e2m29EEEvPKNS2_5codecIT_E12storage_typeES9_mmPNS0_14reference_pairE' for 'sm_90'
ptxas info    : Function properties for _ZN3aut8accuracy32storage_batched_reference_kernelINS_7storage5e2m29EEEvPKNS2_5codecIT_E12storage_typeES9_mmPNS0_14reference_pairE
    0 bytes stack frame, 0 bytes spill stores, 0 bytes spill loads
ptxas info    : Used 28 registers, used 1 barriers, 296 bytes smem
ptxas info    : Compile time = 14.740 ms
ptxas info    : Compiling entry function '_ZN3aut8accuracy23encode_and_count_kernelINS_7storage5e2m29EEEvPKdPNS2_5codecIT_E12storage_typeEmbdPNS0_15encoding_countsE' for 'sm_90'
ptxas info    : Function properties for _ZN3aut8accuracy23encode_and_count_kernelINS_7storage5e2m29EEEvPKdPNS2_5codecIT_E12storage_typeEmbdPNS0_15encoding_countsE
    0 bytes stack frame, 0 bytes spill stores, 0 bytes spill loads
ptxas info    : Used 30 registers, used 0 barriers
ptxas info    : Compile time = 9.458 ms
ptxas info    : Compiling entry function '_ZN3aut8accuracy30storage_dot_map_reduce_batchedINS_7storage5e1m30ELi4EEEvPKNS2_5codecIT_E12storage_typeES9_mmPd' for 'sm_90'
ptxas info    : Function properties for _ZN3aut8accuracy30storage_dot_map_reduce_batchedINS_7storage5e1m30ELi4EEEvPKNS2_5codecIT_E12storage_typeES9_mmPd
    0 bytes stack frame, 0 bytes spill stores, 0 bytes spill loads
ptxas info    : Used 47 registers, used 1 barriers, 80 bytes smem
ptxas info    : Compile time = 11.134 ms
ptxas info    : Compiling entry function '_ZN3aut8accuracy30storage_dot_map_reduce_batchedINS_7storage5e1m30ELi2EEEvPKNS2_5codecIT_E12storage_typeES9_mmPd' for 'sm_90'
ptxas info    : Function properties for _ZN3aut8accuracy30storage_dot_map_reduce_batchedINS_7storage5e1m30ELi2EEEvPKNS2_5codecIT_E12storage_typeES9_mmPd
    0 bytes stack frame, 0 bytes spill stores, 0 bytes spill loads
ptxas info    : Used 32 registers, used 1 barriers, 80 bytes smem
ptxas info    : Compile time = 8.431 ms
ptxas info    : Compiling entry function '_ZN3aut8accuracy30storage_dot_map_reduce_batchedINS_7storage5e1m30ELi1EEEvPKNS2_5codecIT_E12storage_typeES9_mmPd' for 'sm_90'
ptxas info    : Function properties for _ZN3aut8accuracy30storage_dot_map_reduce_batchedINS_7storage5e1m30ELi1EEEvPKNS2_5codecIT_E12storage_typeES9_mmPd
    0 bytes stack frame, 0 bytes spill stores, 0 bytes spill loads
ptxas info    : Used 30 registers, used 1 barriers, 80 bytes smem
ptxas info    : Compile time = 6.953 ms
ptxas info    : Compiling entry function '_ZN3aut8accuracy32storage_batched_reference_kernelINS_7storage5e1m30EEEvPKNS2_5codecIT_E12storage_typeES9_mmPNS0_14reference_pairE' for 'sm_90'
ptxas info    : Function properties for _ZN3aut8accuracy32storage_batched_reference_kernelINS_7storage5e1m30EEEvPKNS2_5codecIT_E12storage_typeES9_mmPNS0_14reference_pairE
    0 bytes stack frame, 0 bytes spill stores, 0 bytes spill loads
ptxas info    : Used 28 registers, used 1 barriers, 296 bytes smem
ptxas info    : Compile time = 14.565 ms
ptxas info    : Compiling entry function '_ZN3aut8accuracy23encode_and_count_kernelINS_7storage5e1m30EEEvPKdPNS2_5codecIT_E12storage_typeEmbdPNS0_15encoding_countsE' for 'sm_90'
ptxas info    : Function properties for _ZN3aut8accuracy23encode_and_count_kernelINS_7storage5e1m30EEEvPKdPNS2_5codecIT_E12storage_typeEmbdPNS0_15encoding_countsE
    0 bytes stack frame, 0 bytes spill stores, 0 bytes spill loads
ptxas info    : Used 30 registers, used 0 barriers
ptxas info    : Compile time = 8.640 ms
ptxas info    : Compiling entry function '_ZN3aut8accuracy30storage_dot_map_reduce_batchedINS_7storage5e11m4ELi4EEEvPKNS2_5codecIT_E12storage_typeES9_mmPd' for 'sm_90'
ptxas info    : Function properties for _ZN3aut8accuracy30storage_dot_map_reduce_batchedINS_7storage5e11m4ELi4EEEvPKNS2_5codecIT_E12storage_typeES9_mmPd
    0 bytes stack frame, 0 bytes spill stores, 0 bytes spill loads
ptxas info    : Used 34 registers, used 1 barriers, 80 bytes smem
ptxas info    : Compile time = 5.117 ms
ptxas info    : Compiling entry function '_ZN3aut8accuracy30storage_dot_map_reduce_batchedINS_7storage5e11m4ELi2EEEvPKNS2_5codecIT_E12storage_typeES9_mmPd' for 'sm_90'
ptxas info    : Function properties for _ZN3aut8accuracy30storage_dot_map_reduce_batchedINS_7storage5e11m4ELi2EEEvPKNS2_5codecIT_E12storage_typeES9_mmPd
    0 bytes stack frame, 0 bytes spill stores, 0 bytes spill loads
ptxas info    : Used 32 registers, used 1 barriers, 80 bytes smem
ptxas info    : Compile time = 4.808 ms
ptxas info    : Compiling entry function '_ZN3aut8accuracy30storage_dot_map_reduce_batchedINS_7storage5e11m4ELi1EEEvPKNS2_5codecIT_E12storage_typeES9_mmPd' for 'sm_90'
ptxas info    : Function properties for _ZN3aut8accuracy30storage_dot_map_reduce_batchedINS_7storage5e11m4ELi1EEEvPKNS2_5codecIT_E12storage_typeES9_mmPd
    0 bytes stack frame, 0 bytes spill stores, 0 bytes spill loads
ptxas info    : Used 26 registers, used 1 barriers, 80 bytes smem
ptxas info    : Compile time = 4.369 ms
ptxas info    : Compiling entry function '_ZN3aut8accuracy32storage_batched_reference_kernelINS_7storage5e11m4EEEvPKNS2_5codecIT_E12storage_typeES9_mmPNS0_14reference_pairE' for 'sm_90'
ptxas info    : Function properties for _ZN3aut8accuracy32storage_batched_reference_kernelINS_7storage5e11m4EEEvPKNS2_5codecIT_E12storage_typeES9_mmPNS0_14reference_pairE
    0 bytes stack frame, 0 bytes spill stores, 0 bytes spill loads
ptxas info    : Used 30 registers, used 1 barriers, 296 bytes smem
ptxas info    : Compile time = 12.965 ms
ptxas info    : Compiling entry function '_ZN3aut8accuracy23encode_and_count_kernelINS_7storage5e11m4EEEvPKdPNS2_5codecIT_E12storage_typeEmbdPNS0_15encoding_countsE' for 'sm_90'
ptxas info    : Function properties for _ZN3aut8accuracy23encode_and_count_kernelINS_7storage5e11m4EEEvPKdPNS2_5codecIT_E12storage_typeEmbdPNS0_15encoding_countsE
    0 bytes stack frame, 0 bytes spill stores, 0 bytes spill loads
ptxas info    : Used 24 registers, used 0 barriers
ptxas info    : Compile time = 4.530 ms
ptxas info    : Compiling entry function '_ZN3aut8accuracy30storage_dot_map_reduce_batchedINS_7storage9bf16_e8m7ELi4EEEvPKNS2_5codecIT_E12storage_typeES9_mmPd' for 'sm_90'
ptxas info    : Function properties for _ZN3aut8accuracy30storage_dot_map_reduce_batchedINS_7storage9bf16_e8m7ELi4EEEvPKNS2_5codecIT_E12storage_typeES9_mmPd
    0 bytes stack frame, 0 bytes spill stores, 0 bytes spill loads
ptxas info    : Used 32 registers, used 1 barriers, 80 bytes smem
ptxas info    : Compile time = 5.134 ms
ptxas info    : Compiling entry function '_ZN3aut8accuracy30storage_dot_map_reduce_batchedINS_7storage9bf16_e8m7ELi2EEEvPKNS2_5codecIT_E12storage_typeES9_mmPd' for 'sm_90'
ptxas info    : Function properties for _ZN3aut8accuracy30storage_dot_map_reduce_batchedINS_7storage9bf16_e8m7ELi2EEEvPKNS2_5codecIT_E12storage_typeES9_mmPd
    0 bytes stack frame, 0 bytes spill stores, 0 bytes spill loads
ptxas info    : Used 32 registers, used 1 barriers, 80 bytes smem
ptxas info    : Compile time = 4.664 ms
ptxas info    : Compiling entry function '_ZN3aut8accuracy30storage_dot_map_reduce_batchedINS_7storage9bf16_e8m7ELi1EEEvPKNS2_5codecIT_E12storage_typeES9_mmPd' for 'sm_90'
ptxas info    : Function properties for _ZN3aut8accuracy30storage_dot_map_reduce_batchedINS_7storage9bf16_e8m7ELi1EEEvPKNS2_5codecIT_E12storage_typeES9_mmPd
    0 bytes stack frame, 0 bytes spill stores, 0 bytes spill loads
ptxas info    : Used 26 registers, used 1 barriers, 80 bytes smem
ptxas info    : Compile time = 4.366 ms
ptxas info    : Compiling entry function '_ZN3aut8accuracy32storage_batched_reference_kernelINS_7storage9bf16_e8m7EEEvPKNS2_5codecIT_E12storage_typeES9_mmPNS0_14reference_pairE' for 'sm_90'
ptxas info    : Function properties for _ZN3aut8accuracy32storage_batched_reference_kernelINS_7storage9bf16_e8m7EEEvPKNS2_5codecIT_E12storage_typeES9_mmPNS0_14reference_pairE
    0 bytes stack frame, 0 bytes spill stores, 0 bytes spill loads
ptxas info    : Used 30 registers, used 1 barriers, 296 bytes smem
ptxas info    : Compile time = 12.656 ms
ptxas info    : Compiling entry function '_ZN3aut8accuracy23encode_and_count_kernelINS_7storage9bf16_e8m7EEEvPKdPNS2_5codecIT_E12storage_typeEmbdPNS0_15encoding_countsE' for 'sm_90'
ptxas info    : Function properties for _ZN3aut8accuracy23encode_and_count_kernelINS_7storage9bf16_e8m7EEEvPKdPNS2_5codecIT_E12storage_typeEmbdPNS0_15encoding_countsE
    0 bytes stack frame, 0 bytes spill stores, 0 bytes spill loads
ptxas info    : Used 26 registers, used 0 barriers
ptxas info    : Compile time = 3.539 ms
ptxas info    : Compiling entry function '_ZN3aut8accuracy30storage_dot_map_reduce_batchedINS_7storage10fp16_e5m10ELi4EEEvPKNS2_5codecIT_E12storage_typeES9_mmPd' for 'sm_90'
ptxas info    : Function properties for _ZN3aut8accuracy30storage_dot_map_reduce_batchedINS_7storage10fp16_e5m10ELi4EEEvPKNS2_5codecIT_E12storage_typeES9_mmPd
    0 bytes stack frame, 0 bytes spill stores, 0 bytes spill loads
ptxas info    : Used 32 registers, used 1 barriers, 80 bytes smem
ptxas info    : Compile time = 5.276 ms
ptxas info    : Compiling entry function '_ZN3aut8accuracy30storage_dot_map_reduce_batchedINS_7storage10fp16_e5m10ELi2EEEvPKNS2_5codecIT_E12storage_typeES9_mmPd' for 'sm_90'
ptxas info    : Function properties for _ZN3aut8accuracy30storage_dot_map_reduce_batchedINS_7storage10fp16_e5m10ELi2EEEvPKNS2_5codecIT_E12storage_typeES9_mmPd
    0 bytes stack frame, 0 bytes spill stores, 0 bytes spill loads
ptxas info    : Used 32 registers, used 1 barriers, 80 bytes smem
ptxas info    : Compile time = 4.707 ms
ptxas info    : Compiling entry function '_ZN3aut8accuracy30storage_dot_map_reduce_batchedINS_7storage10fp16_e5m10ELi1EEEvPKNS2_5codecIT_E12storage_typeES9_mmPd' for 'sm_90'
ptxas info    : Function properties for _ZN3aut8accuracy30storage_dot_map_reduce_batchedINS_7storage10fp16_e5m10ELi1EEEvPKNS2_5codecIT_E12storage_typeES9_mmPd
    0 bytes stack frame, 0 bytes spill stores, 0 bytes spill loads
ptxas info    : Used 26 registers, used 1 barriers, 80 bytes smem
ptxas info    : Compile time = 4.397 ms
ptxas info    : Compiling entry function '_ZN3aut8accuracy32storage_batched_reference_kernelINS_7storage10fp16_e5m10EEEvPKNS2_5codecIT_E12storage_typeES9_mmPNS0_14reference_pairE' for 'sm_90'
ptxas info    : Function properties for _ZN3aut8accuracy32storage_batched_reference_kernelINS_7storage10fp16_e5m10EEEvPKNS2_5codecIT_E12storage_typeES9_mmPNS0_14reference_pairE
    0 bytes stack frame, 0 bytes spill stores, 0 bytes spill loads
ptxas info    : Used 30 registers, used 1 barriers, 296 bytes smem
ptxas info    : Compile time = 12.661 ms
ptxas info    : Compiling entry function '_ZN3aut8accuracy23encode_and_count_kernelINS_7storage10fp16_e5m10EEEvPKdPNS2_5codecIT_E12storage_typeEmbdPNS0_15encoding_countsE' for 'sm_90'
ptxas info    : Function properties for _ZN3aut8accuracy23encode_and_count_kernelINS_7storage10fp16_e5m10EEEvPKdPNS2_5codecIT_E12storage_typeEmbdPNS0_15encoding_countsE
    0 bytes stack frame, 0 bytes spill stores, 0 bytes spill loads
ptxas info    : Used 26 registers, used 0 barriers
ptxas info    : Compile time = 3.576 ms
ptxas info    : Compiling entry function '_ZN3aut8accuracy30storage_dot_map_reduce_batchedINS_7storage5e3m12ELi4EEEvPKNS2_5codecIT_E12storage_typeES9_mmPd' for 'sm_90'
ptxas info    : Function properties for _ZN3aut8accuracy30storage_dot_map_reduce_batchedINS_7storage5e3m12ELi4EEEvPKNS2_5codecIT_E12storage_typeES9_mmPd
    0 bytes stack frame, 0 bytes spill stores, 0 bytes spill loads
ptxas info    : Used 43 registers, used 1 barriers, 80 bytes smem
ptxas info    : Compile time = 11.824 ms
ptxas info    : Compiling entry function '_ZN3aut8accuracy30storage_dot_map_reduce_batchedINS_7storage5e3m12ELi2EEEvPKNS2_5codecIT_E12storage_typeES9_mmPd' for 'sm_90'
ptxas info    : Function properties for _ZN3aut8accuracy30storage_dot_map_reduce_batchedINS_7storage5e3m12ELi2EEEvPKNS2_5codecIT_E12storage_typeES9_mmPd
    0 bytes stack frame, 0 bytes spill stores, 0 bytes spill loads
ptxas info    : Used 32 registers, used 1 barriers, 80 bytes smem
ptxas info    : Compile time = 8.891 ms
ptxas info    : Compiling entry function '_ZN3aut8accuracy30storage_dot_map_reduce_batchedINS_7storage5e3m12ELi1EEEvPKNS2_5codecIT_E12storage_typeES9_mmPd' for 'sm_90'
ptxas info    : Function properties for _ZN3aut8accuracy30storage_dot_map_reduce_batchedINS_7storage5e3m12ELi1EEEvPKNS2_5codecIT_E12storage_typeES9_mmPd
    0 bytes stack frame, 0 bytes spill stores, 0 bytes spill loads
ptxas info    : Used 24 registers, used 1 barriers, 80 bytes smem
ptxas info    : Compile time = 7.345 ms
ptxas info    : Compiling entry function '_ZN3aut8accuracy32storage_batched_reference_kernelINS_7storage5e3m12EEEvPKNS2_5codecIT_E12storage_typeES9_mmPNS0_14reference_pairE' for 'sm_90'
ptxas info    : Function properties for _ZN3aut8accuracy32storage_batched_reference_kernelINS_7storage5e3m12EEEvPKNS2_5codecIT_E12storage_typeES9_mmPNS0_14reference_pairE
    0 bytes stack frame, 0 bytes spill stores, 0 bytes spill loads
ptxas info    : Used 28 registers, used 1 barriers, 296 bytes smem
ptxas info    : Compile time = 14.731 ms
ptxas info    : Compiling entry function '_ZN3aut8accuracy23encode_and_count_kernelINS_7storage5e3m12EEEvPKdPNS2_5codecIT_E12storage_typeEmbdPNS0_15encoding_countsE' for 'sm_90'
ptxas info    : Function properties for _ZN3aut8accuracy23encode_and_count_kernelINS_7storage5e3m12EEEvPKdPNS2_5codecIT_E12storage_typeEmbdPNS0_15encoding_countsE
    0 bytes stack frame, 0 bytes spill stores, 0 bytes spill loads
ptxas info    : Used 30 registers, used 0 barriers
ptxas info    : Compile time = 8.947 ms
ptxas info    : Compiling entry function '_ZN3aut8accuracy30storage_dot_map_reduce_batchedINS_7storage5e2m13ELi4EEEvPKNS2_5codecIT_E12storage_typeES9_mmPd' for 'sm_90'
ptxas info    : Function properties for _ZN3aut8accuracy30storage_dot_map_reduce_batchedINS_7storage5e2m13ELi4EEEvPKNS2_5codecIT_E12storage_typeES9_mmPd
    0 bytes stack frame, 0 bytes spill stores, 0 bytes spill loads
ptxas info    : Used 43 registers, used 1 barriers, 80 bytes smem
ptxas info    : Compile time = 11.836 ms
ptxas info    : Compiling entry function '_ZN3aut8accuracy30storage_dot_map_reduce_batchedINS_7storage5e2m13ELi2EEEvPKNS2_5codecIT_E12storage_typeES9_mmPd' for 'sm_90'
ptxas info    : Function properties for _ZN3aut8accuracy30storage_dot_map_reduce_batchedINS_7storage5e2m13ELi2EEEvPKNS2_5codecIT_E12storage_typeES9_mmPd
    0 bytes stack frame, 0 bytes spill stores, 0 bytes spill loads
ptxas info    : Used 32 registers, used 1 barriers, 80 bytes smem
ptxas info    : Compile time = 8.913 ms
ptxas info    : Compiling entry function '_ZN3aut8accuracy30storage_dot_map_reduce_batchedINS_7storage5e2m13ELi1EEEvPKNS2_5codecIT_E12storage_typeES9_mmPd' for 'sm_90'
ptxas info    : Function properties for _ZN3aut8accuracy30storage_dot_map_reduce_batchedINS_7storage5e2m13ELi1EEEvPKNS2_5codecIT_E12storage_typeES9_mmPd
    0 bytes stack frame, 0 bytes spill stores, 0 bytes spill loads
ptxas info    : Used 24 registers, used 1 barriers, 80 bytes smem
ptxas info    : Compile time = 7.321 ms
ptxas info    : Compiling entry function '_ZN3aut8accuracy32storage_batched_reference_kernelINS_7storage5e2m13EEEvPKNS2_5codecIT_E12storage_typeES9_mmPNS0_14reference_pairE' for 'sm_90'
ptxas info    : Function properties for _ZN3aut8accuracy32storage_batched_reference_kernelINS_7storage5e2m13EEEvPKNS2_5codecIT_E12storage_typeES9_mmPNS0_14reference_pairE
    0 bytes stack frame, 0 bytes spill stores, 0 bytes spill loads
ptxas info    : Used 28 registers, used 1 barriers, 296 bytes smem
ptxas info    : Compile time = 14.479 ms
ptxas info    : Compiling entry function '_ZN3aut8accuracy23encode_and_count_kernelINS_7storage5e2m13EEEvPKdPNS2_5codecIT_E12storage_typeEmbdPNS0_15encoding_countsE' for 'sm_90'
ptxas info    : Function properties for _ZN3aut8accuracy23encode_and_count_kernelINS_7storage5e2m13EEEvPKdPNS2_5codecIT_E12storage_typeEmbdPNS0_15encoding_countsE
    0 bytes stack frame, 0 bytes spill stores, 0 bytes spill loads
ptxas info    : Used 30 registers, used 0 barriers
ptxas info    : Compile time = 8.923 ms
ptxas info    : Compiling entry function '_ZN3aut8accuracy30storage_dot_map_reduce_batchedINS_7storage5e1m14ELi4EEEvPKNS2_5codecIT_E12storage_typeES9_mmPd' for 'sm_90'
ptxas info    : Function properties for _ZN3aut8accuracy30storage_dot_map_reduce_batchedINS_7storage5e1m14ELi4EEEvPKNS2_5codecIT_E12storage_typeES9_mmPd
    0 bytes stack frame, 0 bytes spill stores, 0 bytes spill loads
ptxas info    : Used 48 registers, used 1 barriers, 80 bytes smem
ptxas info    : Compile time = 11.173 ms
ptxas info    : Compiling entry function '_ZN3aut8accuracy30storage_dot_map_reduce_batchedINS_7storage5e1m14ELi2EEEvPKNS2_5codecIT_E12storage_typeES9_mmPd' for 'sm_90'
ptxas info    : Function properties for _ZN3aut8accuracy30storage_dot_map_reduce_batchedINS_7storage5e1m14ELi2EEEvPKNS2_5codecIT_E12storage_typeES9_mmPd
    0 bytes stack frame, 0 bytes spill stores, 0 bytes spill loads
ptxas info    : Used 32 registers, used 1 barriers, 80 bytes smem
ptxas info    : Compile time = 8.446 ms
ptxas info    : Compiling entry function '_ZN3aut8accuracy30storage_dot_map_reduce_batchedINS_7storage5e1m14ELi1EEEvPKNS2_5codecIT_E12storage_typeES9_mmPd' for 'sm_90'
ptxas info    : Function properties for _ZN3aut8accuracy30storage_dot_map_reduce_batchedINS_7storage5e1m14ELi1EEEvPKNS2_5codecIT_E12storage_typeES9_mmPd
    0 bytes stack frame, 0 bytes spill stores, 0 bytes spill loads
ptxas info    : Used 30 registers, used 1 barriers, 80 bytes smem
ptxas info    : Compile time = 6.948 ms
ptxas info    : Compiling entry function '_ZN3aut8accuracy32storage_batched_reference_kernelINS_7storage5e1m14EEEvPKNS2_5codecIT_E12storage_typeES9_mmPNS0_14reference_pairE' for 'sm_90'
ptxas info    : Function properties for _ZN3aut8accuracy32storage_batched_reference_kernelINS_7storage5e1m14EEEvPKNS2_5codecIT_E12storage_typeES9_mmPNS0_14reference_pairE
    0 bytes stack frame, 0 bytes spill stores, 0 bytes spill loads
ptxas info    : Used 29 registers, used 1 barriers, 296 bytes smem
ptxas info    : Compile time = 14.473 ms
ptxas info    : Compiling entry function '_ZN3aut8accuracy23encode_and_count_kernelINS_7storage5e1m14EEEvPKdPNS2_5codecIT_E12storage_typeEmbdPNS0_15encoding_countsE' for 'sm_90'
ptxas info    : Function properties for _ZN3aut8accuracy23encode_and_count_kernelINS_7storage5e1m14EEEvPKdPNS2_5codecIT_E12storage_typeEmbdPNS0_15encoding_countsE
    0 bytes stack frame, 0 bytes spill stores, 0 bytes spill loads
ptxas info    : Used 30 registers, used 0 barriers
ptxas info    : Compile time = 8.410 ms
ptxas info    : Compiling entry function '_ZN3aut8accuracy30storage_dot_map_reduce_batchedINS_7storage8fp8_e5m2ELi4EEEvPKNS2_5codecIT_E12storage_typeES9_mmPd' for 'sm_90'
ptxas info    : Function properties for _ZN3aut8accuracy30storage_dot_map_reduce_batchedINS_7storage8fp8_e5m2ELi4EEEvPKNS2_5codecIT_E12storage_typeES9_mmPd
    0 bytes stack frame, 0 bytes spill stores, 0 bytes spill loads
ptxas info    : Used 32 registers, used 1 barriers, 80 bytes smem
ptxas info    : Compile time = 5.262 ms
ptxas info    : Compiling entry function '_ZN3aut8accuracy30storage_dot_map_reduce_batchedINS_7storage8fp8_e5m2ELi2EEEvPKNS2_5codecIT_E12storage_typeES9_mmPd' for 'sm_90'
ptxas info    : Function properties for _ZN3aut8accuracy30storage_dot_map_reduce_batchedINS_7storage8fp8_e5m2ELi2EEEvPKNS2_5codecIT_E12storage_typeES9_mmPd
    0 bytes stack frame, 0 bytes spill stores, 0 bytes spill loads
ptxas info    : Used 32 registers, used 1 barriers, 80 bytes smem
ptxas info    : Compile time = 4.738 ms
ptxas info    : Compiling entry function '_ZN3aut8accuracy30storage_dot_map_reduce_batchedINS_7storage8fp8_e5m2ELi1EEEvPKNS2_5codecIT_E12storage_typeES9_mmPd' for 'sm_90'
ptxas info    : Function properties for _ZN3aut8accuracy30storage_dot_map_reduce_batchedINS_7storage8fp8_e5m2ELi1EEEvPKNS2_5codecIT_E12storage_typeES9_mmPd
    0 bytes stack frame, 0 bytes spill stores, 0 bytes spill loads
ptxas info    : Used 26 registers, used 1 barriers, 80 bytes smem
ptxas info    : Compile time = 4.454 ms
ptxas info    : Compiling entry function '_ZN3aut8accuracy32storage_batched_reference_kernelINS_7storage8fp8_e5m2EEEvPKNS2_5codecIT_E12storage_typeES9_mmPNS0_14reference_pairE' for 'sm_90'
ptxas info    : Function properties for _ZN3aut8accuracy32storage_batched_reference_kernelINS_7storage8fp8_e5m2EEEvPKNS2_5codecIT_E12storage_typeES9_mmPNS0_14reference_pairE
    0 bytes stack frame, 0 bytes spill stores, 0 bytes spill loads
ptxas info    : Used 28 registers, used 1 barriers, 296 bytes smem
ptxas info    : Compile time = 12.956 ms
ptxas info    : Compiling entry function '_ZN3aut8accuracy23encode_and_count_kernelINS_7storage8fp8_e5m2EEEvPKdPNS2_5codecIT_E12storage_typeEmbdPNS0_15encoding_countsE' for 'sm_90'
ptxas info    : Function properties for _ZN3aut8accuracy23encode_and_count_kernelINS_7storage8fp8_e5m2EEEvPKdPNS2_5codecIT_E12storage_typeEmbdPNS0_15encoding_countsE
    0 bytes stack frame, 0 bytes spill stores, 0 bytes spill loads
ptxas info    : Used 24 registers, used 0 barriers
ptxas info    : Compile time = 6.473 ms
ptxas info    : Compiling entry function '_ZN3aut8accuracy30storage_dot_map_reduce_batchedINS_7storage8fp8_e4m3ELi4EEEvPKNS2_5codecIT_E12storage_typeES9_mmPd' for 'sm_90'
ptxas info    : Function properties for _ZN3aut8accuracy30storage_dot_map_reduce_batchedINS_7storage8fp8_e4m3ELi4EEEvPKNS2_5codecIT_E12storage_typeES9_mmPd
    0 bytes stack frame, 0 bytes spill stores, 0 bytes spill loads
ptxas info    : Used 32 registers, used 1 barriers, 80 bytes smem
ptxas info    : Compile time = 5.281 ms
ptxas info    : Compiling entry function '_ZN3aut8accuracy30storage_dot_map_reduce_batchedINS_7storage8fp8_e4m3ELi2EEEvPKNS2_5codecIT_E12storage_typeES9_mmPd' for 'sm_90'
ptxas info    : Function properties for _ZN3aut8accuracy30storage_dot_map_reduce_batchedINS_7storage8fp8_e4m3ELi2EEEvPKNS2_5codecIT_E12storage_typeES9_mmPd
    0 bytes stack frame, 0 bytes spill stores, 0 bytes spill loads
ptxas info    : Used 32 registers, used 1 barriers, 80 bytes smem
ptxas info    : Compile time = 4.733 ms
ptxas info    : Compiling entry function '_ZN3aut8accuracy30storage_dot_map_reduce_batchedINS_7storage8fp8_e4m3ELi1EEEvPKNS2_5codecIT_E12storage_typeES9_mmPd' for 'sm_90'
ptxas info    : Function properties for _ZN3aut8accuracy30storage_dot_map_reduce_batchedINS_7storage8fp8_e4m3ELi1EEEvPKNS2_5codecIT_E12storage_typeES9_mmPd
    0 bytes stack frame, 0 bytes spill stores, 0 bytes spill loads
ptxas info    : Used 26 registers, used 1 barriers, 80 bytes smem
ptxas info    : Compile time = 4.439 ms
ptxas info    : Compiling entry function '_ZN3aut8accuracy32storage_batched_reference_kernelINS_7storage8fp8_e4m3EEEvPKNS2_5codecIT_E12storage_typeES9_mmPNS0_14reference_pairE' for 'sm_90'
ptxas info    : Function properties for _ZN3aut8accuracy32storage_batched_reference_kernelINS_7storage8fp8_e4m3EEEvPKNS2_5codecIT_E12storage_typeES9_mmPNS0_14reference_pairE
    0 bytes stack frame, 0 bytes spill stores, 0 bytes spill loads
ptxas info    : Used 28 registers, used 1 barriers, 296 bytes smem
ptxas info    : Compile time = 12.780 ms
ptxas info    : Compiling entry function '_ZN3aut8accuracy23encode_and_count_kernelINS_7storage8fp8_e4m3EEEvPKdPNS2_5codecIT_E12storage_typeEmbdPNS0_15encoding_countsE' for 'sm_90'
ptxas info    : Function properties for _ZN3aut8accuracy23encode_and_count_kernelINS_7storage8fp8_e4m3EEEvPKdPNS2_5codecIT_E12storage_typeEmbdPNS0_15encoding_countsE
    0 bytes stack frame, 0 bytes spill stores, 0 bytes spill loads
ptxas info    : Used 24 registers, used 0 barriers
ptxas info    : Compile time = 6.358 ms
ptxas info    : Compiling entry function '_ZN3aut8accuracy30storage_dot_map_reduce_batchedINS_7storage4e3m4ELi4EEEvPKNS2_5codecIT_E12storage_typeES9_mmPd' for 'sm_90'
ptxas info    : Function properties for _ZN3aut8accuracy30storage_dot_map_reduce_batchedINS_7storage4e3m4ELi4EEEvPKNS2_5codecIT_E12storage_typeES9_mmPd
    0 bytes stack frame, 0 bytes spill stores, 0 bytes spill loads
ptxas info    : Used 43 registers, used 1 barriers, 80 bytes smem
ptxas info    : Compile time = 11.700 ms
ptxas info    : Compiling entry function '_ZN3aut8accuracy30storage_dot_map_reduce_batchedINS_7storage4e3m4ELi2EEEvPKNS2_5codecIT_E12storage_typeES9_mmPd' for 'sm_90'
ptxas info    : Function properties for _ZN3aut8accuracy30storage_dot_map_reduce_batchedINS_7storage4e3m4ELi2EEEvPKNS2_5codecIT_E12storage_typeES9_mmPd
    0 bytes stack frame, 0 bytes spill stores, 0 bytes spill loads
ptxas info    : Used 32 registers, used 1 barriers, 80 bytes smem
ptxas info    : Compile time = 8.939 ms
ptxas info    : Compiling entry function '_ZN3aut8accuracy30storage_dot_map_reduce_batchedINS_7storage4e3m4ELi1EEEvPKNS2_5codecIT_E12storage_typeES9_mmPd' for 'sm_90'
ptxas info    : Function properties for _ZN3aut8accuracy30storage_dot_map_reduce_batchedINS_7storage4e3m4ELi1EEEvPKNS2_5codecIT_E12storage_typeES9_mmPd
    0 bytes stack frame, 0 bytes spill stores, 0 bytes spill loads
ptxas info    : Used 26 registers, used 1 barriers, 80 bytes smem
ptxas info    : Compile time = 7.284 ms
ptxas info    : Compiling entry function '_ZN3aut8accuracy30storage_dot_map_reduce_batchedINS_7storage4e2m5ELi4EEEvPKNS2_5codecIT_E12storage_typeES9_mmPd' for 'sm_90'
ptxas info    : Function properties for _ZN3aut8accuracy30storage_dot_map_reduce_batchedINS_7storage4e2m5ELi4EEEvPKNS2_5codecIT_E12storage_typeES9_mmPd
    0 bytes stack frame, 0 bytes spill stores, 0 bytes spill loads
ptxas info    : Used 43 registers, used 1 barriers, 80 bytes smem
ptxas info    : Compile time = 11.781 ms
ptxas info    : Compiling entry function '_ZN3aut8accuracy30storage_dot_map_reduce_batchedINS_7storage4e2m5ELi2EEEvPKNS2_5codecIT_E12storage_typeES9_mmPd' for 'sm_90'
ptxas info    : Function properties for _ZN3aut8accuracy30storage_dot_map_reduce_batchedINS_7storage4e2m5ELi2EEEvPKNS2_5codecIT_E12storage_typeES9_mmPd
    0 bytes stack frame, 0 bytes spill stores, 0 bytes spill loads
ptxas info    : Used 32 registers, used 1 barriers, 80 bytes smem
ptxas info    : Compile time = 8.954 ms
ptxas info    : Compiling entry function '_ZN3aut8accuracy30storage_dot_map_reduce_batchedINS_7storage4e2m5ELi1EEEvPKNS2_5codecIT_E12storage_typeES9_mmPd' for 'sm_90'
ptxas info    : Function properties for _ZN3aut8accuracy30storage_dot_map_reduce_batchedINS_7storage4e2m5ELi1EEEvPKNS2_5codecIT_E12storage_typeES9_mmPd
    0 bytes stack frame, 0 bytes spill stores, 0 bytes spill loads
ptxas info    : Used 26 registers, used 1 barriers, 80 bytes smem
ptxas info    : Compile time = 7.508 ms
ptxas info    : Compiling entry function '_ZN3aut8accuracy32storage_batched_reference_kernelINS_7storage4e2m5EEEvPKNS2_5codecIT_E12storage_typeES9_mmPNS0_14reference_pairE' for 'sm_90'
ptxas info    : Function properties for _ZN3aut8accuracy32storage_batched_reference_kernelINS_7storage4e2m5EEEvPKNS2_5codecIT_E12storage_typeES9_mmPNS0_14reference_pairE
    0 bytes stack frame, 0 bytes spill stores, 0 bytes spill loads
ptxas info    : Used 28 registers, used 1 barriers, 296 bytes smem
ptxas info    : Compile time = 14.877 ms
ptxas info    : Compiling entry function '_ZN3aut8accuracy23encode_and_count_kernelINS_7storage4e2m5EEEvPKdPNS2_5codecIT_E12storage_typeEmbdPNS0_15encoding_countsE' for 'sm_90'
ptxas info    : Function properties for _ZN3aut8accuracy23encode_and_count_kernelINS_7storage4e2m5EEEvPKdPNS2_5codecIT_E12storage_typeEmbdPNS0_15encoding_countsE
    0 bytes stack frame, 0 bytes spill stores, 0 bytes spill loads
ptxas info    : Used 30 registers, used 0 barriers
ptxas info    : Compile time = 8.978 ms
ptxas info    : Compiling entry function '_ZN3aut8accuracy30storage_dot_map_reduce_batchedINS_7storage4e1m6ELi4EEEvPKNS2_5codecIT_E12storage_typeES9_mmPd' for 'sm_90'
ptxas info    : Function properties for _ZN3aut8accuracy30storage_dot_map_reduce_batchedINS_7storage4e1m6ELi4EEEvPKNS2_5codecIT_E12storage_typeES9_mmPd
    0 bytes stack frame, 0 bytes spill stores, 0 bytes spill loads
ptxas info    : Used 48 registers, used 1 barriers, 80 bytes smem
ptxas info    : Compile time = 11.174 ms
ptxas info    : Compiling entry function '_ZN3aut8accuracy30storage_dot_map_reduce_batchedINS_7storage4e1m6ELi2EEEvPKNS2_5codecIT_E12storage_typeES9_mmPd' for 'sm_90'
ptxas info    : Function properties for _ZN3aut8accuracy30storage_dot_map_reduce_batchedINS_7storage4e1m6ELi2EEEvPKNS2_5codecIT_E12storage_typeES9_mmPd
    0 bytes stack frame, 0 bytes spill stores, 0 bytes spill loads
ptxas info    : Used 32 registers, used 1 barriers, 80 bytes smem
ptxas info    : Compile time = 8.428 ms
ptxas info    : Compiling entry function '_ZN3aut8accuracy30storage_dot_map_reduce_batchedINS_7storage4e1m6ELi1EEEvPKNS2_5codecIT_E12storage_typeES9_mmPd' for 'sm_90'
ptxas info    : Function properties for _ZN3aut8accuracy30storage_dot_map_reduce_batchedINS_7storage4e1m6ELi1EEEvPKNS2_5codecIT_E12storage_typeES9_mmPd
    0 bytes stack frame, 0 bytes spill stores, 0 bytes spill loads
ptxas info    : Used 30 registers, used 1 barriers, 80 bytes smem
ptxas info    : Compile time = 6.866 ms
ptxas info    : Compiling entry function '_ZN3aut8accuracy32storage_batched_reference_kernelINS_7storage4e1m6EEEvPKNS2_5codecIT_E12storage_typeES9_mmPNS0_14reference_pairE' for 'sm_90'
ptxas info    : Function properties for _ZN3aut8accuracy32storage_batched_reference_kernelINS_7storage4e1m6EEEvPKNS2_5codecIT_E12storage_typeES9_mmPNS0_14reference_pairE
    0 bytes stack frame, 0 bytes spill stores, 0 bytes spill loads
ptxas info    : Used 29 registers, used 1 barriers, 296 bytes smem
ptxas info    : Compile time = 14.432 ms
ptxas info    : Compiling entry function '_ZN3aut8accuracy23encode_and_count_kernelINS_7storage4e1m6EEEvPKdPNS2_5codecIT_E12storage_typeEmbdPNS0_15encoding_countsE' for 'sm_90'
ptxas info    : Function properties for _ZN3aut8accuracy23encode_and_count_kernelINS_7storage4e1m6EEEvPKdPNS2_5codecIT_E12storage_typeEmbdPNS0_15encoding_countsE
    0 bytes stack frame, 0 bytes spill stores, 0 bytes spill loads
ptxas info    : Used 30 registers, used 0 barriers
ptxas info    : Compile time = 8.389 ms
ptxas info    : Compiling entry function '_ZN3aut8accuracy32storage_batched_reference_kernelINS_7storage4e3m4EEEvPKNS2_5codecIT_E12storage_typeES9_mmPNS0_14reference_pairE' for 'sm_90'
ptxas info    : Function properties for _ZN3aut8accuracy32storage_batched_reference_kernelINS_7storage4e3m4EEEvPKNS2_5codecIT_E12storage_typeES9_mmPNS0_14reference_pairE
    0 bytes stack frame, 0 bytes spill stores, 0 bytes spill loads
ptxas info    : Used 28 registers, used 1 barriers, 296 bytes smem
ptxas info    : Compile time = 14.442 ms
ptxas info    : Compiling entry function '_ZN3aut8accuracy23encode_and_count_kernelINS_7storage4e3m4EEEvPKdPNS2_5codecIT_E12storage_typeEmbdPNS0_15encoding_countsE' for 'sm_90'
ptxas info    : Function properties for _ZN3aut8accuracy23encode_and_count_kernelINS_7storage4e3m4EEEvPKdPNS2_5codecIT_E12storage_typeEmbdPNS0_15encoding_countsE
    0 bytes stack frame, 0 bytes spill stores, 0 bytes spill loads
ptxas info    : Used 30 registers, used 0 barriers
ptxas info    : Compile time = 8.931 ms
ptxas info    : Compiling entry function '_ZN3aut8accuracy28storage_dot_finalize_batchedEPKdmmPd' for 'sm_90'
ptxas info    : Function properties for _ZN3aut8accuracy28storage_dot_finalize_batchedEPKdmmPd
    0 bytes stack frame, 0 bytes spill stores, 0 bytes spill loads
ptxas info    : Used 18 registers, used 1 barriers, 80 bytes smem
ptxas info    : Compile time = 3.220 ms
ptxas info    : Compiling entry function '_ZN3aut8accuracy28source_gemv_reference_kernelEPKdS2_mmPNS0_14reference_pairE' for 'sm_90'
ptxas info    : Function properties for _ZN3aut8accuracy28source_gemv_reference_kernelEPKdS2_mmPNS0_14reference_pairE
    0 bytes stack frame, 0 bytes spill stores, 0 bytes spill loads
ptxas info    : Used 28 registers, used 1 barriers, 296 bytes smem
ptxas info    : Compile time = 12.678 ms
ptxas info    : Compiling entry function '_ZN3aut8accuracy31source_batched_reference_kernelEPKdS2_mmPNS0_14reference_pairE' for 'sm_90'
ptxas info    : Function properties for _ZN3aut8accuracy31source_batched_reference_kernelEPKdS2_mmPNS0_14reference_pairE
    0 bytes stack frame, 0 bytes spill stores, 0 bytes spill loads
ptxas info    : Used 28 registers, used 1 barriers, 296 bytes smem
ptxas info    : Compile time = 12.509 ms
ptxas info    : Compiling entry function '_ZN3aut7kernels12storage_gemvINS_7storage11fp64_e11m52ELi4EEEvPKNS2_5codecIT_E12storage_typeES9_mmmPd' for 'sm_90'
ptxas info    : Function properties for _ZN3aut7kernels12storage_gemvINS_7storage11fp64_e11m52ELi4EEEvPKNS2_5codecIT_E12storage_typeES9_mmmPd
    0 bytes stack frame, 0 bytes spill stores, 0 bytes spill loads
ptxas info    : Used 32 registers, used 1 barriers, 80 bytes smem
ptxas info    : Compile time = 4.409 ms
ptxas info    : Compiling entry function '_ZN3aut7kernels12storage_gemvINS_7storage11fp64_e11m52ELi2EEEvPKNS2_5codecIT_E12storage_typeES9_mmmPd' for 'sm_90'
ptxas info    : Function properties for _ZN3aut7kernels12storage_gemvINS_7storage11fp64_e11m52ELi2EEEvPKNS2_5codecIT_E12storage_typeES9_mmmPd
    0 bytes stack frame, 0 bytes spill stores, 0 bytes spill loads
ptxas info    : Used 21 registers, used 1 barriers, 80 bytes smem
ptxas info    : Compile time = 4.137 ms
ptxas info    : Compiling entry function '_ZN3aut7kernels12storage_gemvINS_7storage11fp64_e11m52ELi1EEEvPKNS2_5codecIT_E12storage_typeES9_mmmPd' for 'sm_90'
ptxas info    : Function properties for _ZN3aut7kernels12storage_gemvINS_7storage11fp64_e11m52ELi1EEEvPKNS2_5codecIT_E12storage_typeES9_mmmPd
    0 bytes stack frame, 0 bytes spill stores, 0 bytes spill loads
ptxas info    : Used 21 registers, used 1 barriers, 80 bytes smem
ptxas info    : Compile time = 3.936 ms
ptxas info    : Compiling entry function '_ZN3aut7kernels12storage_gemvINS_7storage6e11m20ELi4EEEvPKNS2_5codecIT_E12storage_typeES9_mmmPd' for 'sm_90'
ptxas info    : Function properties for _ZN3aut7kernels12storage_gemvINS_7storage6e11m20ELi4EEEvPKNS2_5codecIT_E12storage_typeES9_mmmPd
    0 bytes stack frame, 0 bytes spill stores, 0 bytes spill loads
ptxas info    : Used 28 registers, used 1 barriers, 80 bytes smem
ptxas info    : Compile time = 4.589 ms
ptxas info    : Compiling entry function '_ZN3aut7kernels12storage_gemvINS_7storage6e11m20ELi2EEEvPKNS2_5codecIT_E12storage_typeES9_mmmPd' for 'sm_90'
ptxas info    : Function properties for _ZN3aut7kernels12storage_gemvINS_7storage6e11m20ELi2EEEvPKNS2_5codecIT_E12storage_typeES9_mmmPd
    0 bytes stack frame, 0 bytes spill stores, 0 bytes spill loads
ptxas info    : Used 22 registers, used 1 barriers, 80 bytes smem
ptxas info    : Compile time = 4.292 ms
ptxas info    : Compiling entry function '_ZN3aut7kernels12storage_gemvINS_7storage6e11m20ELi1EEEvPKNS2_5codecIT_E12storage_typeES9_mmmPd' for 'sm_90'
ptxas info    : Function properties for _ZN3aut7kernels12storage_gemvINS_7storage6e11m20ELi1EEEvPKNS2_5codecIT_E12storage_typeES9_mmmPd
    0 bytes stack frame, 0 bytes spill stores, 0 bytes spill loads
ptxas info    : Used 21 registers, used 1 barriers, 80 bytes smem
ptxas info    : Compile time = 4.027 ms
ptxas info    : Compiling entry function '_ZN3aut7kernels12storage_gemvINS_7storage10fp32_e8m23ELi4EEEvPKNS2_5codecIT_E12storage_typeES9_mmmPd' for 'sm_90'
ptxas info    : Function properties for _ZN3aut7kernels12storage_gemvINS_7storage10fp32_e8m23ELi4EEEvPKNS2_5codecIT_E12storage_typeES9_mmmPd
    0 bytes stack frame, 0 bytes spill stores, 0 bytes spill loads
ptxas info    : Used 32 registers, used 1 barriers, 80 bytes smem
ptxas info    : Compile time = 4.574 ms
ptxas info    : Compiling entry function '_ZN3aut7kernels12storage_gemvINS_7storage10fp32_e8m23ELi2EEEvPKNS2_5codecIT_E12storage_typeES9_mmmPd' for 'sm_90'
ptxas info    : Function properties for _ZN3aut7kernels12storage_gemvINS_7storage10fp32_e8m23ELi2EEEvPKNS2_5codecIT_E12storage_typeES9_mmmPd
    0 bytes stack frame, 0 bytes spill stores, 0 bytes spill loads
ptxas info    : Used 26 registers, used 1 barriers, 80 bytes smem
ptxas info    : Compile time = 4.275 ms
ptxas info    : Compiling entry function '_ZN3aut7kernels12storage_gemvINS_7storage10fp32_e8m23ELi1EEEvPKNS2_5codecIT_E12storage_typeES9_mmmPd' for 'sm_90'
ptxas info    : Function properties for _ZN3aut7kernels12storage_gemvINS_7storage10fp32_e8m23ELi1EEEvPKNS2_5codecIT_E12storage_typeES9_mmmPd
    0 bytes stack frame, 0 bytes spill stores, 0 bytes spill loads
ptxas info    : Used 23 registers, used 1 barriers, 80 bytes smem
ptxas info    : Compile time = 4.004 ms
ptxas info    : Compiling entry function '_ZN3aut7kernels12storage_gemvINS_7storage5e3m28ELi4EEEvPKNS2_5codecIT_E12storage_typeES9_mmmPd' for 'sm_90'
ptxas info    : Function properties for _ZN3aut7kernels12storage_gemvINS_7storage5e3m28ELi4EEEvPKNS2_5codecIT_E12storage_typeES9_mmmPd
    0 bytes stack frame, 0 bytes spill stores, 0 bytes spill loads
ptxas info    : Used 37 registers, used 1 barriers, 80 bytes smem
ptxas info    : Compile time = 11.536 ms
ptxas info    : Compiling entry function '_ZN3aut7kernels12storage_gemvINS_7storage5e3m28ELi2EEEvPKNS2_5codecIT_E12storage_typeES9_mmmPd' for 'sm_90'
ptxas info    : Function properties for _ZN3aut7kernels12storage_gemvINS_7storage5e3m28ELi2EEEvPKNS2_5codecIT_E12storage_typeES9_mmmPd
    0 bytes stack frame, 0 bytes spill stores, 0 bytes spill loads
ptxas info    : Used 27 registers, used 1 barriers, 80 bytes smem
ptxas info    : Compile time = 8.633 ms
ptxas info    : Compiling entry function '_ZN3aut7kernels12storage_gemvINS_7storage5e3m28ELi1EEEvPKNS2_5codecIT_E12storage_typeES9_mmmPd' for 'sm_90'
ptxas info    : Function properties for _ZN3aut7kernels12storage_gemvINS_7storage5e3m28ELi1EEEvPKNS2_5codecIT_E12storage_typeES9_mmmPd
    0 bytes stack frame, 0 bytes spill stores, 0 bytes spill loads
ptxas info    : Used 22 registers, used 1 barriers, 80 bytes smem
ptxas info    : Compile time = 7.100 ms
ptxas info    : Compiling entry function '_ZN3aut7kernels12storage_gemvINS_7storage5e2m29ELi4EEEvPKNS2_5codecIT_E12storage_typeES9_mmmPd' for 'sm_90'
ptxas info    : Function properties for _ZN3aut7kernels12storage_gemvINS_7storage5e2m29ELi4EEEvPKNS2_5codecIT_E12storage_typeES9_mmmPd
    0 bytes stack frame, 0 bytes spill stores, 0 bytes spill loads
ptxas info    : Used 37 registers, used 1 barriers, 80 bytes smem
ptxas info    : Compile time = 11.478 ms
ptxas info    : Compiling entry function '_ZN3aut7kernels12storage_gemvINS_7storage5e2m29ELi2EEEvPKNS2_5codecIT_E12storage_typeES9_mmmPd' for 'sm_90'
ptxas info    : Function properties for _ZN3aut7kernels12storage_gemvINS_7storage5e2m29ELi2EEEvPKNS2_5codecIT_E12storage_typeES9_mmmPd
    0 bytes stack frame, 0 bytes spill stores, 0 bytes spill loads
ptxas info    : Used 27 registers, used 1 barriers, 80 bytes smem
ptxas info    : Compile time = 8.821 ms
ptxas info    : Compiling entry function '_ZN3aut7kernels12storage_gemvINS_7storage5e2m29ELi1EEEvPKNS2_5codecIT_E12storage_typeES9_mmmPd' for 'sm_90'
ptxas info    : Function properties for _ZN3aut7kernels12storage_gemvINS_7storage5e2m29ELi1EEEvPKNS2_5codecIT_E12storage_typeES9_mmmPd
    0 bytes stack frame, 0 bytes spill stores, 0 bytes spill loads
ptxas info    : Used 22 registers, used 1 barriers, 80 bytes smem
ptxas info    : Compile time = 7.109 ms
ptxas info    : Compiling entry function '_ZN3aut7kernels12storage_gemvINS_7storage5e1m30ELi4EEEvPKNS2_5codecIT_E12storage_typeES9_mmmPd' for 'sm_90'
ptxas info    : Function properties for _ZN3aut7kernels12storage_gemvINS_7storage5e1m30ELi4EEEvPKNS2_5codecIT_E12storage_typeES9_mmmPd
    0 bytes stack frame, 0 bytes spill stores, 0 bytes spill loads
ptxas info    : Used 40 registers, used 1 barriers, 80 bytes smem
ptxas info    : Compile time = 10.605 ms
ptxas info    : Compiling entry function '_ZN3aut7kernels12storage_gemvINS_7storage5e1m30ELi2EEEvPKNS2_5codecIT_E12storage_typeES9_mmmPd' for 'sm_90'
ptxas info    : Function properties for _ZN3aut7kernels12storage_gemvINS_7storage5e1m30ELi2EEEvPKNS2_5codecIT_E12storage_typeES9_mmmPd
    0 bytes stack frame, 0 bytes spill stores, 0 bytes spill loads
ptxas info    : Used 30 registers, used 1 barriers, 80 bytes smem
ptxas info    : Compile time = 8.058 ms
ptxas info    : Compiling entry function '_ZN3aut7kernels12storage_gemvINS_7storage5e1m30ELi1EEEvPKNS2_5codecIT_E12storage_typeES9_mmmPd' for 'sm_90'
ptxas info    : Function properties for _ZN3aut7kernels12storage_gemvINS_7storage5e1m30ELi1EEEvPKNS2_5codecIT_E12storage_typeES9_mmmPd
    0 bytes stack frame, 0 bytes spill stores, 0 bytes spill loads
ptxas info    : Used 26 registers, used 1 barriers, 80 bytes smem
ptxas info    : Compile time = 6.622 ms
ptxas info    : Compiling entry function '_ZN3aut7kernels12storage_gemvINS_7storage5e11m4ELi4EEEvPKNS2_5codecIT_E12storage_typeES9_mmmPd' for 'sm_90'
ptxas info    : Function properties for _ZN3aut7kernels12storage_gemvINS_7storage5e11m4ELi4EEEvPKNS2_5codecIT_E12storage_typeES9_mmmPd
    0 bytes stack frame, 0 bytes spill stores, 0 bytes spill loads
ptxas info    : Used 30 registers, used 1 barriers, 80 bytes smem
ptxas info    : Compile time = 4.762 ms
ptxas info    : Compiling entry function '_ZN3aut7kernels12storage_gemvINS_7storage5e11m4ELi2EEEvPKNS2_5codecIT_E12storage_typeES9_mmmPd' for 'sm_90'
ptxas info    : Function properties for _ZN3aut7kernels12storage_gemvINS_7storage5e11m4ELi2EEEvPKNS2_5codecIT_E12storage_typeES9_mmmPd
    0 bytes stack frame, 0 bytes spill stores, 0 bytes spill loads
ptxas info    : Used 24 registers, used 1 barriers, 80 bytes smem
ptxas info    : Compile time = 4.369 ms
ptxas info    : Compiling entry function '_ZN3aut7kernels12storage_gemvINS_7storage5e11m4ELi1EEEvPKNS2_5codecIT_E12storage_typeES9_mmmPd' for 'sm_90'
ptxas info    : Function properties for _ZN3aut7kernels12storage_gemvINS_7storage5e11m4ELi1EEEvPKNS2_5codecIT_E12storage_typeES9_mmmPd
    0 bytes stack frame, 0 bytes spill stores, 0 bytes spill loads
ptxas info    : Used 23 registers, used 1 barriers, 80 bytes smem
ptxas info    : Compile time = 4.114 ms
ptxas info    : Compiling entry function '_ZN3aut7kernels12storage_gemvINS_7storage9bf16_e8m7ELi4EEEvPKNS2_5codecIT_E12storage_typeES9_mmmPd' for 'sm_90'
ptxas info    : Function properties for _ZN3aut7kernels12storage_gemvINS_7storage9bf16_e8m7ELi4EEEvPKNS2_5codecIT_E12storage_typeES9_mmmPd
    0 bytes stack frame, 0 bytes spill stores, 0 bytes spill loads
ptxas info    : Used 30 registers, used 1 barriers, 80 bytes smem
ptxas info    : Compile time = 4.774 ms
ptxas info    : Compiling entry function '_ZN3aut7kernels12storage_gemvINS_7storage9bf16_e8m7ELi2EEEvPKNS2_5codecIT_E12storage_typeES9_mmmPd' for 'sm_90'
ptxas info    : Function properties for _ZN3aut7kernels12storage_gemvINS_7storage9bf16_e8m7ELi2EEEvPKNS2_5codecIT_E12storage_typeES9_mmmPd
    0 bytes stack frame, 0 bytes spill stores, 0 bytes spill loads
ptxas info    : Used 25 registers, used 1 barriers, 80 bytes smem
ptxas info    : Compile time = 4.446 ms
ptxas info    : Compiling entry function '_ZN3aut7kernels12storage_gemvINS_7storage9bf16_e8m7ELi1EEEvPKNS2_5codecIT_E12storage_typeES9_mmmPd' for 'sm_90'
ptxas info    : Function properties for _ZN3aut7kernels12storage_gemvINS_7storage9bf16_e8m7ELi1EEEvPKNS2_5codecIT_E12storage_typeES9_mmmPd
    0 bytes stack frame, 0 bytes spill stores, 0 bytes spill loads
ptxas info    : Used 23 registers, used 1 barriers, 80 bytes smem
ptxas info    : Compile time = 4.081 ms
ptxas info    : Compiling entry function '_ZN3aut7kernels12storage_gemvINS_7storage10fp16_e5m10ELi4EEEvPKNS2_5codecIT_E12storage_typeES9_mmmPd' for 'sm_90'
ptxas info    : Function properties for _ZN3aut7kernels12storage_gemvINS_7storage10fp16_e5m10ELi4EEEvPKNS2_5codecIT_E12storage_typeES9_mmmPd
    0 bytes stack frame, 0 bytes spill stores, 0 bytes spill loads
ptxas info    : Used 31 registers, used 1 barriers, 80 bytes smem
ptxas info    : Compile time = 4.914 ms
ptxas info    : Compiling entry function '_ZN3aut7kernels12storage_gemvINS_7storage10fp16_e5m10ELi2EEEvPKNS2_5codecIT_E12storage_typeES9_mmmPd' for 'sm_90'
ptxas info    : Function properties for _ZN3aut7kernels12storage_gemvINS_7storage10fp16_e5m10ELi2EEEvPKNS2_5codecIT_E12storage_typeES9_mmmPd
    0 bytes stack frame, 0 bytes spill stores, 0 bytes spill loads
ptxas info    : Used 24 registers, used 1 barriers, 80 bytes smem
ptxas info    : Compile time = 4.404 ms
ptxas info    : Compiling entry function '_ZN3aut7kernels12storage_gemvINS_7storage10fp16_e5m10ELi1EEEvPKNS2_5codecIT_E12storage_typeES9_mmmPd' for 'sm_90'
ptxas info    : Function properties for _ZN3aut7kernels12storage_gemvINS_7storage10fp16_e5m10ELi1EEEvPKNS2_5codecIT_E12storage_typeES9_mmmPd
    0 bytes stack frame, 0 bytes spill stores, 0 bytes spill loads
ptxas info    : Used 23 registers, used 1 barriers, 80 bytes smem
ptxas info    : Compile time = 4.127 ms
ptxas info    : Compiling entry function '_ZN3aut7kernels12storage_gemvINS_7storage5e3m12ELi4EEEvPKNS2_5codecIT_E12storage_typeES9_mmmPd' for 'sm_90'
ptxas info    : Function properties for _ZN3aut7kernels12storage_gemvINS_7storage5e3m12ELi4EEEvPKNS2_5codecIT_E12storage_typeES9_mmmPd
    0 bytes stack frame, 0 bytes spill stores, 0 bytes spill loads
ptxas info    : Used 37 registers, used 1 barriers, 80 bytes smem
ptxas info    : Compile time = 11.304 ms
ptxas info    : Compiling entry function '_ZN3aut7kernels12storage_gemvINS_7storage5e3m12ELi2EEEvPKNS2_5codecIT_E12storage_typeES9_mmmPd' for 'sm_90'
ptxas info    : Function properties for _ZN3aut7kernels12storage_gemvINS_7storage5e3m12ELi2EEEvPKNS2_5codecIT_E12storage_typeES9_mmmPd
    0 bytes stack frame, 0 bytes spill stores, 0 bytes spill loads
ptxas info    : Used 27 registers, used 1 barriers, 80 bytes smem
ptxas info    : Compile time = 8.392 ms
ptxas info    : Compiling entry function '_ZN3aut7kernels12storage_gemvINS_7storage5e3m12ELi1EEEvPKNS2_5codecIT_E12storage_typeES9_mmmPd' for 'sm_90'
ptxas info    : Function properties for _ZN3aut7kernels12storage_gemvINS_7storage5e3m12ELi1EEEvPKNS2_5codecIT_E12storage_typeES9_mmmPd
    0 bytes stack frame, 0 bytes spill stores, 0 bytes spill loads
ptxas info    : Used 22 registers, used 1 barriers, 80 bytes smem
ptxas info    : Compile time = 7.001 ms
ptxas info    : Compiling entry function '_ZN3aut7kernels12storage_gemvINS_7storage5e2m13ELi4EEEvPKNS2_5codecIT_E12storage_typeES9_mmmPd' for 'sm_90'
ptxas info    : Function properties for _ZN3aut7kernels12storage_gemvINS_7storage5e2m13ELi4EEEvPKNS2_5codecIT_E12storage_typeES9_mmmPd
    0 bytes stack frame, 0 bytes spill stores, 0 bytes spill loads
ptxas info    : Used 37 registers, used 1 barriers, 80 bytes smem
ptxas info    : Compile time = 11.248 ms
ptxas info    : Compiling entry function '_ZN3aut7kernels12storage_gemvINS_7storage5e2m13ELi2EEEvPKNS2_5codecIT_E12storage_typeES9_mmmPd' for 'sm_90'
ptxas info    : Function properties for _ZN3aut7kernels12storage_gemvINS_7storage5e2m13ELi2EEEvPKNS2_5codecIT_E12storage_typeES9_mmmPd
    0 bytes stack frame, 0 bytes spill stores, 0 bytes spill loads
ptxas info    : Used 27 registers, used 1 barriers, 80 bytes smem
ptxas info    : Compile time = 8.403 ms
ptxas info    : Compiling entry function '_ZN3aut7kernels12storage_gemvINS_7storage5e2m13ELi1EEEvPKNS2_5codecIT_E12storage_typeES9_mmmPd' for 'sm_90'
ptxas info    : Function properties for _ZN3aut7kernels12storage_gemvINS_7storage5e2m13ELi1EEEvPKNS2_5codecIT_E12storage_typeES9_mmmPd
    0 bytes stack frame, 0 bytes spill stores, 0 bytes spill loads
ptxas info    : Used 22 registers, used 1 barriers, 80 bytes smem
ptxas info    : Compile time = 7.020 ms
ptxas info    : Compiling entry function '_ZN3aut7kernels12storage_gemvINS_7storage5e1m14ELi4EEEvPKNS2_5codecIT_E12storage_typeES9_mmmPd' for 'sm_90'
ptxas info    : Function properties for _ZN3aut7kernels12storage_gemvINS_7storage5e1m14ELi4EEEvPKNS2_5codecIT_E12storage_typeES9_mmmPd
    0 bytes stack frame, 0 bytes spill stores, 0 bytes spill loads
ptxas info    : Used 40 registers, used 1 barriers, 80 bytes smem
ptxas info    : Compile time = 10.619 ms
ptxas info    : Compiling entry function '_ZN3aut7kernels12storage_gemvINS_7storage5e1m14ELi2EEEvPKNS2_5codecIT_E12storage_typeES9_mmmPd' for 'sm_90'
ptxas info    : Function properties for _ZN3aut7kernels12storage_gemvINS_7storage5e1m14ELi2EEEvPKNS2_5codecIT_E12storage_typeES9_mmmPd
    0 bytes stack frame, 0 bytes spill stores, 0 bytes spill loads
ptxas info    : Used 28 registers, used 1 barriers, 80 bytes smem
ptxas info    : Compile time = 8.040 ms
ptxas info    : Compiling entry function '_ZN3aut7kernels12storage_gemvINS_7storage5e1m14ELi1EEEvPKNS2_5codecIT_E12storage_typeES9_mmmPd' for 'sm_90'
ptxas info    : Function properties for _ZN3aut7kernels12storage_gemvINS_7storage5e1m14ELi1EEEvPKNS2_5codecIT_E12storage_typeES9_mmmPd
    0 bytes stack frame, 0 bytes spill stores, 0 bytes spill loads
ptxas info    : Used 26 registers, used 1 barriers, 80 bytes smem
ptxas info    : Compile time = 6.605 ms
ptxas info    : Compiling entry function '_ZN3aut7kernels12storage_gemvINS_7storage8fp8_e5m2ELi4EEEvPKNS2_5codecIT_E12storage_typeES9_mmmPd' for 'sm_90'
ptxas info    : Function properties for _ZN3aut7kernels12storage_gemvINS_7storage8fp8_e5m2ELi4EEEvPKNS2_5codecIT_E12storage_typeES9_mmmPd
    0 bytes stack frame, 0 bytes spill stores, 0 bytes spill loads
ptxas info    : Used 28 registers, used 1 barriers, 80 bytes smem
ptxas info    : Compile time = 4.825 ms
ptxas info    : Compiling entry function '_ZN3aut7kernels12storage_gemvINS_7storage8fp8_e5m2ELi2EEEvPKNS2_5codecIT_E12storage_typeES9_mmmPd' for 'sm_90'
ptxas info    : Function properties for _ZN3aut7kernels12storage_gemvINS_7storage8fp8_e5m2ELi2EEEvPKNS2_5codecIT_E12storage_typeES9_mmmPd
    0 bytes stack frame, 0 bytes spill stores, 0 bytes spill loads
ptxas info    : Used 25 registers, used 1 barriers, 80 bytes smem
ptxas info    : Compile time = 4.402 ms
ptxas info    : Compiling entry function '_ZN3aut7kernels12storage_gemvINS_7storage8fp8_e5m2ELi1EEEvPKNS2_5codecIT_E12storage_typeES9_mmmPd' for 'sm_90'
ptxas info    : Function properties for _ZN3aut7kernels12storage_gemvINS_7storage8fp8_e5m2ELi1EEEvPKNS2_5codecIT_E12storage_typeES9_mmmPd
    0 bytes stack frame, 0 bytes spill stores, 0 bytes spill loads
ptxas info    : Used 21 registers, used 1 barriers, 80 bytes smem
ptxas info    : Compile time = 4.108 ms
ptxas info    : Compiling entry function '_ZN3aut7kernels12storage_gemvINS_7storage8fp8_e4m3ELi4EEEvPKNS2_5codecIT_E12storage_typeES9_mmmPd' for 'sm_90'
ptxas info    : Function properties for _ZN3aut7kernels12storage_gemvINS_7storage8fp8_e4m3ELi4EEEvPKNS2_5codecIT_E12storage_typeES9_mmmPd
    0 bytes stack frame, 0 bytes spill stores, 0 bytes spill loads
ptxas info    : Used 28 registers, used 1 barriers, 80 bytes smem
ptxas info    : Compile time = 4.833 ms
ptxas info    : Compiling entry function '_ZN3aut7kernels12storage_gemvINS_7storage8fp8_e4m3ELi2EEEvPKNS2_5codecIT_E12storage_typeES9_mmmPd' for 'sm_90'
ptxas info    : Function properties for _ZN3aut7kernels12storage_gemvINS_7storage8fp8_e4m3ELi2EEEvPKNS2_5codecIT_E12storage_typeES9_mmmPd
    0 bytes stack frame, 0 bytes spill stores, 0 bytes spill loads
ptxas info    : Used 25 registers, used 1 barriers, 80 bytes smem
ptxas info    : Compile time = 4.411 ms
ptxas info    : Compiling entry function '_ZN3aut7kernels12storage_gemvINS_7storage8fp8_e4m3ELi1EEEvPKNS2_5codecIT_E12storage_typeES9_mmmPd' for 'sm_90'
ptxas info    : Function properties for _ZN3aut7kernels12storage_gemvINS_7storage8fp8_e4m3ELi1EEEvPKNS2_5codecIT_E12storage_typeES9_mmmPd
    0 bytes stack frame, 0 bytes spill stores, 0 bytes spill loads
ptxas info    : Used 21 registers, used 1 barriers, 80 bytes smem
ptxas info    : Compile time = 4.111 ms
ptxas info    : Compiling entry function '_ZN3aut7kernels12storage_gemvINS_7storage4e3m4ELi4EEEvPKNS2_5codecIT_E12storage_typeES9_mmmPd' for 'sm_90'
ptxas info    : Function properties for _ZN3aut7kernels12storage_gemvINS_7storage4e3m4ELi4EEEvPKNS2_5codecIT_E12storage_typeES9_mmmPd
    0 bytes stack frame, 0 bytes spill stores, 0 bytes spill loads
ptxas info    : Used 37 registers, used 1 barriers, 80 bytes smem
ptxas info    : Compile time = 11.446 ms
ptxas info    : Compiling entry function '_ZN3aut7kernels12storage_gemvINS_7storage4e3m4ELi2EEEvPKNS2_5codecIT_E12storage_typeES9_mmmPd' for 'sm_90'
ptxas info    : Function properties for _ZN3aut7kernels12storage_gemvINS_7storage4e3m4ELi2EEEvPKNS2_5codecIT_E12storage_typeES9_mmmPd
    0 bytes stack frame, 0 bytes spill stores, 0 bytes spill loads
ptxas info    : Used 27 registers, used 1 barriers, 80 bytes smem
ptxas info    : Compile time = 8.454 ms
ptxas info    : Compiling entry function '_ZN3aut7kernels12storage_gemvINS_7storage4e3m4ELi1EEEvPKNS2_5codecIT_E12storage_typeES9_mmmPd' for 'sm_90'
ptxas info    : Function properties for _ZN3aut7kernels12storage_gemvINS_7storage4e3m4ELi1EEEvPKNS2_5codecIT_E12storage_typeES9_mmmPd
    0 bytes stack frame, 0 bytes spill stores, 0 bytes spill loads
ptxas info    : Used 22 registers, used 1 barriers, 80 bytes smem
ptxas info    : Compile time = 6.948 ms
ptxas info    : Compiling entry function '_ZN3aut7kernels12storage_gemvINS_7storage4e2m5ELi4EEEvPKNS2_5codecIT_E12storage_typeES9_mmmPd' for 'sm_90'
ptxas info    : Function properties for _ZN3aut7kernels12storage_gemvINS_7storage4e2m5ELi4EEEvPKNS2_5codecIT_E12storage_typeES9_mmmPd
    0 bytes stack frame, 0 bytes spill stores, 0 bytes spill loads
ptxas info    : Used 37 registers, used 1 barriers, 80 bytes smem
ptxas info    : Compile time = 11.232 ms
ptxas info    : Compiling entry function '_ZN3aut7kernels12storage_gemvINS_7storage4e2m5ELi2EEEvPKNS2_5codecIT_E12storage_typeES9_mmmPd' for 'sm_90'
ptxas info    : Function properties for _ZN3aut7kernels12storage_gemvINS_7storage4e2m5ELi2EEEvPKNS2_5codecIT_E12storage_typeES9_mmmPd
    0 bytes stack frame, 0 bytes spill stores, 0 bytes spill loads
ptxas info    : Used 27 registers, used 1 barriers, 80 bytes smem
ptxas info    : Compile time = 8.457 ms
ptxas info    : Compiling entry function '_ZN3aut7kernels12storage_gemvINS_7storage4e2m5ELi1EEEvPKNS2_5codecIT_E12storage_typeES9_mmmPd' for 'sm_90'
ptxas info    : Function properties for _ZN3aut7kernels12storage_gemvINS_7storage4e2m5ELi1EEEvPKNS2_5codecIT_E12storage_typeES9_mmmPd
    0 bytes stack frame, 0 bytes spill stores, 0 bytes spill loads
ptxas info    : Used 22 registers, used 1 barriers, 80 bytes smem
ptxas info    : Compile time = 6.925 ms
ptxas info    : Compiling entry function '_ZN3aut7kernels12storage_gemvINS_7storage4e1m6ELi4EEEvPKNS2_5codecIT_E12storage_typeES9_mmmPd' for 'sm_90'
ptxas info    : Function properties for _ZN3aut7kernels12storage_gemvINS_7storage4e1m6ELi4EEEvPKNS2_5codecIT_E12storage_typeES9_mmmPd
    0 bytes stack frame, 0 bytes spill stores, 0 bytes spill loads
ptxas info    : Used 39 registers, used 1 barriers, 80 bytes smem
ptxas info    : Compile time = 10.569 ms
ptxas info    : Compiling entry function '_ZN3aut7kernels12storage_gemvINS_7storage4e1m6ELi2EEEvPKNS2_5codecIT_E12storage_typeES9_mmmPd' for 'sm_90'
ptxas info    : Function properties for _ZN3aut7kernels12storage_gemvINS_7storage4e1m6ELi2EEEvPKNS2_5codecIT_E12storage_typeES9_mmmPd
    0 bytes stack frame, 0 bytes spill stores, 0 bytes spill loads
ptxas info    : Used 30 registers, used 1 barriers, 80 bytes smem
ptxas info    : Compile time = 8.035 ms
ptxas info    : Compiling entry function '_ZN3aut7kernels12storage_gemvINS_7storage4e1m6ELi1EEEvPKNS2_5codecIT_E12storage_typeES9_mmmPd' for 'sm_90'
ptxas info    : Function properties for _ZN3aut7kernels12storage_gemvINS_7storage4e1m6ELi1EEEvPKNS2_5codecIT_E12storage_typeES9_mmmPd
    0 bytes stack frame, 0 bytes spill stores, 0 bytes spill loads
ptxas info    : Used 26 registers, used 1 barriers, 80 bytes smem
ptxas info    : Compile time = 6.561 ms
ptxas info    : Compiling entry function '_ZN3aut7kernels20storage_dot_finalizeEPKdmPd' for 'sm_90'
ptxas info    : Function properties for _ZN3aut7kernels20storage_dot_finalizeEPKdmPd
    0 bytes stack frame, 0 bytes spill stores, 0 bytes spill loads
ptxas info    : Used 18 registers, used 1 barriers, 80 bytes smem
ptxas info    : Compile time = 2.817 ms
[100%] Linking CUDA executable bin/accuracy_simulation
[100%] Built target accuracy_simulation
[100%] Built target memory_accessor_test
[100%] Built target storage_formats_test
[ 50%] Building CXX object CMakeFiles/accuracy_statistics_test.dir/tests/accuracy_statistics_test.cpp.o
[100%] Linking CXX executable bin/accuracy_statistics_test
[100%] Built target accuracy_statistics_test
Internal ctest changing into directory: /storage/home/timofeirusanov/accessor_universal_test/build-h200
Test project /storage/home/timofeirusanov/accessor_universal_test/build-h200
    Start 1: memory_accessor_test
1/3 Test #1: memory_accessor_test .............   Passed    0.00 sec
    Start 2: storage_formats_test
2/3 Test #2: storage_formats_test .............   Passed    0.00 sec
    Start 3: accuracy_statistics_test
3/3 Test #3: accuracy_statistics_test .........   Passed    0.00 sec

100% tests passed, 0 tests failed out of 3

Total Test time (real) =   0.01 sec
GPU accuracy simulation
GPU: NVIDIA H200 NVL (sm_90)
DOT powers: 10,14,18,22, samples per case: 8192
GEMV powers: 8,10,12,14,16, M=1024, replicates: 16
Workspace: 12 GiB (139.279 GiB free of 139.793 GiB)
DOT uniform_0_1 e1m6 N=2^10 samples=8192 chunk=8192
DOT uniform_0_1 e1m6 N=2^14 samples=8192 chunk=8192
DOT uniform_0_1 e1m6 N=2^18 samples=8192 chunk=1532
DOT uniform_0_1 e1m6 N=2^22 samples=8192 chunk=95
DOT normal_0_1 e1m6 N=2^10 samples=8192 chunk=8192
DOT normal_0_1 e1m6 N=2^14 samples=8192 chunk=8192
DOT normal_0_1 e1m6 N=2^18 samples=8192 chunk=1532
DOT normal_0_1 e1m6 N=2^22 samples=8192 chunk=95
DOT uniform_0_1 e2m5 N=2^10 samples=8192 chunk=8192
DOT uniform_0_1 e2m5 N=2^14 samples=8192 chunk=8192
DOT uniform_0_1 e2m5 N=2^18 samples=8192 chunk=1532
DOT uniform_0_1 e2m5 N=2^22 samples=8192 chunk=95
DOT normal_0_1 e2m5 N=2^10 samples=8192 chunk=8192
DOT normal_0_1 e2m5 N=2^14 samples=8192 chunk=8192
DOT normal_0_1 e2m5 N=2^18 samples=8192 chunk=1532
DOT normal_0_1 e2m5 N=2^22 samples=8192 chunk=95
DOT uniform_0_1 e3m4 N=2^10 samples=8192 chunk=8192
DOT uniform_0_1 e3m4 N=2^14 samples=8192 chunk=8192
DOT uniform_0_1 e3m4 N=2^18 samples=8192 chunk=1532
DOT uniform_0_1 e3m4 N=2^22 samples=8192 chunk=95
DOT normal_0_1 e3m4 N=2^10 samples=8192 chunk=8192
DOT normal_0_1 e3m4 N=2^14 samples=8192 chunk=8192
DOT normal_0_1 e3m4 N=2^18 samples=8192 chunk=1532
DOT normal_0_1 e3m4 N=2^22 samples=8192 chunk=95
DOT uniform_0_1 fp8_e4m3 N=2^10 samples=8192 chunk=8192
DOT uniform_0_1 fp8_e4m3 N=2^14 samples=8192 chunk=8192
DOT uniform_0_1 fp8_e4m3 N=2^18 samples=8192 chunk=1532
DOT uniform_0_1 fp8_e4m3 N=2^22 samples=8192 chunk=95
DOT normal_0_1 fp8_e4m3 N=2^10 samples=8192 chunk=8192
DOT normal_0_1 fp8_e4m3 N=2^14 samples=8192 chunk=8192
DOT normal_0_1 fp8_e4m3 N=2^18 samples=8192 chunk=1532
DOT normal_0_1 fp8_e4m3 N=2^22 samples=8192 chunk=95
DOT uniform_0_1 fp8_e5m2 N=2^10 samples=8192 chunk=8192
DOT uniform_0_1 fp8_e5m2 N=2^14 samples=8192 chunk=8192
DOT uniform_0_1 fp8_e5m2 N=2^18 samples=8192 chunk=1532
DOT uniform_0_1 fp8_e5m2 N=2^22 samples=8192 chunk=95
DOT normal_0_1 fp8_e5m2 N=2^10 samples=8192 chunk=8192
DOT normal_0_1 fp8_e5m2 N=2^14 samples=8192 chunk=8192
DOT normal_0_1 fp8_e5m2 N=2^18 samples=8192 chunk=1532
DOT normal_0_1 fp8_e5m2 N=2^22 samples=8192 chunk=95
DOT uniform_0_1 e1m14 N=2^10 samples=8192 chunk=8192
DOT uniform_0_1 e1m14 N=2^14 samples=8192 chunk=8192
DOT uniform_0_1 e1m14 N=2^18 samples=8192 chunk=1532
DOT uniform_0_1 e1m14 N=2^22 samples=8192 chunk=95
DOT normal_0_1 e1m14 N=2^10 samples=8192 chunk=8192
DOT normal_0_1 e1m14 N=2^14 samples=8192 chunk=8192
DOT normal_0_1 e1m14 N=2^18 samples=8192 chunk=1532
DOT normal_0_1 e1m14 N=2^22 samples=8192 chunk=95
DOT uniform_0_1 e2m13 N=2^10 samples=8192 chunk=8192
DOT uniform_0_1 e2m13 N=2^14 samples=8192 chunk=8192
DOT uniform_0_1 e2m13 N=2^18 samples=8192 chunk=1532
DOT uniform_0_1 e2m13 N=2^22 samples=8192 chunk=95
DOT normal_0_1 e2m13 N=2^10 samples=8192 chunk=8192
DOT normal_0_1 e2m13 N=2^14 samples=8192 chunk=8192
DOT normal_0_1 e2m13 N=2^18 samples=8192 chunk=1532
DOT normal_0_1 e2m13 N=2^22 samples=8192 chunk=95
DOT uniform_0_1 e3m12 N=2^10 samples=8192 chunk=8192
DOT uniform_0_1 e3m12 N=2^14 samples=8192 chunk=8192
DOT uniform_0_1 e3m12 N=2^18 samples=8192 chunk=1532
DOT uniform_0_1 e3m12 N=2^22 samples=8192 chunk=95
DOT normal_0_1 e3m12 N=2^10 samples=8192 chunk=8192
DOT normal_0_1 e3m12 N=2^14 samples=8192 chunk=8192
DOT normal_0_1 e3m12 N=2^18 samples=8192 chunk=1532
DOT normal_0_1 e3m12 N=2^22 samples=8192 chunk=95
DOT uniform_0_1 fp16_e5m10 N=2^10 samples=8192 chunk=8192
DOT uniform_0_1 fp16_e5m10 N=2^14 samples=8192 chunk=8192
DOT uniform_0_1 fp16_e5m10 N=2^18 samples=8192 chunk=1532
DOT uniform_0_1 fp16_e5m10 N=2^22 samples=8192 chunk=95
DOT normal_0_1 fp16_e5m10 N=2^10 samples=8192 chunk=8192
DOT normal_0_1 fp16_e5m10 N=2^14 samples=8192 chunk=8192
DOT normal_0_1 fp16_e5m10 N=2^18 samples=8192 chunk=1532
DOT normal_0_1 fp16_e5m10 N=2^22 samples=8192 chunk=95
DOT uniform_0_1 bf16_e8m7 N=2^10 samples=8192 chunk=8192
DOT uniform_0_1 bf16_e8m7 N=2^14 samples=8192 chunk=8192
DOT uniform_0_1 bf16_e8m7 N=2^18 samples=8192 chunk=1532
DOT uniform_0_1 bf16_e8m7 N=2^22 samples=8192 chunk=95
DOT normal_0_1 bf16_e8m7 N=2^10 samples=8192 chunk=8192
DOT normal_0_1 bf16_e8m7 N=2^14 samples=8192 chunk=8192
DOT normal_0_1 bf16_e8m7 N=2^18 samples=8192 chunk=1532
DOT normal_0_1 bf16_e8m7 N=2^22 samples=8192 chunk=95
DOT uniform_0_1 e11m4 N=2^10 samples=8192 chunk=8192
DOT uniform_0_1 e11m4 N=2^14 samples=8192 chunk=8192
DOT uniform_0_1 e11m4 N=2^18 samples=8192 chunk=1532
DOT uniform_0_1 e11m4 N=2^22 samples=8192 chunk=95
DOT normal_0_1 e11m4 N=2^10 samples=8192 chunk=8192
DOT normal_0_1 e11m4 N=2^14 samples=8192 chunk=8192
DOT normal_0_1 e11m4 N=2^18 samples=8192 chunk=1532
DOT normal_0_1 e11m4 N=2^22 samples=8192 chunk=95
DOT uniform_0_1 e1m30 N=2^10 samples=8192 chunk=8192
DOT uniform_0_1 e1m30 N=2^14 samples=8192 chunk=8192
DOT uniform_0_1 e1m30 N=2^18 samples=8192 chunk=1532
DOT uniform_0_1 e1m30 N=2^22 samples=8192 chunk=95
DOT normal_0_1 e1m30 N=2^10 samples=8192 chunk=8192
DOT normal_0_1 e1m30 N=2^14 samples=8192 chunk=8192
DOT normal_0_1 e1m30 N=2^18 samples=8192 chunk=1532
DOT normal_0_1 e1m30 N=2^22 samples=8192 chunk=95
DOT uniform_0_1 e2m29 N=2^10 samples=8192 chunk=8192
DOT uniform_0_1 e2m29 N=2^14 samples=8192 chunk=8192
DOT uniform_0_1 e2m29 N=2^18 samples=8192 chunk=1532
DOT uniform_0_1 e2m29 N=2^22 samples=8192 chunk=95
DOT normal_0_1 e2m29 N=2^10 samples=8192 chunk=8192
DOT normal_0_1 e2m29 N=2^14 samples=8192 chunk=8192
DOT normal_0_1 e2m29 N=2^18 samples=8192 chunk=1532
DOT normal_0_1 e2m29 N=2^22 samples=8192 chunk=95
DOT uniform_0_1 e3m28 N=2^10 samples=8192 chunk=8192
DOT uniform_0_1 e3m28 N=2^14 samples=8192 chunk=8192
DOT uniform_0_1 e3m28 N=2^18 samples=8192 chunk=1532
DOT uniform_0_1 e3m28 N=2^22 samples=8192 chunk=95
DOT normal_0_1 e3m28 N=2^10 samples=8192 chunk=8192
DOT normal_0_1 e3m28 N=2^14 samples=8192 chunk=8192
DOT normal_0_1 e3m28 N=2^18 samples=8192 chunk=1532
DOT normal_0_1 e3m28 N=2^22 samples=8192 chunk=95
DOT uniform_0_1 fp32_e8m23 N=2^10 samples=8192 chunk=8192
DOT uniform_0_1 fp32_e8m23 N=2^14 samples=8192 chunk=8192
DOT uniform_0_1 fp32_e8m23 N=2^18 samples=8192 chunk=1532
DOT uniform_0_1 fp32_e8m23 N=2^22 samples=8192 chunk=95
DOT normal_0_1 fp32_e8m23 N=2^10 samples=8192 chunk=8192
DOT normal_0_1 fp32_e8m23 N=2^14 samples=8192 chunk=8192
DOT normal_0_1 fp32_e8m23 N=2^18 samples=8192 chunk=1532
DOT normal_0_1 fp32_e8m23 N=2^22 samples=8192 chunk=95
DOT uniform_0_1 e11m20 N=2^10 samples=8192 chunk=8192
DOT uniform_0_1 e11m20 N=2^14 samples=8192 chunk=8192
DOT uniform_0_1 e11m20 N=2^18 samples=8192 chunk=1532
DOT uniform_0_1 e11m20 N=2^22 samples=8192 chunk=95
DOT normal_0_1 e11m20 N=2^10 samples=8192 chunk=8192
DOT normal_0_1 e11m20 N=2^14 samples=8192 chunk=8192
DOT normal_0_1 e11m20 N=2^18 samples=8192 chunk=1532
DOT normal_0_1 e11m20 N=2^22 samples=8192 chunk=95
DOT uniform_0_1 fp64_e11m52 N=2^10 samples=8192 chunk=8192
DOT uniform_0_1 fp64_e11m52 N=2^14 samples=8192 chunk=8192
DOT uniform_0_1 fp64_e11m52 N=2^18 samples=8192 chunk=1532
DOT uniform_0_1 fp64_e11m52 N=2^22 samples=8192 chunk=95
DOT normal_0_1 fp64_e11m52 N=2^10 samples=8192 chunk=8192
DOT normal_0_1 fp64_e11m52 N=2^14 samples=8192 chunk=8192
DOT normal_0_1 fp64_e11m52 N=2^18 samples=8192 chunk=1532
DOT normal_0_1 fp64_e11m52 N=2^22 samples=8192 chunk=95
GEMV uniform_0_1 e1m6 M=1024 N=2^8 replicates=16
GEMV uniform_0_1 e1m6 M=1024 N=2^10 replicates=16
GEMV uniform_0_1 e1m6 M=1024 N=2^12 replicates=16
GEMV uniform_0_1 e1m6 M=1024 N=2^14 replicates=16
GEMV uniform_0_1 e1m6 M=1024 N=2^16 replicates=16
GEMV normal_0_1 e1m6 M=1024 N=2^8 replicates=16
GEMV normal_0_1 e1m6 M=1024 N=2^10 replicates=16
GEMV normal_0_1 e1m6 M=1024 N=2^12 replicates=16
GEMV normal_0_1 e1m6 M=1024 N=2^14 replicates=16
GEMV normal_0_1 e1m6 M=1024 N=2^16 replicates=16
GEMV uniform_0_1 e2m5 M=1024 N=2^8 replicates=16
GEMV uniform_0_1 e2m5 M=1024 N=2^10 replicates=16
GEMV uniform_0_1 e2m5 M=1024 N=2^12 replicates=16
GEMV uniform_0_1 e2m5 M=1024 N=2^14 replicates=16
GEMV uniform_0_1 e2m5 M=1024 N=2^16 replicates=16
GEMV normal_0_1 e2m5 M=1024 N=2^8 replicates=16
GEMV normal_0_1 e2m5 M=1024 N=2^10 replicates=16
GEMV normal_0_1 e2m5 M=1024 N=2^12 replicates=16
GEMV normal_0_1 e2m5 M=1024 N=2^14 replicates=16
GEMV normal_0_1 e2m5 M=1024 N=2^16 replicates=16
GEMV uniform_0_1 e3m4 M=1024 N=2^8 replicates=16
GEMV uniform_0_1 e3m4 M=1024 N=2^10 replicates=16
GEMV uniform_0_1 e3m4 M=1024 N=2^12 replicates=16
GEMV uniform_0_1 e3m4 M=1024 N=2^14 replicates=16
GEMV uniform_0_1 e3m4 M=1024 N=2^16 replicates=16
GEMV normal_0_1 e3m4 M=1024 N=2^8 replicates=16
GEMV normal_0_1 e3m4 M=1024 N=2^10 replicates=16
GEMV normal_0_1 e3m4 M=1024 N=2^12 replicates=16
GEMV normal_0_1 e3m4 M=1024 N=2^14 replicates=16
GEMV normal_0_1 e3m4 M=1024 N=2^16 replicates=16
GEMV uniform_0_1 fp8_e4m3 M=1024 N=2^8 replicates=16
GEMV uniform_0_1 fp8_e4m3 M=1024 N=2^10 replicates=16
GEMV uniform_0_1 fp8_e4m3 M=1024 N=2^12 replicates=16
GEMV uniform_0_1 fp8_e4m3 M=1024 N=2^14 replicates=16
GEMV uniform_0_1 fp8_e4m3 M=1024 N=2^16 replicates=16
GEMV normal_0_1 fp8_e4m3 M=1024 N=2^8 replicates=16
GEMV normal_0_1 fp8_e4m3 M=1024 N=2^10 replicates=16
GEMV normal_0_1 fp8_e4m3 M=1024 N=2^12 replicates=16
GEMV normal_0_1 fp8_e4m3 M=1024 N=2^14 replicates=16
GEMV normal_0_1 fp8_e4m3 M=1024 N=2^16 replicates=16
GEMV uniform_0_1 fp8_e5m2 M=1024 N=2^8 replicates=16
GEMV uniform_0_1 fp8_e5m2 M=1024 N=2^10 replicates=16
GEMV uniform_0_1 fp8_e5m2 M=1024 N=2^12 replicates=16
GEMV uniform_0_1 fp8_e5m2 M=1024 N=2^14 replicates=16
GEMV uniform_0_1 fp8_e5m2 M=1024 N=2^16 replicates=16
GEMV normal_0_1 fp8_e5m2 M=1024 N=2^8 replicates=16
GEMV normal_0_1 fp8_e5m2 M=1024 N=2^10 replicates=16
GEMV normal_0_1 fp8_e5m2 M=1024 N=2^12 replicates=16
GEMV normal_0_1 fp8_e5m2 M=1024 N=2^14 replicates=16
GEMV normal_0_1 fp8_e5m2 M=1024 N=2^16 replicates=16
GEMV uniform_0_1 e1m14 M=1024 N=2^8 replicates=16
GEMV uniform_0_1 e1m14 M=1024 N=2^10 replicates=16
GEMV uniform_0_1 e1m14 M=1024 N=2^12 replicates=16
GEMV uniform_0_1 e1m14 M=1024 N=2^14 replicates=16
GEMV uniform_0_1 e1m14 M=1024 N=2^16 replicates=16
GEMV normal_0_1 e1m14 M=1024 N=2^8 replicates=16
GEMV normal_0_1 e1m14 M=1024 N=2^10 replicates=16
GEMV normal_0_1 e1m14 M=1024 N=2^12 replicates=16
GEMV normal_0_1 e1m14 M=1024 N=2^14 replicates=16
GEMV normal_0_1 e1m14 M=1024 N=2^16 replicates=16
GEMV uniform_0_1 e2m13 M=1024 N=2^8 replicates=16
GEMV uniform_0_1 e2m13 M=1024 N=2^10 replicates=16
GEMV uniform_0_1 e2m13 M=1024 N=2^12 replicates=16
GEMV uniform_0_1 e2m13 M=1024 N=2^14 replicates=16
GEMV uniform_0_1 e2m13 M=1024 N=2^16 replicates=16
GEMV normal_0_1 e2m13 M=1024 N=2^8 replicates=16
GEMV normal_0_1 e2m13 M=1024 N=2^10 replicates=16
GEMV normal_0_1 e2m13 M=1024 N=2^12 replicates=16
GEMV normal_0_1 e2m13 M=1024 N=2^14 replicates=16
GEMV normal_0_1 e2m13 M=1024 N=2^16 replicates=16
GEMV uniform_0_1 e3m12 M=1024 N=2^8 replicates=16
GEMV uniform_0_1 e3m12 M=1024 N=2^10 replicates=16
GEMV uniform_0_1 e3m12 M=1024 N=2^12 replicates=16
GEMV uniform_0_1 e3m12 M=1024 N=2^14 replicates=16
GEMV uniform_0_1 e3m12 M=1024 N=2^16 replicates=16
GEMV normal_0_1 e3m12 M=1024 N=2^8 replicates=16
GEMV normal_0_1 e3m12 M=1024 N=2^10 replicates=16
GEMV normal_0_1 e3m12 M=1024 N=2^12 replicates=16
GEMV normal_0_1 e3m12 M=1024 N=2^14 replicates=16
GEMV normal_0_1 e3m12 M=1024 N=2^16 replicates=16
GEMV uniform_0_1 fp16_e5m10 M=1024 N=2^8 replicates=16
GEMV uniform_0_1 fp16_e5m10 M=1024 N=2^10 replicates=16
GEMV uniform_0_1 fp16_e5m10 M=1024 N=2^12 replicates=16
GEMV uniform_0_1 fp16_e5m10 M=1024 N=2^14 replicates=16
GEMV uniform_0_1 fp16_e5m10 M=1024 N=2^16 replicates=16
GEMV normal_0_1 fp16_e5m10 M=1024 N=2^8 replicates=16
GEMV normal_0_1 fp16_e5m10 M=1024 N=2^10 replicates=16
GEMV normal_0_1 fp16_e5m10 M=1024 N=2^12 replicates=16
GEMV normal_0_1 fp16_e5m10 M=1024 N=2^14 replicates=16
GEMV normal_0_1 fp16_e5m10 M=1024 N=2^16 replicates=16
GEMV uniform_0_1 bf16_e8m7 M=1024 N=2^8 replicates=16
GEMV uniform_0_1 bf16_e8m7 M=1024 N=2^10 replicates=16
GEMV uniform_0_1 bf16_e8m7 M=1024 N=2^12 replicates=16
GEMV uniform_0_1 bf16_e8m7 M=1024 N=2^14 replicates=16
GEMV uniform_0_1 bf16_e8m7 M=1024 N=2^16 replicates=16
GEMV normal_0_1 bf16_e8m7 M=1024 N=2^8 replicates=16
GEMV normal_0_1 bf16_e8m7 M=1024 N=2^10 replicates=16
GEMV normal_0_1 bf16_e8m7 M=1024 N=2^12 replicates=16
GEMV normal_0_1 bf16_e8m7 M=1024 N=2^14 replicates=16
GEMV normal_0_1 bf16_e8m7 M=1024 N=2^16 replicates=16
GEMV uniform_0_1 e11m4 M=1024 N=2^8 replicates=16
GEMV uniform_0_1 e11m4 M=1024 N=2^10 replicates=16
GEMV uniform_0_1 e11m4 M=1024 N=2^12 replicates=16
GEMV uniform_0_1 e11m4 M=1024 N=2^14 replicates=16
GEMV uniform_0_1 e11m4 M=1024 N=2^16 replicates=16
GEMV normal_0_1 e11m4 M=1024 N=2^8 replicates=16
GEMV normal_0_1 e11m4 M=1024 N=2^10 replicates=16
GEMV normal_0_1 e11m4 M=1024 N=2^12 replicates=16
GEMV normal_0_1 e11m4 M=1024 N=2^14 replicates=16
GEMV normal_0_1 e11m4 M=1024 N=2^16 replicates=16
GEMV uniform_0_1 e1m30 M=1024 N=2^8 replicates=16
GEMV uniform_0_1 e1m30 M=1024 N=2^10 replicates=16
GEMV uniform_0_1 e1m30 M=1024 N=2^12 replicates=16
GEMV uniform_0_1 e1m30 M=1024 N=2^14 replicates=16
GEMV uniform_0_1 e1m30 M=1024 N=2^16 replicates=16
GEMV normal_0_1 e1m30 M=1024 N=2^8 replicates=16
GEMV normal_0_1 e1m30 M=1024 N=2^10 replicates=16
GEMV normal_0_1 e1m30 M=1024 N=2^12 replicates=16
GEMV normal_0_1 e1m30 M=1024 N=2^14 replicates=16
GEMV normal_0_1 e1m30 M=1024 N=2^16 replicates=16
GEMV uniform_0_1 e2m29 M=1024 N=2^8 replicates=16
GEMV uniform_0_1 e2m29 M=1024 N=2^10 replicates=16
GEMV uniform_0_1 e2m29 M=1024 N=2^12 replicates=16
GEMV uniform_0_1 e2m29 M=1024 N=2^14 replicates=16
GEMV uniform_0_1 e2m29 M=1024 N=2^16 replicates=16
GEMV normal_0_1 e2m29 M=1024 N=2^8 replicates=16
GEMV normal_0_1 e2m29 M=1024 N=2^10 replicates=16
GEMV normal_0_1 e2m29 M=1024 N=2^12 replicates=16
GEMV normal_0_1 e2m29 M=1024 N=2^14 replicates=16
GEMV normal_0_1 e2m29 M=1024 N=2^16 replicates=16
GEMV uniform_0_1 e3m28 M=1024 N=2^8 replicates=16
GEMV uniform_0_1 e3m28 M=1024 N=2^10 replicates=16
GEMV uniform_0_1 e3m28 M=1024 N=2^12 replicates=16
GEMV uniform_0_1 e3m28 M=1024 N=2^14 replicates=16
GEMV uniform_0_1 e3m28 M=1024 N=2^16 replicates=16
GEMV normal_0_1 e3m28 M=1024 N=2^8 replicates=16
GEMV normal_0_1 e3m28 M=1024 N=2^10 replicates=16
GEMV normal_0_1 e3m28 M=1024 N=2^12 replicates=16
GEMV normal_0_1 e3m28 M=1024 N=2^14 replicates=16
GEMV normal_0_1 e3m28 M=1024 N=2^16 replicates=16
GEMV uniform_0_1 fp32_e8m23 M=1024 N=2^8 replicates=16
GEMV uniform_0_1 fp32_e8m23 M=1024 N=2^10 replicates=16
GEMV uniform_0_1 fp32_e8m23 M=1024 N=2^12 replicates=16
GEMV uniform_0_1 fp32_e8m23 M=1024 N=2^14 replicates=16
GEMV uniform_0_1 fp32_e8m23 M=1024 N=2^16 replicates=16
GEMV normal_0_1 fp32_e8m23 M=1024 N=2^8 replicates=16
GEMV normal_0_1 fp32_e8m23 M=1024 N=2^10 replicates=16
GEMV normal_0_1 fp32_e8m23 M=1024 N=2^12 replicates=16
GEMV normal_0_1 fp32_e8m23 M=1024 N=2^14 replicates=16
GEMV normal_0_1 fp32_e8m23 M=1024 N=2^16 replicates=16
GEMV uniform_0_1 e11m20 M=1024 N=2^8 replicates=16
GEMV uniform_0_1 e11m20 M=1024 N=2^10 replicates=16
GEMV uniform_0_1 e11m20 M=1024 N=2^12 replicates=16
GEMV uniform_0_1 e11m20 M=1024 N=2^14 replicates=16
GEMV uniform_0_1 e11m20 M=1024 N=2^16 replicates=16
GEMV normal_0_1 e11m20 M=1024 N=2^8 replicates=16
GEMV normal_0_1 e11m20 M=1024 N=2^10 replicates=16
GEMV normal_0_1 e11m20 M=1024 N=2^12 replicates=16
GEMV normal_0_1 e11m20 M=1024 N=2^14 replicates=16
GEMV normal_0_1 e11m20 M=1024 N=2^16 replicates=16
GEMV uniform_0_1 fp64_e11m52 M=1024 N=2^8 replicates=16
GEMV uniform_0_1 fp64_e11m52 M=1024 N=2^10 replicates=16
GEMV uniform_0_1 fp64_e11m52 M=1024 N=2^12 replicates=16
GEMV uniform_0_1 fp64_e11m52 M=1024 N=2^14 replicates=16
GEMV uniform_0_1 fp64_e11m52 M=1024 N=2^16 replicates=16
GEMV normal_0_1 fp64_e11m52 M=1024 N=2^8 replicates=16
GEMV normal_0_1 fp64_e11m52 M=1024 N=2^10 replicates=16
GEMV normal_0_1 fp64_e11m52 M=1024 N=2^12 replicates=16
GEMV normal_0_1 fp64_e11m52 M=1024 N=2^14 replicates=16
GEMV normal_0_1 fp64_e11m52 M=1024 N=2^16 replicates=16
Wrote simulation data to /storage/home/timofeirusanov/accessor_universal_test/results/007_gpu_accuracy_simulation/run_20260808T122054Z
Validated 306 cases, 2142 comparisons, 182070 quantile rows, and 49504 batch rows.
MSE convergence target: 5.0%; review=431/1566.
Wrote /storage/home/timofeirusanov/accessor_universal_test/results/007_gpu_accuracy_simulation/run_20260808T122054Z/convergence_report.csv

GPU accuracy simulation complete:
  /storage/home/timofeirusanov/accessor_universal_test/results/007_gpu_accuracy_simulation/run_20260808T122054Z
  /storage/home/timofeirusanov/accessor_universal_test/results/007_gpu_accuracy_simulation/run_20260808T122054Z/simulation_summary.csv
  /storage/home/timofeirusanov/accessor_universal_test/results/007_gpu_accuracy_simulation/run_20260808T122054Z/empirical_quantiles.csv
  /storage/home/timofeirusanov/accessor_universal_test/results/007_gpu_accuracy_simulation/run_20260808T122054Z/batch_estimates.csv
  /storage/home/timofeirusanov/accessor_universal_test/results/007_gpu_accuracy_simulation/run_20260808T122054Z/convergence_report.csv
