/storage/home/timofeirusanov/accessor_universal_test_instruction_cost/results/032_instruction_cost_sweep/preflight_460399/instruction_cost.sass.txt: OK
/storage/home/timofeirusanov/accessor_universal_test_instruction_cost/results/032_instruction_cost_sweep/preflight_460399/assembly_audit.json: OK
progress stage=initial round=1/50 cases=72/3600 elapsed_s=0.186248
progress stage=initial round=2/50 cases=144/3600 elapsed_s=0.204284
progress stage=initial round=3/50 cases=216/3600 elapsed_s=0.222299
progress stage=initial round=4/50 cases=288/3600 elapsed_s=0.240317
progress stage=initial round=5/50 cases=360/3600 elapsed_s=0.25834
progress stage=initial round=6/50 cases=432/3600 elapsed_s=0.276341
progress stage=initial round=7/50 cases=504/3600 elapsed_s=0.294365
progress stage=initial round=8/50 cases=576/3600 elapsed_s=0.312379
progress stage=initial round=9/50 cases=648/3600 elapsed_s=0.3304
progress stage=initial round=10/50 cases=720/3600 elapsed_s=0.348394
progress stage=initial round=11/50 cases=792/3600 elapsed_s=0.366424
progress stage=initial round=12/50 cases=864/3600 elapsed_s=0.384439
progress stage=initial round=13/50 cases=936/3600 elapsed_s=0.402466
progress stage=initial round=14/50 cases=1008/3600 elapsed_s=0.420504
progress stage=initial round=15/50 cases=1080/3600 elapsed_s=0.438544
progress stage=initial round=16/50 cases=1152/3600 elapsed_s=0.456556
progress stage=initial round=17/50 cases=1224/3600 elapsed_s=0.474588
progress stage=initial round=18/50 cases=1296/3600 elapsed_s=0.492597
progress stage=initial round=19/50 cases=1368/3600 elapsed_s=0.510609
progress stage=initial round=20/50 cases=1440/3600 elapsed_s=0.528624
progress stage=initial round=21/50 cases=1512/3600 elapsed_s=0.546654
progress stage=initial round=22/50 cases=1584/3600 elapsed_s=0.564702
progress stage=initial round=23/50 cases=1656/3600 elapsed_s=0.582735
progress stage=initial round=24/50 cases=1728/3600 elapsed_s=0.600756
progress stage=initial round=25/50 cases=1800/3600 elapsed_s=0.618804
progress stage=initial round=26/50 cases=1872/3600 elapsed_s=0.636847
progress stage=initial round=27/50 cases=1944/3600 elapsed_s=0.654869
progress stage=initial round=28/50 cases=2016/3600 elapsed_s=0.672882
progress stage=initial round=29/50 cases=2088/3600 elapsed_s=0.690893
progress stage=initial round=30/50 cases=2160/3600 elapsed_s=0.708892
progress stage=initial round=31/50 cases=2232/3600 elapsed_s=0.726894
progress stage=initial round=32/50 cases=2304/3600 elapsed_s=0.744918
progress stage=initial round=33/50 cases=2376/3600 elapsed_s=0.762973
progress stage=initial round=34/50 cases=2448/3600 elapsed_s=0.780982
progress stage=initial round=35/50 cases=2520/3600 elapsed_s=0.799175
progress stage=initial round=36/50 cases=2592/3600 elapsed_s=0.817212
progress stage=initial round=37/50 cases=2664/3600 elapsed_s=0.835256
progress stage=initial round=38/50 cases=2736/3600 elapsed_s=0.853264
progress stage=initial round=39/50 cases=2808/3600 elapsed_s=0.871283
progress stage=initial round=40/50 cases=2880/3600 elapsed_s=0.889291
progress stage=initial round=41/50 cases=2952/3600 elapsed_s=0.907304
progress stage=initial round=42/50 cases=3024/3600 elapsed_s=0.925307
progress stage=initial round=43/50 cases=3096/3600 elapsed_s=0.943317
progress stage=initial round=44/50 cases=3168/3600 elapsed_s=0.961354
progress stage=initial round=45/50 cases=3240/3600 elapsed_s=0.979388
progress stage=initial round=46/50 cases=3312/3600 elapsed_s=0.997432
progress stage=initial round=47/50 cases=3384/3600 elapsed_s=1.01546
progress stage=initial round=48/50 cases=3456/3600 elapsed_s=1.03349
progress stage=initial round=49/50 cases=3528/3600 elapsed_s=1.05153
progress stage=initial round=50/50 cases=3600/3600 elapsed_s=1.06956
Traceback (most recent call last):
  File "/storage/home/timofeirusanov/accessor_universal_test_instruction_cost/tools/analyze_instruction_cost_sweep.py", line 6, in <module>
    import matplotlib.pyplot as plt
ModuleNotFoundError: No module named 'matplotlib'
